Component: ARM Compiler 5.06 update 7 (build 960) Tool: armlink [4d3601]

==============================================================================

Section Cross References

    main.o(i.HAL_GetTick) refers to rtx_kernel.o(i.osKernelGetState) for osKernelGetState
    main.o(i.HAL_GetTick) refers to rtx_kernel.o(i.osKernelGetTickCount) for osKernelGetTickCount
    main.o(i.HAL_GetTick) refers to system_stm32f4xx_1.o(.data) for SystemCoreClock
    main.o(i.HAL_GetTick) refers to main.o(.data) for ticks
    main.o(i.SystemClock_Config) refers to stm32f4xx_hal_rcc.o(i.HAL_RCC_OscConfig) for HAL_RCC_OscConfig
    main.o(i.SystemClock_Config) refers to main.o(i.Error_Handler) for Error_Handler
    main.o(i.SystemClock_Config) refers to stm32f4xx_hal_rcc.o(i.HAL_RCC_ClockConfig) for HAL_RCC_ClockConfig
    main.o(i.SystemClock_Config) refers to stm32f4xx_hal.o(i.HAL_GetREVID) for HAL_GetREVID
    main.o(i.main) refers to stm32f4xx_hal.o(i.HAL_Init) for HAL_Init
    main.o(i.main) refers to main.o(i.SystemClock_Config) for SystemClock_Config
    main.o(i.main) refers to system_stm32f4xx_1.o(i.SystemCoreClockUpdate) for SystemCoreClockUpdate
    main.o(i.main) refers to rtx_kernel.o(i.osKernelInitialize) for osKernelInitialize
    main.o(i.main) refers to rtx_thread.o(i.osThreadNew) for osThreadNew
    main.o(i.main) refers to rtx_kernel.o(i.osKernelStart) for osKernelStart
    main.o(i.main) refers to http_server.o(.constdata) for app_main_attr
    main.o(i.main) refers to http_server.o(i.app_main) for app_main
    http_server.o(i.BlinkLed) refers to rtx_delay.o(i.osDelay) for osDelay
    http_server.o(i.BlinkLed) refers to http_server.o(.data) for LEDrun
    http_server.o(i.Display) refers to rtx_thread.o(i.osThreadFlagsWait) for osThreadFlagsWait
    http_server.o(i.app_main) refers to lcd.o(i.Init_Thlcd) for Init_Thlcd
    http_server.o(i.app_main) refers to http_server_cgi.o(i.Init_MsgQueue_lcd) for Init_MsgQueue_lcd
    http_server.o(i.app_main) refers to net_sys.o(i.netInitialize) for netInitialize
    http_server.o(i.app_main) refers to rtx_thread.o(i.osThreadNew) for osThreadNew
    http_server.o(i.app_main) refers to rtx_thread.o(i.osThreadExit) for osThreadExit
    http_server.o(i.app_main) refers to http_server.o(i.BlinkLed) for BlinkLed
    http_server.o(i.app_main) refers to http_server.o(.data) for TID_Led
    http_server.o(i.app_main) refers to http_server.o(i.Display) for Display
    http_server.o(i.netDHCP_Notify) refers to rtx_thread.o(i.osThreadFlagsSet) for osThreadFlagsSet
    http_server.o(i.netDHCP_Notify) refers to http_server.o(.data) for TID_Display
    http_server.o(.constdata) refers to http_server.o(.bss) for app_main_stk
    http_server_cgi.o(i.Init_MsgQueue_lcd) refers to rtx_msgqueue.o(i.osMessageQueueNew) for osMessageQueueNew
    http_server_cgi.o(i.Init_MsgQueue_lcd) refers to http_server_cgi.o(.data) for mid_MsgQueue_lcd
    http_server_cgi.o(i.leds_out) refers to stm32f4xx_hal_gpio.o(i.HAL_GPIO_Init) for HAL_GPIO_Init
    http_server_cgi.o(i.leds_out) refers to http_server_cgi.o(.bss) for GPIO_InitStruct
    http_server_cgi.o(i.netCGI_ProcessData) refers to http_server_cgi.o(i.pines_leds) for pines_leds
    http_server_cgi.o(i.netCGI_ProcessData) refers to http_server_cgi.o(i.leds_out) for leds_out
    http_server_cgi.o(i.netCGI_ProcessData) refers to stm32f4xx_hal_gpio.o(i.HAL_GPIO_WritePin) for HAL_GPIO_WritePin
    http_server_cgi.o(i.netCGI_ProcessData) refers to net_http_server.o(i.netCGI_GetEnvVar) for netCGI_GetEnvVar
    http_server_cgi.o(i.netCGI_ProcessData) refers to strcmp.o(.text) for strcmp
    http_server_cgi.o(i.netCGI_ProcessData) refers to strncmp.o(.text) for strncmp
    http_server_cgi.o(i.netCGI_ProcessData) refers to net_http_server.o(i.netHTTPs_LoginActive) for netHTTPs_LoginActive
    http_server_cgi.o(i.netCGI_ProcessData) refers to strcpy.o(.text) for strcpy
    http_server_cgi.o(i.netCGI_ProcessData) refers to net_http_server.o(i.netHTTPs_SetPassword) for netHTTPs_SetPassword
    http_server_cgi.o(i.netCGI_ProcessData) refers to printfa.o(i.__0sprintf) for __2sprintf
    http_server_cgi.o(i.netCGI_ProcessData) refers to rtx_thread.o(i.osThreadFlagsSet) for osThreadFlagsSet
    http_server_cgi.o(i.netCGI_ProcessData) refers to rtx_msgqueue.o(i.osMessageQueuePut) for osMessageQueuePut
    http_server_cgi.o(i.netCGI_ProcessData) refers to http_server_cgi.o(.data) for P2
    http_server_cgi.o(i.netCGI_ProcessData) refers to http_server.o(.data) for LEDrun
    http_server_cgi.o(i.netCGI_ProcessData) refers to http_server_cgi.o(.bss) for msg_lcd
    http_server_cgi.o(i.netCGI_ProcessData) refers to lcd.o(.data) for tid_Thlcd
    http_server_cgi.o(i.netCGI_ProcessQuery) refers to net_http_server.o(i.netCGI_GetEnvVar) for netCGI_GetEnvVar
    http_server_cgi.o(i.netCGI_ProcessQuery) refers to net_addr.o(i.netIP_aton) for netIP_aton
    http_server_cgi.o(i.netCGI_ProcessQuery) refers to net_sys.o(i.netIF_SetOption) for netIF_SetOption
[...]
    0x08000a2c   0x08000a2c   0x0000001a   Code   RO         8117    .text               mc_w.l(memcmp.o)
    0x08000a46   0x08000a46   0x00000012   Code   RO         8119    .text               mc_w.l(strcpy.o)
    0x08000a58   0x08000a58   0x0000001e   Code   RO         8121    .text               mc_w.l(strncmp.o)
    0x08000a76   0x08000a76   0x00000064   Code   RO         8386    .text               mf_w.l(fmul.o)
    0x08000ada   0x08000ada   0x000000de   Code   RO         8388    .text               mf_w.l(ddiv.o)
    0x08000bb8   0x08000bb8   0x0000000a   Code   RO         8390    .text               mf_w.l(ffltui.o)
    0x08000bc2   0x08000bc2   0x00000026   Code   RO         8392    .text               mf_w.l(f2d.o)
    0x08000be8   0x08000be8   0x0000002c   Code   RO         8413    .text               mc_w.l(uidiv.o)
    0x08000c14   0x08000c14   0x0000001e   Code   RO         8415    .text               mc_w.l(llshl.o)
    0x08000c32   0x08000c32   0x00000020   Code   RO         8417    .text               mc_w.l(llushr.o)
    0x08000c52   0x08000c52   0x00000000   Code   RO         8419    .text               mc_w.l(iusefp.o)
    0x08000c52   0x08000c52   0x0000006e   Code   RO         8420    .text               mf_w.l(fepilogue.o)
    0x08000cc0   0x08000cc0   0x000000ba   Code   RO         8422    .text               mf_w.l(depilogue.o)
    0x08000d7a   0x08000d7a   0x0000014e   Code   RO         8424    .text               mf_w.l(dadd.o)
    0x08000ec8   0x08000ec8   0x000000e4   Code   RO         8426    .text               mf_w.l(dmul.o)
    0x08000fac   0x08000fac   0x00000030   Code   RO         8428    .text               mf_w.l(dfixul.o)
    0x08000fdc   0x08000fdc   0x00000030   Code   RO         8430    .text               mf_w.l(cdrcmple.o)
    0x0800100c   0x0800100c   0x00000024   Code   RO         8432    .text               mc_w.l(init.o)
    0x08001030   0x08001030   0x00000024   Code   RO         8435    .text               mc_w.l(llsshr.o)
    0x08001054   0x08001054   0x00000056   Code   RO         8445    .text               mc_w.l(__dczerorl2.o)
    0x080010aa   0x080010aa   0x00000008   Code   RO          172    i.AD_in             http_server.o
    0x080010b2   0x080010b2   0x00000002   PAD
    0x080010b4   0x080010b4   0x00000044   Code   RO          173    i.BlinkLed          http_server.o
    0x080010f8   0x080010f8   0x00000174   Code   RO         3538    i.Control           emac_stm32f4xx.o
    0x0800126c   0x0800126c   0x00000008   Code   RO         3539    i.ControlTimer      emac_stm32f4xx.o
    0x08001274   0x08001274   0x0000009c   Code   RO         3691    i.Disable_SPI_Clock  spi_stm32f4xx.o
    0x08001310   0x08001310   0x00000010   Code   RO          174    i.Display           http_server.o
    0x08001320   0x08001320   0x00000058   Code   RO         3540    i.ETH_IRQHandler    emac_stm32f4xx.o
    0x08001378   0x08001378   0x000001d8   Code   RO         3541    i.Enable_GPIO_Clock  emac_stm32f4xx.o
    0x08001550   0x08001550   0x000001d8   Code   RO         3692    i.Enable_GPIO_Clock  spi_stm32f4xx.o
    0x08001728   0x08001728   0x0000010c   Code   RO         3693    i.Enable_SPI_Clock  spi_stm32f4xx.o
    0x08001834   0x08001834   0x00000004   Code   RO            4    i.Error_Handler     main.o
    0x08001838   0x08001838   0x00000028   Code   RO         3862    i.EventCheckFilter  eventrecorder.o
    0x08001860   0x08001860   0x0000003c   Code   RO         3863    i.EventGetTS        eventrecorder.o
    0x0800189c   0x0800189c   0x00000046   Code   RO         3864    i.EventRecord2      eventrecorder.o
    0x080018e2   0x080018e2   0x00000076   Code   RO         3865    i.EventRecord4      eventrecorder.o
    0x08001958   0x08001958   0x00000116   Code   RO         3866    i.EventRecordData   eventrecorder.o
    0x08001a6e   0x08001a6e   0x00000002   PAD
    0x08001a70   0x08001a70   0x000000d8   Code   RO         3867    i.EventRecordItem   eventrecorder.o
    0x08001b48   0x08001b48   0x0000005c   Code   RO         3869    i.EventRecorderDisable  eventrecorder.o
    0x08001ba4   0x08001ba4   0x0000005c   Code   RO         3870    i.EventRecorderEnable  eventrecorder.o
    0x08001c00   0x08001c00   0x00000128   Code   RO         3871    i.EventRecorderInitialize  eventrecorder.o
    0x08001d28   0x08001d28   0x00000030   Code   RO         3872    i.EventRecorderStart  eventrecorder.o
    0x08001d58   0x08001d58   0x0000000c   Code   RO         3874    i.EventRecorderTimerGetCount  eventrecorder.o
    0x08001d64   0x08001d64   0x0000000c   Code   RO         3875    i.EventRecorderTimerGetFreq  eventrecorder.o
    0x08001d70   0x08001d70   0x00000024   Code   RO         3876    i.EventRecorderTimerSetup  eventrecorder.o
    0x08001d94   0x08001d94   0x00000014   Code   RO          796    i.EvrRtxDelay       rtx_evr.o
    0x08001da8   0x08001da8   0x00000014   Code   RO          797    i.EvrRtxDelayCompleted  rtx_evr.o
    0x08001dbc   0x08001dbc   0x00000012   Code   RO          798    i.EvrRtxDelayError  rtx_evr.o
    0x08001dce   0x08001dce   0x00000002   PAD
    0x08001dd0   0x08001dd0   0x00000014   Code   RO          799    i.EvrRtxDelayStarted  rtx_evr.o
    0x08001de4   0x08001de4   0x00000014   Code   RO          817    i.EvrRtxEventFlagsWaitTimeout  rtx_evr.o
    0x08001df8   0x08001df8   0x00000012   Code   RO          818    i.EvrRtxKernelError  rtx_evr.o
    0x08001e0a   0x08001e0a   0x00000014   Code   RO          819    i.EvrRtxKernelErrorNotify  rtx_evr.o
    0x08001e1e   0x08001e1e   0x00000002   PAD
    0x08001e20   0x08001e20   0x00000014   Code   RO          823    i.EvrRtxKernelGetTickCount  rtx_evr.o
    0x08001e34   0x08001e34   0x00000014   Code   RO          824    i.EvrRtxKernelGetTickFreq  rtx_evr.o
    0x08001e48   0x08001e48   0x00000014   Code   RO          826    i.EvrRtxKernelInitialize  rtx_evr.o
    0x08001e5c   0x08001e5c   0x00000014   Code   RO          827    i.EvrRtxKernelInitialized  rtx_evr.o
    0x08001e70   0x08001e70   0x00000014   Code   RO          834    i.EvrRtxKernelStart  rtx_evr.o
    0x08001e84   0x08001e84   0x00000014   Code   RO          835    i.EvrRtxKernelStarted  rtx_evr.o
    0x08001e98   0x08001e98   0x00000020   Code   RO          840    i.EvrRtxMemoryAlloc  rtx_evr.o
    0x08001eb8   0x08001eb8   0x00000018   Code   RO          841    i.EvrRtxMemoryBlockAlloc  rtx_evr.o
    0x08001ed0   0x08001ed0   0x00000020   Code   RO          842    i.EvrRtxMemoryBlockFree  rtx_evr.o
    0x08001ef0   0x08001ef0   0x00000020   Code   RO          843    i.EvrRtxMemoryBlockInit  rtx_evr.o
    0x08001f10   0x08001f10   0x00000020   Code   RO          844    i.EvrRtxMemoryFree  rtx_evr.o
    0x08001f30   0x08001f30   0x0000001c   Code   RO          845    i.EvrRtxMemoryInit  rtx_evr.o
    0x08001f4c   0x08001f4c   0x00000014   Code   RO          849    i.EvrRtxMemoryPoolAllocTimeout  rtx_evr.o
    0x08001f60   0x08001f60   0x00000018   Code   RO          864    i.EvrRtxMessageQueueCreated  rtx_evr.o
    0x08001f78   0x08001f78   0x00000014   Code   RO          867    i.EvrRtxMessageQueueError  rtx_evr.o
    0x08001f8c   0x08001f8c   0x00000020   Code   RO          868    i.EvrRtxMessageQueueGet  rtx_evr.o
    0x08001fac   0x08001fac   0x00000020   Code   RO          873    i.EvrRtxMessageQueueGetPending  rtx_evr.o
    0x08001fcc   0x08001fcc   0x00000014   Code   RO          875    i.EvrRtxMessageQueueGetTimeout  rtx_evr.o
    0x08001fe0   0x08001fe0   0x00000018   Code   RO          876    i.EvrRtxMessageQueueInsertPending  rtx_evr.o
    0x08001ff8   0x08001ff8   0x00000018   Code   RO          877    i.EvrRtxMessageQueueInserted  rtx_evr.o
    0x08002010   0x08002010   0x00000020   Code   RO          878    i.EvrRtxMessageQueueNew  rtx_evr.o
    0x08002030   0x08002030   0x00000018   Code   RO          879    i.EvrRtxMessageQueueNotInserted  rtx_evr.o
    0x08002048   0x08002048   0x00000018   Code   RO          880    i.EvrRtxMessageQueueNotRetrieved  rtx_evr.o
    0x08002060   0x08002060   0x00000020   Code   RO          881    i.EvrRtxMessageQueuePut  rtx_evr.o
    0x08002080   0x08002080   0x00000020   Code   RO          882    i.EvrRtxMessageQueuePutPending  rtx_evr.o
    0x080020a0   0x080020a0   0x00000014   Code   RO          883    i.EvrRtxMessageQueuePutTimeout  rtx_evr.o
    0x080020b4   0x080020b4   0x00000018   Code   RO          886    i.EvrRtxMessageQueueRetrieved  rtx_evr.o
    0x080020cc   0x080020cc   0x00000018   Code   RO          887    i.EvrRtxMutexAcquire  rtx_evr.o
    0x080020e4   0x080020e4   0x00000018   Code   RO          888    i.EvrRtxMutexAcquirePending  rtx_evr.o
    0x080020fc   0x080020fc   0x00000014   Code   RO          889    i.EvrRtxMutexAcquireTimeout  rtx_evr.o
    0x08002110   0x08002110   0x00000018   Code   RO          890    i.EvrRtxMutexAcquired  rtx_evr.o
    0x08002128   0x08002128   0x00000018   Code   RO          891    i.EvrRtxMutexCreated  rtx_evr.o
    0x08002140   0x08002140   0x00000014   Code   RO          894    i.EvrRtxMutexError  rtx_evr.o
    0x08002154   0x08002154   0x00000014   Code   RO          897    i.EvrRtxMutexNew    rtx_evr.o
    0x08002168   0x08002168   0x00000014   Code   RO          898    i.EvrRtxMutexNotAcquired  rtx_evr.o
    0x0800217c   0x0800217c   0x00000014   Code   RO          899    i.EvrRtxMutexRelease  rtx_evr.o
    0x08002190   0x08002190   0x00000018   Code   RO          900    i.EvrRtxMutexReleased  rtx_evr.o
    0x080021a8   0x080021a8   0x00000018   Code   RO          901    i.EvrRtxSemaphoreAcquire  rtx_evr.o
    0x080021c0   0x080021c0   0x00000018   Code   RO          902    i.EvrRtxSemaphoreAcquirePending  rtx_evr.o
    0x080021d8   0x080021d8   0x00000014   Code   RO          903    i.EvrRtxSemaphoreAcquireTimeout  rtx_evr.o
    0x080021ec   0x080021ec   0x00000018   Code   RO          904    i.EvrRtxSemaphoreAcquired  rtx_evr.o
    0x08002204   0x08002204   0x00000018   Code   RO          905    i.EvrRtxSemaphoreCreated  rtx_evr.o
    0x0800221c   0x0800221c   0x00000014   Code   RO          906    i.EvrRtxSemaphoreDelete  rtx_evr.o
    0x08002230   0x08002230   0x00000014   Code   RO          907    i.EvrRtxSemaphoreDestroyed  rtx_evr.o
    0x08002244   0x08002244   0x00000014   Code   RO          908    i.EvrRtxSemaphoreError  rtx_evr.o
    0x08002258   0x08002258   0x00000020   Code   RO          911    i.EvrRtxSemaphoreNew  rtx_evr.o
    0x08002278   0x08002278   0x00000014   Code   RO          912    i.EvrRtxSemaphoreNotAcquired  rtx_evr.o
    0x0800228c   0x0800228c   0x00000014   Code   RO          913    i.EvrRtxSemaphoreRelease  rtx_evr.o
    0x080022a0   0x080022a0   0x00000018   Code   RO          914    i.EvrRtxSemaphoreReleased  rtx_evr.o
    0x080022b8   0x080022b8   0x00000018   Code   RO          915    i.EvrRtxThreadBlocked  rtx_evr.o
    0x080022d0   0x080022d0   0x00000028   Code   RO          916    i.EvrRtxThreadCreated  rtx_evr.o
    0x080022f8   0x080022f8   0x00000014   Code   RO          917    i.EvrRtxThreadDestroyed  rtx_evr.o
    0x0800230c   0x0800230c   0x00000014   Code   RO          921    i.EvrRtxThreadError  rtx_evr.o
    0x08002320   0x08002320   0x00000014   Code   RO          922    i.EvrRtxThreadExit  rtx_evr.o
    0x08002334   0x08002334   0x00000014   Code   RO          923    i.EvrRtxThreadFlagsClear  rtx_evr.o
    0x08002348   0x08002348   0x00000014   Code   RO          924    i.EvrRtxThreadFlagsClearDone  rtx_evr.o
    0x0800235c   0x0800235c   0x00000014   Code   RO          925    i.EvrRtxThreadFlagsError  rtx_evr.o
    0x08002370   0x08002370   0x00000018   Code   RO          927    i.EvrRtxThreadFlagsSet  rtx_evr.o
    0x08002388   0x08002388   0x00000018   Code   RO          928    i.EvrRtxThreadFlagsSetDone  rtx_evr.o
    0x080023a0   0x080023a0   0x00000020   Code   RO          929    i.EvrRtxThreadFlagsWait  rtx_evr.o
    0x080023c0   0x080023c0   0x00000020   Code   RO          930    i.EvrRtxThreadFlagsWaitCompleted  rtx_evr.o
    0x080023e0   0x080023e0   0x00000018   Code   RO          931    i.EvrRtxThreadFlagsWaitNotCompleted  rtx_evr.o
    0x080023f8   0x080023f8   0x00000020   Code   RO          932    i.EvrRtxThreadFlagsWaitPending  rtx_evr.o
    0x08002418   0x08002418   0x00000014   Code   RO          933    i.EvrRtxThreadFlagsWaitTimeout  rtx_evr.o
    0x0800242c   0x0800242c   0x00000014   Code   RO          943    i.EvrRtxThreadJoined  rtx_evr.o
    0x08002440   0x08002440   0x00000020   Code   RO          944    i.EvrRtxThreadNew   rtx_evr.o
    0x08002460   0x08002460   0x00000014   Code   RO          945    i.EvrRtxThreadPreempted  rtx_evr.o
    0x08002474   0x08002474   0x00000014   Code   RO          952    i.EvrRtxThreadSwitched  rtx_evr.o
    0x08002488   0x08002488   0x00000014   Code   RO          953    i.EvrRtxThreadTerminate  rtx_evr.o
    0x0800249c   0x0800249c   0x00000018   Code   RO          954    i.EvrRtxThreadUnblocked  rtx_evr.o
    0x080024b4   0x080024b4   0x00000014   Code   RO          955    i.EvrRtxThreadYield  rtx_evr.o
    0x080024c8   0x080024c8   0x00000018   Code   RO          956    i.EvrRtxTimerCallback  rtx_evr.o
    0x080024e0   0x080024e0   0x00000018   Code   RO          957    i.EvrRtxTimerCreated  rtx_evr.o
    0x080024f8   0x080024f8   0x00000014   Code   RO          960    i.EvrRtxTimerError  rtx_evr.o
    0x0800250c   0x0800250c   0x00000020   Code   RO          963    i.EvrRtxTimerNew    rtx_evr.o
    0x0800252c   0x0800252c   0x00000018   Code   RO          964    i.EvrRtxTimerStart  rtx_evr.o
    0x08002544   0x08002544   0x00000014   Code   RO          965    i.EvrRtxTimerStarted  rtx_evr.o
    0x08002558   0x08002558   0x0000000c   Code   RO         3542    i.GetCapabilities   emac_stm32f4xx.o
    0x08002564   0x08002564   0x00000010   Code   RO         3877    i.GetContext        eventrecorder.o
    0x08002574   0x08002574   0x00000044   Code   RO         3476    i.GetLinkInfo       phy_lan8742a.o
    0x080025b8   0x080025b8   0x0000002c   Code   RO         3477    i.GetLinkState      phy_lan8742a.o
    0x080025e4   0x080025e4   0x00000044   Code   RO         3543    i.GetMacAddress     emac_stm32f4xx.o
    0x08002628   0x08002628   0x0000004c   Code   RO         3544    i.GetRxFrameSize    emac_stm32f4xx.o
    0x08002674   0x08002674   0x00000008   Code   RO         3545    i.GetRxFrameTime    emac_stm32f4xx.o
    0x0800267c   0x0800267c   0x00000008   Code   RO         3546    i.GetTxFrameTime    emac_stm32f4xx.o
    0x08002684   0x08002684   0x00000010   Code   RO         3478    i.GetVersion        phy_lan8742a.o
    0x08002694   0x08002694   0x00000010   Code   RO         3547    i.GetVersion        emac_stm32f4xx.o
    0x080026a4   0x080026a4   0x00000028   Code   RO         4604    i.HAL_DMA_Abort_IT  stm32f4xx_hal_dma.o
    0x080026cc   0x080026cc   0x00000180   Code   RO         4747    i.HAL_GPIO_DeInit   stm32f4xx_hal_gpio.o
    0x0800284c   0x0800284c   0x0000020c   Code   RO         4750    i.HAL_GPIO_Init     stm32f4xx_hal_gpio.o
    0x08002a58   0x08002a58   0x0000000c   Code   RO         4754    i.HAL_GPIO_WritePin  stm32f4xx_hal_gpio.o
    0x08002a64   0x08002a64   0x0000000c   Code   RO         4001    i.HAL_GetREVID      stm32f4xx_hal.o
    0x08002a70   0x08002a70   0x0000004c   Code   RO            5    i.HAL_GetTick       main.o
    0x08002abc   0x08002abc   0x00000030   Code   RO         4009    i.HAL_Init          stm32f4xx_hal.o
    0x08002aec   0x08002aec   0x00000006   Code   RO            6    i.HAL_InitTick      main.o
    0x08002af2   0x08002af2   0x00000002   Code   RO         4012    i.HAL_MspInit       stm32f4xx_hal.o
    0x08002af4   0x08002af4   0x0000002c   Code   RO         4464    i.HAL_NVIC_DisableIRQ  stm32f4xx_hal_cortex.o
    0x08002b20   0x08002b20   0x00000028   Code   RO         4472    i.HAL_NVIC_SetPriorityGrouping  stm32f4xx_hal_cortex.o
    0x08002b48   0x08002b48   0x00000184   Code   RO         5006    i.HAL_RCC_ClockConfig  stm32f4xx_hal_rcc.o
    0x08002ccc   0x08002ccc   0x0000000c   Code   RO         5011    i.HAL_RCC_GetHCLKFreq  stm32f4xx_hal_rcc.o
    0x08002cd8   0x08002cd8   0x00000020   Code   RO         5014    i.HAL_RCC_GetPCLK2Freq  stm32f4xx_hal_rcc.o
    0x08002cf8   0x08002cf8   0x000000b0   Code   RO         5015    i.HAL_RCC_GetSysClockFreq  stm32f4xx_hal_rcc.o
    0x08002da8   0x08002da8   0x0000049c   Code   RO         5018    i.HAL_RCC_OscConfig  stm32f4xx_hal_rcc.o
    0x08003244   0x08003244   0x00000078   Code   RO         5635    i.HAL_TIM_Base_DeInit  stm32f4xx_hal_tim.o
    0x080032bc   0x080032bc   0x00000066   Code   RO         5637    i.HAL_TIM_Base_Init  stm32f4xx_hal_tim.o
    0x08003322   0x08003322   0x00000002   Code   RO         5638    i.HAL_TIM_Base_MspDeInit  stm32f4xx_hal_tim.o
    0x08003324   0x08003324   0x00000002   Code   RO         5639    i.HAL_TIM_Base_MspInit  stm32f4xx_hal_tim.o
    0x08003326   0x08003326   0x00000002   PAD
    0x08003328   0x08003328   0x000000a8   Code   RO         5642    i.HAL_TIM_Base_Start_IT  stm32f4xx_hal_tim.o
    0x080033d0   0x080033d0   0x00000032   Code   RO         5643    i.HAL_TIM_Base_Stop  stm32f4xx_hal_tim.o
    0x08003402   0x08003402   0x00000002   PAD
    0x08003404   0x08003404   0x00000030   Code   RO          274    i.Init_MsgQueue_lcd  http_server_cgi.o
    0x08003434   0x08003434   0x0000002c   Code   RO          369    i.Init_Thlcd        lcd.o
    0x08003460   0x08003460   0x00000030   Code   RO         3479    i.Initialize        phy_lan8742a.o
    0x08003490   0x08003490   0x00000078   Code   RO         3548    i.Initialize        emac_stm32f4xx.o
    0x08003508   0x08003508   0x00000010   Code   RO          566    i.IsException       rtx_delay.o
    0x08003518   0x08003518   0x00000010   Code   RO         1848    i.IsException       rtx_kernel.o
    0x08003528   0x08003528   0x00000010   Code   RO         2337    i.IsException       rtx_msgqueue.o
    0x08003538   0x08003538   0x00000010   Code   RO         2521    i.IsException       rtx_mutex.o
    0x08003548   0x08003548   0x00000010   Code   RO         2634    i.IsException       rtx_semaphore.o
    0x08003558   0x08003558   0x00000010   Code   RO         2811    i.IsException       rtx_thread.o
    0x08003568   0x08003568   0x00000010   Code   RO         3238    i.IsException       rtx_timer.o
    0x08003578   0x08003578   0x00000018   Code   RO          567    i.IsIrqMasked       rtx_delay.o
    0x08003590   0x08003590   0x00000018   Code   RO         1849    i.IsIrqMasked       rtx_kernel.o
    0x080035a8   0x080035a8   0x00000018   Code   RO         2338    i.IsIrqMasked       rtx_msgqueue.o
    0x080035c0   0x080035c0   0x00000018   Code   RO         2522    i.IsIrqMasked       rtx_mutex.o
    0x080035d8   0x080035d8   0x00000018   Code   RO         2635    i.IsIrqMasked       rtx_semaphore.o
    0x080035f0   0x080035f0   0x00000018   Code   RO         2812    i.IsIrqMasked       rtx_thread.o
    0x08003608   0x08003608   0x00000018   Code   RO         3239    i.IsIrqMasked       rtx_timer.o
    0x08003620   0x08003620   0x00000010   Code   RO         1850    i.IsPrivileged      rtx_kernel.o
    0x08003630   0x08003630   0x00000018   Code   RO          371    i.LCD_Clean         lcd.o
    0x08003648   0x08003648   0x0000004c   Code   RO          372    i.LCD_init          lcd.o
    0x08003694   0x08003694   0x00000054   Code   RO          373    i.LCD_reset         lcd.o
    0x080036e8   0x080036e8   0x0000001c   Code   RO          374    i.LCD_symbolToLocalBuffer  lcd.o
    0x08003704   0x08003704   0x00000068   Code   RO          375    i.LCD_symbolToLocalBuffer_L1  lcd.o
    0x0800376c   0x0800376c   0x0000006c   Code   RO          376    i.LCD_symbolToLocalBuffer_L2  lcd.o
    0x080037d8   0x080037d8   0x000000a0   Code   RO          377    i.LCD_update        lcd.o
    0x08003878   0x08003878   0x0000005c   Code   RO          378    i.LCD_wr_cmd        lcd.o
    0x080038d4   0x080038d4   0x0000005c   Code   RO          379    i.LCD_wr_data       lcd.o
    0x08003930   0x08003930   0x0000000a   Code   RO         2127    i.MemBlockPtr       rtx_memory.o
    0x0800393a   0x0800393a   0x00000034   Code   RO         2339    i.MessageQueueGet   rtx_msgqueue.o
    0x0800396e   0x0800396e   0x0000004c   Code   RO         2340    i.MessageQueuePut   rtx_msgqueue.o
    0x080039ba   0x080039ba   0x00000022   Code   RO         2341    i.MessageQueueRemove  rtx_msgqueue.o
    0x080039dc   0x080039dc   0x00000008   Code   RO         3375    i.OS_Tick_AcknowledgeIRQ  os_systick.o
    0x080039e4   0x080039e4   0x00000030   Code   RO         3377    i.OS_Tick_Enable    os_systick.o
    0x08003a14   0x08003a14   0x00000006   Code   RO         3380    i.OS_Tick_GetIRQn   os_systick.o
    0x08003a1a   0x08003a1a   0x00000002   PAD
    0x08003a1c   0x08003a1c   0x00000050   Code   RO         3383    i.OS_Tick_Setup     os_systick.o
    0x08003a6c   0x08003a6c   0x00000078   Code   RO         3549    i.PHY_Read          emac_stm32f4xx.o
    0x08003ae4   0x08003ae4   0x00000074   Code   RO         3550    i.PHY_Write         emac_stm32f4xx.o
    0x08003b58   0x08003b58   0x000000d4   Code   RO         3480    i.PowerControl      phy_lan8742a.o
    0x08003c2c   0x08003c2c   0x000002b0   Code   RO         3551    i.PowerControl      emac_stm32f4xx.o
    0x08003edc   0x08003edc   0x000000a0   Code   RO         3552    i.ReadFrame         emac_stm32f4xx.o
    0x08003f7c   0x08003f7c   0x00000018   Code   RO         3694    i.SPI1_Control      spi_stm32f4xx.o
    0x08003f94   0x08003f94   0x00000010   Code   RO         3695    i.SPI1_GetDataCount  spi_stm32f4xx.o
    0x08003fa4   0x08003fa4   0x00000010   Code   RO         3696    i.SPI1_GetStatus    spi_stm32f4xx.o
    0x08003fb4   0x08003fb4   0x00000010   Code   RO         3697    i.SPI1_IRQHandler   spi_stm32f4xx.o
    0x08003fc4   0x08003fc4   0x00000014   Code   RO         3698    i.SPI1_Initialize   spi_stm32f4xx.o
    0x08003fd8   0x08003fd8   0x00000014   Code   RO         3699    i.SPI1_PowerControl  spi_stm32f4xx.o
    0x08003fec   0x08003fec   0x00000018   Code   RO         3700    i.SPI1_Receive      spi_stm32f4xx.o
    0x08004004   0x08004004   0x00000018   Code   RO         3701    i.SPI1_Send         spi_stm32f4xx.o
    0x0800401c   0x0800401c   0x0000001c   Code   RO         3702    i.SPI1_Transfer     spi_stm32f4xx.o
    0x08004038   0x08004038   0x00000010   Code   RO         3703    i.SPI1_Uninitialize  spi_stm32f4xx.o
    0x08004048   0x08004048   0x0000000c   Code   RO         3704    i.SPIX_GetCapabilities  spi_stm32f4xx.o
    0x08004054   0x08004054   0x00000010   Code   RO         3705    i.SPIX_GetVersion   spi_stm32f4xx.o
    0x08004064   0x08004064   0x000005de   Code   RO         3706    i.SPI_Control       spi_stm32f4xx.o
    0x08004642   0x08004642   0x00000008   Code   RO         3707    i.SPI_GetDataCount  spi_stm32f4xx.o
    0x0800464a   0x0800464a   0x0000002c   Code   RO         3708    i.SPI_GetStatus     spi_stm32f4xx.o
    0x08004676   0x08004676   0x00000112   Code   RO         3709    i.SPI_IRQHandler    spi_stm32f4xx.o
    0x08004788   0x08004788   0x000000d4   Code   RO         3710    i.SPI_Initialize    spi_stm32f4xx.o
    0x0800485c   0x0800485c   0x00000124   Code   RO         3711    i.SPI_PeripheralReset  spi_stm32f4xx.o
    0x08004980   0x08004980   0x0000010c   Code   RO         3712    i.SPI_PowerControl  spi_stm32f4xx.o
    0x08004a8c   0x08004a8c   0x00000088   Code   RO         3713    i.SPI_Receive       spi_stm32f4xx.o
    0x08004b14   0x08004b14   0x00000058   Code   RO         3714    i.SPI_RxData        spi_stm32f4xx.o
    0x08004b6c   0x08004b6c   0x00000088   Code   RO         3715    i.SPI_Send          spi_stm32f4xx.o
    0x08004bf4   0x08004bf4   0x00000076   Code   RO         3716    i.SPI_Transfer      spi_stm32f4xx.o
    0x08004c6a   0x08004c6a   0x00000054   Code   RO         3717    i.SPI_TxData        spi_stm32f4xx.o
    0x08004cbe   0x08004cbe   0x00000066   Code   RO         3718    i.SPI_Uninitialize  spi_stm32f4xx.o
    0x08004d24   0x08004d24   0x00000018   Code   RO         2636    i.SemaphoreTokenDecrement  rtx_semaphore.o
    0x08004d3c   0x08004d3c   0x0000001e   Code   RO         2637    i.SemaphoreTokenIncrement  rtx_semaphore.o
    0x08004d5a   0x08004d5a   0x00000002   PAD
    0x08004d5c   0x08004d5c   0x00000148   Code   RO         3553    i.SendFrame         emac_stm32f4xx.o
    0x08004ea4   0x08004ea4   0x0000013c   Code   RO         3554    i.SetAddressFilter  emac_stm32f4xx.o
    0x08004fe0   0x08004fe0   0x0000002c   Code   RO         3481    i.SetInterface      phy_lan8742a.o
    0x0800500c   0x0800500c   0x0000004c   Code   RO         3555    i.SetMacAddress     emac_stm32f4xx.o
    0x08005058   0x08005058   0x00000080   Code   RO         3482    i.SetMode           phy_lan8742a.o
    0x080050d8   0x080050d8   0x000000c0   Code   RO            7    i.SystemClock_Config  main.o
    0x08005198   0x08005198   0x000000c0   Code   RO         6806    i.SystemCoreClockUpdate  system_stm32f4xx_1.o
    0x08005258   0x08005258   0x00000010   Code   RO         6807    i.SystemInit        system_stm32f4xx_1.o
    0x08005268   0x08005268   0x000000d8   Code   RO         5730    i.TIM_Base_SetConfig  stm32f4xx_hal_tim.o
    0x08005340   0x08005340   0x0000003c   Code   RO          380    i.Thlcd             lcd.o
    0x0800537c   0x0800537c   0x00000056   Code   RO         2813    i.ThreadFlagsCheck  rtx_thread.o
    0x080053d2   0x080053d2   0x00000016   Code   RO         2814    i.ThreadFlagsClear  rtx_thread.o
    0x080053e8   0x080053e8   0x00000016   Code   RO         2815    i.ThreadFlagsSet    rtx_thread.o
    0x080053fe   0x080053fe   0x00000002   PAD
    0x08005400   0x08005400   0x00000040   Code   RO         3240    i.TimerInsert       rtx_timer.o
    0x08005440   0x08005440   0x00000030   Code   RO         3241    i.TimerRemove       rtx_timer.o
    0x08005470   0x08005470   0x00000018   Code   RO         3242    i.TimerUnlink       rtx_timer.o
    0x08005488   0x08005488   0x00000014   Code   RO         3483    i.Uninitialize      phy_lan8742a.o
    0x0800549c   0x0800549c   0x00000030   Code   RO         3556    i.Uninitialize      emac_stm32f4xx.o
    0x080054cc   0x080054cc   0x00000028   Code   RO         8360    i.__0sprintf        mc_w.l(printfa.o)
    0x080054f4   0x080054f4   0x0000000e   Code   RO         8439    i.__scatterload_copy  mc_w.l(handlers.o)
    0x08005502   0x08005502   0x00000002   Code   RO         8440    i.__scatterload_null  mc_w.l(handlers.o)
    0x08005504   0x08005504   0x0000000e   Code   RO         8441    i.__scatterload_zeroinit  mc_w.l(handlers.o)
    0x08005512   0x08005512   0x0000000a   Code   RO         1853    i.__set_CONTROL     rtx_kernel.o
    0x0800551c   0x0800551c   0x00000184   Code   RO         8365    i._fp_digits        mc_w.l(printfa.o)
    0x080056a0   0x080056a0   0x000006b4   Code   RO         8366    i._printf_core      mc_w.l(printfa.o)
    0x08005d54   0x08005d54   0x00000024   Code   RO         8367    i._printf_post_padding  mc_w.l(printfa.o)
    0x08005d78   0x08005d78   0x0000002e   Code   RO         8368    i._printf_pre_padding  mc_w.l(printfa.o)
    0x08005da6   0x08005da6   0x0000000a   Code   RO         8370    i._sputc            mc_w.l(printfa.o)
    0x08005db0   0x08005db0   0x00000054   Code   RO         7530    i.add_server_id     Net_Dbg_CM3_L.lib(net_http_server.o)
    0x08005e04   0x08005e04   0x0000003c   Code   RO          175    i.app_main          http_server.o
    0x08005e40   0x08005e40   0x0000005c   Code   RO         7177    i.arp_cache_alloc   Net_Dbg_CM3_L.lib(net_arp.o)
    0x08005e9c   0x08005e9c   0x00000170   Code   RO         7178    i.arp_cache_run     Net_Dbg_CM3_L.lib(net_arp.o)
    0x0800600c   0x0800600c   0x00000038   Code   RO         7179    i.arp_is_cacheable  Net_Dbg_CM3_L.lib(net_arp.o)
    0x08006044   0x08006044   0x00000088   Code   RO         7180    i.arp_probe_run     Net_Dbg_CM3_L.lib(net_arp.o)
    0x080060cc   0x080060cc   0x000000d8   Code   RO         7182    i.arp_proc_response  Net_Dbg_CM3_L.lib(net_arp.o)
    0x080061a4   0x080061a4   0x0000001a   Code   RO         7183    i.arp_que_free      Net_Dbg_CM3_L.lib(net_arp.o)
    0x080061be   0x080061be   0x00000002   PAD
    0x080061c0   0x080061c0   0x000000a0   Code   RO         7184    i.arp_send_reply    Net_Dbg_CM3_L.lib(net_arp.o)
    0x08006260   0x08006260   0x000000d0   Code   RO         7185    i.arp_send_request  Net_Dbg_CM3_L.lib(net_arp.o)
    0x08006330   0x08006330   0x00000068   Code   RO         7186    i.arp_sender_valid  Net_Dbg_CM3_L.lib(net_arp.o)
    0x08006398   0x08006398   0x0000018c   Code   RO         7531    i.chk_post_req      Net_Dbg_CM3_L.lib(net_http_server.o)
    0x08006524   0x08006524   0x00000042   Code   RO         3878    i.crc16_ccitt       eventrecorder.o
    0x08006566   0x08006566   0x00000002   PAD
    0x08006568   0x08006568   0x00000024   Code   RO          346    i.crc32_8bit        web.o
    0x0800658c   0x0800658c   0x00000028   Code   RO         8018    i.crc32_8bit        Net_Dbg_CM3_L.lib(net_common.o)
    0x080065b4   0x080065b4   0x00000028   Code   RO         3557    i.crc32_8bit_rev    emac_stm32f4xx.o
    0x080065dc   0x080065dc   0x00000028   Code   RO         3558    i.crc32_data        emac_stm32f4xx.o
    0x08006604   0x08006604   0x00000068   Code   RO          382    i.delay             lcd.o
    0x0800666c   0x0800666c   0x00000058   Code   RO          383    i.escribir_lineasWeb  lcd.o
    0x080066c4   0x080066c4   0x0000000c   Code   RO         6840    i.eth0_callback     net_config.o
    0x080066d0   0x080066d0   0x0000009a   Code   RO         7121    i.eth_check_link    Net_Dbg_CM3_L.lib(net_eth.o)
    0x0800676a   0x0800676a   0x00000002   PAD
    0x0800676c   0x0800676c   0x00000020   Code   RO         7122    i.eth_if_map        Net_Dbg_CM3_L.lib(net_eth.o)
    0x0800678c   0x0800678c   0x00000304   Code   RO         7123    i.eth_iface_init    Net_Dbg_CM3_L.lib(net_eth.o)
    0x08006a90   0x08006a90   0x00000290   Code   RO         7124    i.eth_iface_run     Net_Dbg_CM3_L.lib(net_eth.o)
    0x08006d20   0x08006d20   0x0000007c   Code   RO         7125    i.eth_iface_uninit  Net_Dbg_CM3_L.lib(net_eth.o)
    0x08006d9c   0x08006d9c   0x00000008   Code   RO         7126    i.eth_lock          Net_Dbg_CM3_L.lib(net_eth.o)
    0x08006da4   0x08006da4   0x0000001c   Code   RO         7127    i.eth_mtu_limit     Net_Dbg_CM3_L.lib(net_eth.o)
    0x08006dc0   0x08006dc0   0x00000048   Code   RO         7128    i.eth_opt_len       Net_Dbg_CM3_L.lib(net_eth.o)
    0x08006e08   0x08006e08   0x00000088   Code   RO         7129    i.eth_receive       Net_Dbg_CM3_L.lib(net_eth.o)
    0x08006e90   0x08006e90   0x00000008   Code   RO         7130    i.eth_unlock        Net_Dbg_CM3_L.lib(net_eth.o)
    0x08006e98   0x08006e98   0x000000e8   Code   RO         2079    i.evr_initialize    rtx_lib.o
    0x08006f80   0x08006f80   0x0000007c   Code   RO         7294    i.frag_map_session  Net_Dbg_CM3_L.lib(net_ip4_frag.o)
    0x08006ffc   0x08006ffc   0x00000002   Code   RO          176    i.get_button        http_server.o
    0x08006ffe   0x08006ffe   0x00000028   Code   RO         7532    i.get_next_field    Net_Dbg_CM3_L.lib(net_http_server.o)
    0x08007026   0x08007026   0x00000032   Code   RO         7533    i.get_next_par      Net_Dbg_CM3_L.lib(net_http_server.o)
    0x08007058   0x08007058   0x00000022   Code   RO         7534    i.hex2byte          Net_Dbg_CM3_L.lib(net_http_server.o)
    0x0800707a   0x0800707a   0x00000002   PAD
    0x0800707c   0x0800707c   0x0000036c   Code   RO         7535    i.http_add_header   Net_Dbg_CM3_L.lib(net_http_server.o)
    0x080073e8   0x080073e8   0x00000050   Code   RO         7655    i.http_auth_basic_add  Net_Dbg_CM3_L.lib(net_http_server_auth.o)
    0x08007438   0x08007438   0x00000090   Code   RO         7656    i.http_auth_basic_parse  Net_Dbg_CM3_L.lib(net_http_server_auth.o)
    0x080074c8   0x080074c8   0x00000002   Code   RO         7662    i.http_auth_dummy   Net_Dbg_CM3_L.lib(net_http_server_auth.o)
    0x080074ca   0x080074ca   0x00000002   PAD
    0x080074cc   0x080074cc   0x00000024   Code   RO         7663    i.http_auth_init    Net_Dbg_CM3_L.lib(net_http_server_auth.o)
    0x080074f0   0x080074f0   0x000001cc   Code   RO         7536    i.http_error_msg    Net_Dbg_CM3_L.lib(net_http_server.o)
    0x080076bc   0x080076bc   0x00000078   Code   RO         7537    i.http_get_ftype    Net_Dbg_CM3_L.lib(net_http_server.o)
    0x08007734   0x08007734   0x0000005e   Code   RO         7538    i.http_kill_session  Net_Dbg_CM3_L.lib(net_http_server.o)
    0x08007792   0x08007792   0x00000002   PAD
    0x08007794   0x08007794   0x000002a8   Code   RO         7539    i.http_listener     Net_Dbg_CM3_L.lib(net_http_server.o)
    0x08007a3c   0x08007a3c   0x00000184   Code   RO         7540    i.http_open_file    Net_Dbg_CM3_L.lib(net_http_server.o)
    0x08007bc0   0x08007bc0   0x0000011c   Code   RO         7541    i.http_parse_header  Net_Dbg_CM3_L.lib(net_http_server.o)
    0x08007cdc   0x08007cdc   0x000001a8   Code   RO         7542    i.http_proc_multipart  Net_Dbg_CM3_L.lib(net_http_server.o)
    0x08007e84   0x08007e84   0x00000138   Code   RO         7543    i.http_proc_post    Net_Dbg_CM3_L.lib(net_http_server.o)
    0x08007fbc   0x08007fbc   0x00000468   Code   RO         7544    i.http_server_run   Net_Dbg_CM3_L.lib(net_http_server.o)
    0x08008424   0x08008424   0x00000060   Code   RO         7545    i.http_server_start  Net_Dbg_CM3_L.lib(net_http_server.o)
    0x08008484   0x08008484   0x00000020   Code   RO         7547    i.http_strcpy       Net_Dbg_CM3_L.lib(net_http_server.o)
    0x080084a4   0x080084a4   0x000000ac   Code   RO         7548    i.http_to_utc       Net_Dbg_CM3_L.lib(net_http_server.o)
    0x08008550   0x08008550   0x0000001a   Code   RO         8019    i.i2str             Net_Dbg_CM3_L.lib(net_common.o)
    0x0800856a   0x0800856a   0x00000002   PAD
    0x0800856c   0x0800856c   0x0000009c   Code   RO         7244    i.igmp_host_run     Net_Dbg_CM3_L.lib(net_igmp.o)
    0x08008608   0x08008608   0x00000024   Code   RO         7245    i.igmp_map_group    Net_Dbg_CM3_L.lib(net_igmp.o)
    0x0800862c   0x0800862c   0x00000070   Code   RO         7246    i.igmp_send_report  Net_Dbg_CM3_L.lib(net_igmp.o)
    0x0800869c   0x0800869c   0x00000064   Code   RO          347    i.imageFileInfo     web.o
    0x08008700   0x08008700   0x000000dc   Code   RO          385    i.initPines_GPIOs   lcd.o
    0x080087dc   0x080087dc   0x00000048   Code   RO         3559    i.init_dma          emac_stm32f4xx.o
    0x08008824   0x08008824   0x00000068   Code   RO         3560    i.init_rx_desc      emac_stm32f4xx.o
    0x0800888c   0x0800888c   0x00000060   Code   RO         3561    i.init_tx_desc      emac_stm32f4xx.o
    0x080088ec   0x080088ec   0x0000000c   Code   RO         7896    i.ip4_get_chksum    Net_Dbg_CM3_L.lib(net_ip4.o)
    0x080088f8   0x080088f8   0x00000028   Code   RO         7897    i.ip4_get_mtu       Net_Dbg_CM3_L.lib(net_ip4.o)
    0x08008920   0x08008920   0x00000040   Code   RO         7759    i.ip4_ntoa          Net_Dbg_CM3_L.lib(net_addr.o)
    0x08008960   0x08008960   0x000000ca   Code   RO         7760    i.ip6_ntoa          Net_Dbg_CM3_L.lib(net_addr.o)
    0x08008a2a   0x08008a2a   0x00000082   Code   RO         2342    i.isrRtxMessageQueueGet  rtx_msgqueue.o
    0x08008aac   0x08008aac   0x00000086   Code   RO         2343    i.isrRtxMessageQueuePut  rtx_msgqueue.o
    0x08008b32   0x08008b32   0x00000058   Code   RO         2638    i.isrRtxSemaphoreRelease  rtx_semaphore.o
    0x08008b8a   0x08008b8a   0x00000064   Code   RO         2816    i.isrRtxThreadFlagsSet  rtx_thread.o
    0x08008bee   0x08008bee   0x00000002   PAD
    0x08008bf0   0x08008bf0   0x00000034   Code   RO         2755    i.isr_queue_get     rtx_system.o
    0x08008c24   0x08008c24   0x0000003c   Code   RO         2756    i.isr_queue_put     rtx_system.o
    0x08008c60   0x08008c60   0x0000004c   Code   RO          275    i.leds_out          http_server_cgi.o
    0x08008cac   0x08008cac   0x0000002c   Code   RO            8    i.main              main.o
    0x08008cd8   0x08008cd8   0x0000000c   Code   RO         7995    i.mem_lock          Net_Dbg_CM3_L.lib(net_mem.o)
    0x08008ce4   0x08008ce4   0x0000000c   Code   RO         7996    i.mem_unlock        Net_Dbg_CM3_L.lib(net_mem.o)
    0x08008cf0   0x08008cf0   0x00000030   Code   RO         6841    i.ms2tick           net_config.o
    0x08008d20   0x08008d20   0x000001a4   Code   RO         7516    i.nbns_listener     Net_Dbg_CM3_L.lib(net_nbns_client.o)
    0x08008ec4   0x08008ec4   0x00000120   Code   RO         7826    i.ndp_cache_add     Net_Dbg_CM3_L.lib(net_ndp.o)
    0x08008fe4   0x08008fe4   0x00000072   Code   RO         7827    i.ndp_cache_alloc   Net_Dbg_CM3_L.lib(net_ndp.o)
    0x08009056   0x08009056   0x00000002   PAD
    0x08009058   0x08009058   0x00000078   Code   RO         7828    i.ndp_cache_delete  Net_Dbg_CM3_L.lib(net_ndp.o)
    0x080090d0   0x080090d0   0x0000002c   Code   RO         7830    i.ndp_check_frame   Net_Dbg_CM3_L.lib(net_ndp.o)
    0x080090fc   0x080090fc   0x00000012   Code   RO         7831    i.ndp_next_opt      Net_Dbg_CM3_L.lib(net_ndp.o)
    0x0800910e   0x0800910e   0x00000002   PAD
    0x08009110   0x08009110   0x000000e4   Code   RO         7832    i.ndp_prefix_add    Net_Dbg_CM3_L.lib(net_ndp.o)
    0x080091f4   0x080091f4   0x000000fc   Code   RO         7835    i.ndp_proc_response  Net_Dbg_CM3_L.lib(net_ndp.o)
    0x080092f0   0x080092f0   0x0000001a   Code   RO         7836    i.ndp_que_free      Net_Dbg_CM3_L.lib(net_ndp.o)
    0x0800930a   0x0800930a   0x00000002   PAD
    0x0800930c   0x0800930c   0x00000038   Code   RO         7837    i.ndp_router_remove  Net_Dbg_CM3_L.lib(net_ndp.o)
    0x08009344   0x08009344   0x0000009c   Code   RO         7838    i.ndp_send_reply    Net_Dbg_CM3_L.lib(net_ndp.o)
    0x080093e0   0x080093e0   0x000000bc   Code   RO         7839    i.ndp_send_request  Net_Dbg_CM3_L.lib(net_ndp.o)
    0x0800949c   0x0800949c   0x00000004   Code   RO         7549    i.netCGI_Charset    Net_Dbg_CM3_L.lib(net_http_server.o)
    0x080094a0   0x080094a0   0x00000004   Code   RO         7550    i.netCGI_ContentType  Net_Dbg_CM3_L.lib(net_http_server.o)
    0x080094a4   0x080094a4   0x00000004   Code   RO         7551    i.netCGI_CustomHeader  Net_Dbg_CM3_L.lib(net_http_server.o)
    0x080094a8   0x080094a8   0x0000006c   Code   RO         7552    i.netCGI_GetEnvVar  Net_Dbg_CM3_L.lib(net_http_server.o)
    0x08009514   0x08009514   0x00000334   Code   RO          276    i.netCGI_ProcessData  http_server_cgi.o
    0x08009848   0x08009848   0x000000e0   Code   RO          277    i.netCGI_ProcessQuery  http_server_cgi.o
    0x08009928   0x08009928   0x00000004   Code   RO         7555    i.netCGI_Redirect   Net_Dbg_CM3_L.lib(net_http_server.o)
    0x0800992c   0x0800992c   0x000004c0   Code   RO          278    i.netCGI_Script     http_server_cgi.o
    0x08009dec   0x08009dec   0x00000004   Code   RO         7557    i.netCGX_ContentType  Net_Dbg_CM3_L.lib(net_http_server.o)
    0x08009df0   0x08009df0   0x00000064   Code   RO         7709    i.netCore_Thread    Net_Dbg_CM3_L.lib(net_sys.o)
    0x08009e54   0x08009e54   0x00000002   Code   RO         7131    i.netETH_Notify     Net_Dbg_CM3_L.lib(net_eth.o)
    0x08009e56   0x08009e56   0x00000002   Code   RO         7132    i.netETH_ReceiveRaw  Net_Dbg_CM3_L.lib(net_eth.o)
    0x08009e58   0x08009e58   0x00000072   Code   RO         7134    i.netETH_Thread     Net_Dbg_CM3_L.lib(net_eth.o)
    0x08009eca   0x08009eca   0x00000004   Code   RO         7558    i.netHTTPs_AcceptClient  Net_Dbg_CM3_L.lib(net_http_server.o)
    0x08009ece   0x08009ece   0x00000004   Code   RO         7664    i.netHTTPs_CheckAccount  Net_Dbg_CM3_L.lib(net_http_server_auth.o)
    0x08009ed2   0x08009ed2   0x00000004   Code   RO         7560    i.netHTTPs_FileAccess  Net_Dbg_CM3_L.lib(net_http_server.o)
    0x08009ed6   0x08009ed6   0x00000002   PAD
    0x08009ed8   0x08009ed8   0x00000020   Code   RO         7563    i.netHTTPs_GetLanguage  Net_Dbg_CM3_L.lib(net_http_server.o)
    0x08009ef8   0x08009ef8   0x0000000c   Code   RO         7564    i.netHTTPs_GetPassword  Net_Dbg_CM3_L.lib(net_http_server.o)
    0x08009f04   0x08009f04   0x0000000c   Code   RO         7570    i.netHTTPs_LoginActive  Net_Dbg_CM3_L.lib(net_http_server.o)
    0x08009f10   0x08009f10   0x00000058   Code   RO         7573    i.netHTTPs_SetPassword  Net_Dbg_CM3_L.lib(net_http_server.o)
    0x08009f68   0x08009f68   0x00000002   Code   RO         6847    i.netHTTPs_fclose   net_config.o
    0x08009f6a   0x08009f6a   0x00000004   Code   RO         6848    i.netHTTPs_fgets    net_config.o
    0x08009f6e   0x08009f6e   0x00000004   Code   RO         6849    i.netHTTPs_fopen    net_config.o
    0x08009f72   0x08009f72   0x00000004   Code   RO         6850    i.netHTTPs_fread    net_config.o
    0x08009f76   0x08009f76   0x00000002   Code   RO         6851    i.netHTTPs_fstat    net_config.o
    0x08009f78   0x08009f78   0x00000088   Code   RO         7710    i.netIF_GetOption   Net_Dbg_CM3_L.lib(net_sys.o)
    0x0800a000   0x0800a000   0x00000084   Code   RO         7712    i.netIF_SetOption   Net_Dbg_CM3_L.lib(net_sys.o)
    0x0800a084   0x0800a084   0x0000001a   Code   RO         7762    i.netIP_aton        Net_Dbg_CM3_L.lib(net_addr.o)
    0x0800a09e   0x0800a09e   0x00000032   Code   RO         7763    i.netIP_ntoa        Net_Dbg_CM3_L.lib(net_addr.o)
    0x0800a0d0   0x0800a0d0   0x000000ac   Code   RO         7713    i.netInitialize     Net_Dbg_CM3_L.lib(net_sys.o)
    0x0800a17c   0x0800a17c   0x0000008c   Code   RO         7764    i.netMAC_aton       Net_Dbg_CM3_L.lib(net_addr.o)
    0x0800a208   0x0800a208   0x00000004   Code   RO         7397    i.netTCP_GetLocalPort  Net_Dbg_CM3_L.lib(net_tcp.o)
    0x0800a20c   0x0800a20c   0x00000020   Code   RO         7399    i.netTCP_GetPeer    Net_Dbg_CM3_L.lib(net_tcp.o)
    0x0800a22c   0x0800a22c   0x00000004   Code   RO         7401    i.netTCP_GetState   Net_Dbg_CM3_L.lib(net_tcp.o)
    0x0800a230   0x0800a230   0x00000004   Code   RO         7402    i.netTCP_GetTimer   Net_Dbg_CM3_L.lib(net_tcp.o)
    0x0800a234   0x0800a234   0x0000007c   Code   RO         7766    i.net_addr4_aton    Net_Dbg_CM3_L.lib(net_addr.o)
    0x0800a2b0   0x0800a2b0   0x0000001e   Code   RO         7768    i.net_addr4_to_mac  Net_Dbg_CM3_L.lib(net_addr.o)
    0x0800a2ce   0x0800a2ce   0x00000002   PAD
    0x0800a2d0   0x0800a2d0   0x000000e6   Code   RO         7769    i.net_addr6_aton    Net_Dbg_CM3_L.lib(net_addr.o)
    0x0800a3b6   0x0800a3b6   0x00000028   Code   RO         7770    i.net_addr6_comp    Net_Dbg_CM3_L.lib(net_addr.o)
    0x0800a3de   0x0800a3de   0x00000012   Code   RO         7771    i.net_addr6_copy    Net_Dbg_CM3_L.lib(net_addr.o)
    0x0800a3f0   0x0800a3f0   0x0000004c   Code   RO         7772    i.net_addr6_create  Net_Dbg_CM3_L.lib(net_addr.o)
    0x0800a43c   0x0800a43c   0x00000028   Code   RO         7773    i.net_addr6_get_solicited  Net_Dbg_CM3_L.lib(net_addr.o)
    0x0800a464   0x0800a464   0x00000018   Code   RO         7774    i.net_addr6_is_linklocal  Net_Dbg_CM3_L.lib(net_addr.o)
    0x0800a47c   0x0800a47c   0x0000006e   Code   RO         7775    i.net_addr6_is_onlink  Net_Dbg_CM3_L.lib(net_addr.o)
    0x0800a4ea   0x0800a4ea   0x00000048   Code   RO         7776    i.net_addr6_is_solicited  Net_Dbg_CM3_L.lib(net_addr.o)
    0x0800a532   0x0800a532   0x00000018   Code   RO         7777    i.net_addr6_is_unspec  Net_Dbg_CM3_L.lib(net_addr.o)
    0x0800a54a   0x0800a54a   0x0000000e   Code   RO         7779    i.net_addr6_to_mac  Net_Dbg_CM3_L.lib(net_addr.o)
    0x0800a558   0x0800a558   0x00000026   Code   RO         7781    i.net_addr_copy     Net_Dbg_CM3_L.lib(net_addr.o)
    0x0800a57e   0x0800a57e   0x0000001a   Code   RO         7782    i.net_addr_find_route  Net_Dbg_CM3_L.lib(net_addr.o)
    0x0800a598   0x0800a598   0x00000020   Code   RO         7784    i.net_addr_get_local  Net_Dbg_CM3_L.lib(net_addr.o)
    0x0800a5b8   0x0800a5b8   0x00000022   Code   RO         7785    i.net_addr_is_unspec  Net_Dbg_CM3_L.lib(net_addr.o)
    0x0800a5da   0x0800a5da   0x00000002   PAD
    0x0800a5dc   0x0800a5dc   0x0000011c   Code   RO         7194    i.net_arp_cache_add  Net_Dbg_CM3_L.lib(net_arp.o)
    0x0800a6f8   0x0800a6f8   0x000000bc   Code   RO         7195    i.net_arp_cache_early  Net_Dbg_CM3_L.lib(net_arp.o)
    0x0800a7b4   0x0800a7b4   0x000000ec   Code   RO         7196    i.net_arp_cache_find  Net_Dbg_CM3_L.lib(net_arp.o)
    0x0800a8a0   0x0800a8a0   0x00000048   Code   RO         7197    i.net_arp_cache_init  Net_Dbg_CM3_L.lib(net_arp.o)
    0x0800a8e8   0x0800a8e8   0x0000001c   Code   RO         7198    i.net_arp_cache_run  Net_Dbg_CM3_L.lib(net_arp.o)
    0x0800a904   0x0800a904   0x00000040   Code   RO         7199    i.net_arp_cache_uninit  Net_Dbg_CM3_L.lib(net_arp.o)
    0x0800a944   0x0800a944   0x00000078   Code   RO         7200    i.net_arp_enqueue   Net_Dbg_CM3_L.lib(net_arp.o)
    0x0800a9bc   0x0800a9bc   0x00000020   Code   RO         7202    i.net_arp_notify    Net_Dbg_CM3_L.lib(net_arp.o)
    0x0800a9dc   0x0800a9dc   0x00000224   Code   RO         7204    i.net_arp_process   Net_Dbg_CM3_L.lib(net_arp.o)
    0x0800ac00   0x0800ac00   0x00000042   Code   RO         8020    i.net_atoi          Net_Dbg_CM3_L.lib(net_common.o)
    0x0800ac42   0x0800ac42   0x00000002   PAD
    0x0800ac44   0x0800ac44   0x00000078   Code   RO         8086    i.net_base64_decode  Net_Dbg_CM3_L.lib(net_base64.o)
    0x0800acbc   0x0800acbc   0x00000030   Code   RO         8022    i.net_chksum_buf    Net_Dbg_CM3_L.lib(net_common.o)
    0x0800acec   0x0800acec   0x0000001e   Code   RO         8023    i.net_crc_buf       Net_Dbg_CM3_L.lib(net_common.o)
    0x0800ad0a   0x0800ad0a   0x0000000e   Code   RO         7135    i.net_eth_callback  Net_Dbg_CM3_L.lib(net_eth.o)
    0x0800ad18   0x0800ad18   0x00000068   Code   RO         7136    i.net_eth_config_mcast  Net_Dbg_CM3_L.lib(net_eth.o)
    0x0800ad80   0x0800ad80   0x000000ea   Code   RO         7138    i.net_eth_get_option  Net_Dbg_CM3_L.lib(net_eth.o)
    0x0800ae6a   0x0800ae6a   0x00000002   PAD
    0x0800ae6c   0x0800ae6c   0x0000001c   Code   RO         7139    i.net_eth_iface_init  Net_Dbg_CM3_L.lib(net_eth.o)
    0x0800ae88   0x0800ae88   0x0000001c   Code   RO         7140    i.net_eth_iface_run  Net_Dbg_CM3_L.lib(net_eth.o)
    0x0800aea4   0x0800aea4   0x0000001c   Code   RO         7141    i.net_eth_iface_uninit  Net_Dbg_CM3_L.lib(net_eth.o)
    0x0800aec0   0x0800aec0   0x000000a8   Code   RO         7142    i.net_eth_output    Net_Dbg_CM3_L.lib(net_eth.o)
    0x0800af68   0x0800af68   0x000001e0   Code   RO         7143    i.net_eth_send_frame  Net_Dbg_CM3_L.lib(net_eth.o)
    0x0800b148   0x0800b148   0x00000270   Code   RO         7144    i.net_eth_set_option  Net_Dbg_CM3_L.lib(net_eth.o)
    0x0800b3b8   0x0800b3b8   0x0000014e   Code   RO         7086    i.net_evr_init      net_debug.o
    0x0800b506   0x0800b506   0x00000002   PAD
    0x0800b508   0x0800b508   0x000000e8   Code   RO         7579    i.net_http_server_init  Net_Dbg_CM3_L.lib(net_http_server.o)
    0x0800b5f0   0x0800b5f0   0x00000028   Code   RO         7580    i.net_http_server_run  Net_Dbg_CM3_L.lib(net_http_server.o)
    0x0800b618   0x0800b618   0x00000070   Code   RO         7581    i.net_http_server_uninit  Net_Dbg_CM3_L.lib(net_http_server.o)
    0x0800b688   0x0800b688   0x00000018   Code   RO         7968    i.net_icmp6_init    Net_Dbg_CM3_L.lib(net_icmp6.o)
    0x0800b6a0   0x0800b6a0   0x00000238   Code   RO         7969    i.net_icmp6_process  Net_Dbg_CM3_L.lib(net_icmp6.o)
    0x0800b8d8   0x0800b8d8   0x00000084   Code   RO         7970    i.net_icmp6_send    Net_Dbg_CM3_L.lib(net_icmp6.o)
    0x0800b95c   0x0800b95c   0x00000058   Code   RO         7971    i.net_icmp6_send_echo  Net_Dbg_CM3_L.lib(net_icmp6.o)
    0x0800b9b4   0x0800b9b4   0x00000018   Code   RO         7316    i.net_icmp_init     Net_Dbg_CM3_L.lib(net_icmp.o)
    0x0800b9cc   0x0800b9cc   0x000001c8   Code   RO         7317    i.net_icmp_process  Net_Dbg_CM3_L.lib(net_icmp.o)
    0x0800bb94   0x0800bb94   0x000000a0   Code   RO         7318    i.net_icmp_send_echo  Net_Dbg_CM3_L.lib(net_icmp.o)
    0x0800bc34   0x0800bc34   0x0000000c   Code   RO         7717    i.net_if_map_all    Net_Dbg_CM3_L.lib(net_sys.o)
    0x0800bc40   0x0800bc40   0x0000006c   Code   RO         7249    i.net_igmp_collect_mcast  Net_Dbg_CM3_L.lib(net_igmp.o)
    0x0800bcac   0x0800bcac   0x00000048   Code   RO         7250    i.net_igmp_host_init  Net_Dbg_CM3_L.lib(net_igmp.o)
    0x0800bcf4   0x0800bcf4   0x0000001c   Code   RO         7251    i.net_igmp_host_run  Net_Dbg_CM3_L.lib(net_igmp.o)
    0x0800bd10   0x0800bd10   0x00000038   Code   RO         7252    i.net_igmp_host_uninit  Net_Dbg_CM3_L.lib(net_igmp.o)
    0x0800bd48   0x0800bd48   0x00000020   Code   RO         7253    i.net_igmp_is_member  Net_Dbg_CM3_L.lib(net_igmp.o)
    0x0800bd68   0x0800bd68   0x000001ac   Code   RO         7254    i.net_igmp_process  Net_Dbg_CM3_L.lib(net_igmp.o)
    0x0800bf14   0x0800bf14   0x0000018c   Code   RO         7898    i.net_ip4_chk_frame  Net_Dbg_CM3_L.lib(net_ip4.o)
    0x0800c0a0   0x0800c0a0   0x0000002c   Code   RO         7899    i.net_ip4_chksum    Net_Dbg_CM3_L.lib(net_ip4.o)
    0x0800c0cc   0x0800c0cc   0x00000006   Code   RO         7900    i.net_ip4_chksum_buf  Net_Dbg_CM3_L.lib(net_ip4.o)
    0x0800c0d2   0x0800c0d2   0x00000002   PAD
    0x0800c0d4   0x0800c0d4   0x00000080   Code   RO         7902    i.net_ip4_find_route  Net_Dbg_CM3_L.lib(net_ip4.o)
    0x0800c154   0x0800c154   0x00000124   Code   RO         7295    i.net_ip4_frag_add  Net_Dbg_CM3_L.lib(net_ip4_frag.o)
    0x0800c278   0x0800c278   0x000000ac   Code   RO         7296    i.net_ip4_frag_get  Net_Dbg_CM3_L.lib(net_ip4_frag.o)
    0x0800c324   0x0800c324   0x00000010   Code   RO         7297    i.net_ip4_frag_init  Net_Dbg_CM3_L.lib(net_ip4_frag.o)
    0x0800c334   0x0800c334   0x0000003c   Code   RO         7298    i.net_ip4_frag_run  Net_Dbg_CM3_L.lib(net_ip4_frag.o)
    0x0800c370   0x0800c370   0x00000010   Code   RO         7299    i.net_ip4_frag_uninit  Net_Dbg_CM3_L.lib(net_ip4_frag.o)
    0x0800c380   0x0800c380   0x0000002c   Code   RO         7903    i.net_ip4_get_local  Net_Dbg_CM3_L.lib(net_ip4.o)
    0x0800c3ac   0x0800c3ac   0x00000024   Code   RO         7904    i.net_ip4_init      Net_Dbg_CM3_L.lib(net_ip4.o)
    0x0800c3d0   0x0800c3d0   0x00000020   Code   RO         7905    i.net_ip4_is_onlink  Net_Dbg_CM3_L.lib(net_ip4.o)
    0x0800c3f0   0x0800c3f0   0x00000026   Code   RO         7906    i.net_ip4_is_subcast  Net_Dbg_CM3_L.lib(net_ip4.o)
    0x0800c416   0x0800c416   0x0000000e   Code   RO         7907    i.net_ip4_reass_frame  Net_Dbg_CM3_L.lib(net_ip4.o)
    0x0800c424   0x0800c424   0x00000164   Code   RO         7908    i.net_ip4_send_frame  Net_Dbg_CM3_L.lib(net_ip4.o)
    0x0800c588   0x0800c588   0x0000002a   Code   RO         7910    i.net_ip4_tx_offl_hl  Net_Dbg_CM3_L.lib(net_ip4.o)
    0x0800c5b2   0x0800c5b2   0x00000002   PAD
    0x0800c5b4   0x0800c5b4   0x00000020   Code   RO         7911    i.net_ip4_uninit    Net_Dbg_CM3_L.lib(net_ip4.o)
    0x0800c5d4   0x0800c5d4   0x00000100   Code   RO         7936    i.net_ip6_chk_frame  Net_Dbg_CM3_L.lib(net_ip6.o)
    0x0800c6d4   0x0800c6d4   0x00000032   Code   RO         7937    i.net_ip6_chksum    Net_Dbg_CM3_L.lib(net_ip6.o)
    0x0800c706   0x0800c706   0x00000002   PAD
    0x0800c708   0x0800c708   0x0000007c   Code   RO         7938    i.net_ip6_collect_mcast  Net_Dbg_CM3_L.lib(net_ip6.o)
    0x0800c784   0x0800c784   0x00000048   Code   RO         7940    i.net_ip6_find_route  Net_Dbg_CM3_L.lib(net_ip6.o)
    0x0800c7cc   0x0800c7cc   0x00000054   Code   RO         7941    i.net_ip6_get_local  Net_Dbg_CM3_L.lib(net_ip6.o)
    0x0800c820   0x0800c820   0x0000001c   Code   RO         7942    i.net_ip6_init      Net_Dbg_CM3_L.lib(net_ip6.o)
    0x0800c83c   0x0800c83c   0x000000cc   Code   RO         7943    i.net_ip6_send_frame  Net_Dbg_CM3_L.lib(net_ip6.o)
    0x0800c908   0x0800c908   0x0000001e   Code   RO         7945    i.net_ip6_tx_offl_hl  Net_Dbg_CM3_L.lib(net_ip6.o)
    0x0800c926   0x0800c926   0x00000002   PAD
    0x0800c928   0x0800c928   0x0000001c   Code   RO         7946    i.net_ip6_uninit    Net_Dbg_CM3_L.lib(net_ip6.o)
    0x0800c944   0x0800c944   0x00000008   Code   RO         8024    i.net_itoa          Net_Dbg_CM3_L.lib(net_common.o)
    0x0800c94c   0x0800c94c   0x00000006   Code   RO         8026    i.net_itoa_n0       Net_Dbg_CM3_L.lib(net_common.o)
    0x0800c952   0x0800c952   0x00000002   PAD
    0x0800c954   0x0800c954   0x00000030   Code   RO         7277    i.net_loop_iface_init  Net_Dbg_CM3_L.lib(net_loopback.o)
    0x0800c984   0x0800c984   0x000000bc   Code   RO         7278    i.net_loop_iface_run  Net_Dbg_CM3_L.lib(net_loopback.o)
    0x0800ca40   0x0800ca40   0x00000028   Code   RO         7279    i.net_loop_iface_uninit  Net_Dbg_CM3_L.lib(net_loopback.o)
    0x0800ca68   0x0800ca68   0x00000070   Code   RO         7280    i.net_loop_send_frame  Net_Dbg_CM3_L.lib(net_loopback.o)
    0x0800cad8   0x0800cad8   0x000000c0   Code   RO         7997    i.net_mem_alloc     Net_Dbg_CM3_L.lib(net_mem.o)
    0x0800cb98   0x0800cb98   0x0000001c   Code   RO         7998    i.net_mem_avail     Net_Dbg_CM3_L.lib(net_mem.o)
    0x0800cbb4   0x0800cbb4   0x000000a4   Code   RO         7999    i.net_mem_free      Net_Dbg_CM3_L.lib(net_mem.o)
    0x0800cc58   0x0800cc58   0x00000070   Code   RO         8000    i.net_mem_init      Net_Dbg_CM3_L.lib(net_mem.o)
    0x0800ccc8   0x0800ccc8   0x00000048   Code   RO         8001    i.net_mem_shrink    Net_Dbg_CM3_L.lib(net_mem.o)
    0x0800cd10   0x0800cd10   0x00000064   Code   RO         7517    i.net_nbns_client_init  Net_Dbg_CM3_L.lib(net_nbns_client.o)
    0x0800cd74   0x0800cd74   0x00000038   Code   RO         7518    i.net_nbns_client_uninit  Net_Dbg_CM3_L.lib(net_nbns_client.o)
    0x0800cdac   0x0800cdac   0x000001c4   Code   RO         7847    i.net_ndp_cache_find  Net_Dbg_CM3_L.lib(net_ndp.o)
    0x0800cf70   0x0800cf70   0x00000078   Code   RO         7850    i.net_ndp_cache_refresh  Net_Dbg_CM3_L.lib(net_ndp.o)
    0x0800cfe8   0x0800cfe8   0x00000070   Code   RO         7853    i.net_ndp_enqueue   Net_Dbg_CM3_L.lib(net_ndp.o)
    0x0800d058   0x0800d058   0x00000374   Code   RO         7855    i.net_ndp_process   Net_Dbg_CM3_L.lib(net_ndp.o)
    0x0800d3cc   0x0800d3cc   0x00000038   Code   RO         7719    i.net_path          Net_Dbg_CM3_L.lib(net_sys.o)
    0x0800d404   0x0800d404   0x00000020   Code   RO         7690    i.net_ping_client_init  Net_Dbg_CM3_L.lib(net_ping_core.o)
    0x0800d424   0x0800d424   0x00000080   Code   RO         7691    i.net_ping_client_run  Net_Dbg_CM3_L.lib(net_ping_core.o)
    0x0800d4a4   0x0800d4a4   0x00000020   Code   RO         7693    i.net_ping_client_uninit  Net_Dbg_CM3_L.lib(net_ping_core.o)
    0x0800d4c4   0x0800d4c4   0x0000001c   Code   RO         7720    i.net_rand32        Net_Dbg_CM3_L.lib(net_sys.o)
    0x0800d4e0   0x0800d4e0   0x0000002e   Code   RO         8027    i.net_strcasecmp    Net_Dbg_CM3_L.lib(net_common.o)
    0x0800d50e   0x0800d50e   0x00000016   Code   RO         8028    i.net_strchr        Net_Dbg_CM3_L.lib(net_common.o)
    0x0800d524   0x0800d524   0x0000001a   Code   RO         8029    i.net_strcmp        Net_Dbg_CM3_L.lib(net_common.o)
    0x0800d53e   0x0800d53e   0x00000012   Code   RO         8030    i.net_strcpy        Net_Dbg_CM3_L.lib(net_common.o)
    0x0800d550   0x0800d550   0x0000001c   Code   RO         8032    i.net_strnchr       Net_Dbg_CM3_L.lib(net_common.o)
    0x0800d56c   0x0800d56c   0x0000001a   Code   RO         8033    i.net_strncpy       Net_Dbg_CM3_L.lib(net_common.o)
    0x0800d586   0x0800d586   0x00000020   Code   RO         8034    i.net_strtoupper    Net_Dbg_CM3_L.lib(net_common.o)
    0x0800d5a6   0x0800d5a6   0x00000002   Code   RO         6853    i.net_sys_error     net_config.o
    0x0800d5a8   0x0800d5a8   0x0000000c   Code   RO         7721    i.net_sys_lock      Net_Dbg_CM3_L.lib(net_sys.o)
    0x0800d5b4   0x0800d5b4   0x00000016   Code   RO         7722    i.net_sys_resume    Net_Dbg_CM3_L.lib(net_sys.o)
    0x0800d5ca   0x0800d5ca   0x00000002   PAD
    0x0800d5cc   0x0800d5cc   0x00000014   Code   RO         7724    i.net_sys_tick      Net_Dbg_CM3_L.lib(net_sys.o)
    0x0800d5e0   0x0800d5e0   0x0000000c   Code   RO         7725    i.net_sys_unlock    Net_Dbg_CM3_L.lib(net_sys.o)
    0x0800d5ec   0x0800d5ec   0x00000020   Code   RO         7727    i.net_sys_wakeup    Net_Dbg_CM3_L.lib(net_sys.o)
    0x0800d60c   0x0800d60c   0x00000084   Code   RO         7409    i.net_tcp_abort     Net_Dbg_CM3_L.lib(net_tcp.o)
    0x0800d690   0x0800d690   0x000000e4   Code   RO         7412    i.net_tcp_close     Net_Dbg_CM3_L.lib(net_tcp.o)
    0x0800d774   0x0800d774   0x0000002e   Code   RO         7415    i.net_tcp_get_buf   Net_Dbg_CM3_L.lib(net_tcp.o)
    0x0800d7a2   0x0800d7a2   0x00000002   PAD
    0x0800d7a4   0x0800d7a4   0x00000034   Code   RO         7417    i.net_tcp_get_local_port  Net_Dbg_CM3_L.lib(net_tcp.o)
    0x0800d7d8   0x0800d7d8   0x00000028   Code   RO         7418    i.net_tcp_get_mss   Net_Dbg_CM3_L.lib(net_tcp.o)
    0x0800d800   0x0800d800   0x00000054   Code   RO         7420    i.net_tcp_get_peer  Net_Dbg_CM3_L.lib(net_tcp.o)
    0x0800d854   0x0800d854   0x00000070   Code   RO         7422    i.net_tcp_get_socket  Net_Dbg_CM3_L.lib(net_tcp.o)
    0x0800d8c4   0x0800d8c4   0x0000002c   Code   RO         7423    i.net_tcp_get_state  Net_Dbg_CM3_L.lib(net_tcp.o)
    0x0800d8f0   0x0800d8f0   0x00000034   Code   RO         7424    i.net_tcp_get_timer  Net_Dbg_CM3_L.lib(net_tcp.o)
    0x0800d924   0x0800d924   0x000000b0   Code   RO         7425    i.net_tcp_listen    Net_Dbg_CM3_L.lib(net_tcp.o)
    0x0800d9d4   0x0800d9d4   0x000007a8   Code   RO         7427    i.net_tcp_process   Net_Dbg_CM3_L.lib(net_tcp.o)
    0x0800e17c   0x0800e17c   0x0000015c   Code   RO         7431    i.net_tcp_send      Net_Dbg_CM3_L.lib(net_tcp.o)
    0x0800e2d8   0x0800e2d8   0x0000012c   Code   RO         7433    i.net_tcp_set_option  Net_Dbg_CM3_L.lib(net_tcp.o)
    0x0800e404   0x0800e404   0x00000028   Code   RO         7434    i.net_tcp_socket_init  Net_Dbg_CM3_L.lib(net_tcp.o)
    0x0800e42c   0x0800e42c   0x000003c0   Code   RO         7435    i.net_tcp_socket_run  Net_Dbg_CM3_L.lib(net_tcp.o)
    0x0800e7ec   0x0800e7ec   0x00000028   Code   RO         7436    i.net_tcp_socket_uninit  Net_Dbg_CM3_L.lib(net_tcp.o)
    0x0800e814   0x0800e814   0x0000002e   Code   RO         7346    i.net_udp_get_buf   Net_Dbg_CM3_L.lib(net_udp.o)
    0x0800e842   0x0800e842   0x00000002   PAD
    0x0800e844   0x0800e844   0x00000070   Code   RO         7349    i.net_udp_get_socket  Net_Dbg_CM3_L.lib(net_udp.o)
    0x0800e8b4   0x0800e8b4   0x000000ac   Code   RO         7351    i.net_udp_open      Net_Dbg_CM3_L.lib(net_udp.o)
    0x0800e960   0x0800e960   0x00000158   Code   RO         7352    i.net_udp_process   Net_Dbg_CM3_L.lib(net_udp.o)
    0x0800eab8   0x0800eab8   0x0000022c   Code   RO         7355    i.net_udp_send_if   Net_Dbg_CM3_L.lib(net_udp.o)
    0x0800ece4   0x0800ece4   0x00000024   Code   RO         7357    i.net_udp_socket_init  Net_Dbg_CM3_L.lib(net_udp.o)
    0x0800ed08   0x0800ed08   0x00000024   Code   RO         7358    i.net_udp_socket_uninit  Net_Dbg_CM3_L.lib(net_udp.o)
    0x0800ed2c   0x0800ed2c   0x00000008   Code   RO         8035    i.net_ultoa         Net_Dbg_CM3_L.lib(net_common.o)
    0x0800ed34   0x0800ed34   0x00000030   Code   RO         8038    i.net_ultox         Net_Dbg_CM3_L.lib(net_common.o)
    0x0800ed64   0x0800ed64   0x0000004c   Code   RO         8039    i.net_xtoul         Net_Dbg_CM3_L.lib(net_common.o)
    0x0800edb0   0x0800edb0   0x00000034   Code   RO         6854    i.netif_create      net_config.o
    0x0800ede4   0x0800ede4   0x00000014   Code   RO         6855    i.netif_delete      net_config.o
    0x0800edf8   0x0800edf8   0x00000008   Code   RO         6856    i.netif_lock        net_config.o
    0x0800ee00   0x0800ee00   0x00000004   Code   RO         6857    i.netif_unlock      net_config.o
    0x0800ee04   0x0800ee04   0x0000000e   Code   RO         6858    i.netos_delay       net_config.o
    0x0800ee12   0x0800ee12   0x00000006   Code   RO         6859    i.netos_flag_clear  net_config.o
    0x0800ee18   0x0800ee18   0x00000004   Code   RO         6860    i.netos_flag_set    net_config.o
    0x0800ee1c   0x0800ee1c   0x00000018   Code   RO         6861    i.netos_flag_wait   net_config.o
    0x0800ee34   0x0800ee34   0x0000001c   Code   RO         6862    i.netos_init        net_config.o
    0x0800ee50   0x0800ee50   0x00000008   Code   RO         6863    i.netos_lock        net_config.o
    0x0800ee58   0x0800ee58   0x00000014   Code   RO         6864    i.netos_mutex_create  net_config.o
    0x0800ee6c   0x0800ee6c   0x00000014   Code   RO         6866    i.netos_thread_create  net_config.o
    0x0800ee80   0x0800ee80   0x00000004   Code   RO         6869    i.netos_thread_pass  net_config.o
    0x0800ee84   0x0800ee84   0x00000014   Code   RO         6870    i.netos_timer_create  net_config.o
    0x0800ee98   0x0800ee98   0x00000016   Code   RO         6872    i.netos_timer_start  net_config.o
    0x0800eeae   0x0800eeae   0x00000004   Code   RO         6873    i.netos_unlock      net_config.o
    0x0800eeb2   0x0800eeb2   0x00000002   PAD
    0x0800eeb4   0x0800eeb4   0x0000003c   Code   RO          568    i.osDelay           rtx_delay.o
    0x0800eef0   0x0800eef0   0x00000030   Code   RO         1855    i.osKernelGetState  rtx_kernel.o
    0x0800ef20   0x0800ef20   0x0000002c   Code   RO         1858    i.osKernelGetTickCount  rtx_kernel.o
    0x0800ef4c   0x0800ef4c   0x0000002c   Code   RO         1859    i.osKernelGetTickFreq  rtx_kernel.o
    0x0800ef78   0x0800ef78   0x00000038   Code   RO         1860    i.osKernelInitialize  rtx_kernel.o
    0x0800efb0   0x0800efb0   0x00000034   Code   RO         1864    i.osKernelStart     rtx_kernel.o
    0x0800efe4   0x0800efe4   0x00000054   Code   RO         2345    i.osMessageQueueGet  rtx_msgqueue.o
    0x0800f038   0x0800f038   0x0000004c   Code   RO         2351    i.osMessageQueueNew  rtx_msgqueue.o
    0x0800f084   0x0800f084   0x00000054   Code   RO         2352    i.osMessageQueuePut  rtx_msgqueue.o
    0x0800f0d8   0x0800f0d8   0x00000044   Code   RO         2523    i.osMutexAcquire    rtx_mutex.o
    0x0800f11c   0x0800f11c   0x0000003c   Code   RO         2527    i.osMutexNew        rtx_mutex.o
    0x0800f158   0x0800f158   0x0000003c   Code   RO         2528    i.osMutexRelease    rtx_mutex.o
    0x0800f194   0x0800f194   0x00000020   Code   RO         3449    i.osRtxErrorNotify  rtx_config.o
    0x0800f1b4   0x0800f1b4   0x00000004   Code   RO         3450    i.osRtxIdleThread   rtx_config.o
    0x0800f1b8   0x0800f1b8   0x00000018   Code   RO         1867    i.osRtxKernelErrorNotify  rtx_kernel.o
    0x0800f1d0   0x0800f1d0   0x0000000c   Code   RO         2817    i.osRtxKernelGetState  rtx_thread.o
    0x0800f1dc   0x0800f1dc   0x0000000e   Code   RO         2080    i.osRtxKernelPreInit  rtx_lib.o
    0x0800f1ea   0x0800f1ea   0x000000ee   Code   RO         2128    i.osRtxMemoryAlloc  rtx_memory.o
    0x0800f2d8   0x0800f2d8   0x0000007c   Code   RO         2129    i.osRtxMemoryFree   rtx_memory.o
    0x0800f354   0x0800f354   0x0000006a   Code   RO         2130    i.osRtxMemoryInit   rtx_memory.o
    0x0800f3be   0x0800f3be   0x00000030   Code   RO         2187    i.osRtxMemoryPoolAlloc  rtx_mempool.o
    0x0800f3ee   0x0800f3ee   0x00000044   Code   RO         2188    i.osRtxMemoryPoolFree  rtx_mempool.o
    0x0800f432   0x0800f432   0x00000058   Code   RO         2189    i.osRtxMemoryPoolInit  rtx_mempool.o
    0x0800f48a   0x0800f48a   0x00000108   Code   RO         2354    i.osRtxMessageQueuePostProcess  rtx_msgqueue.o
    0x0800f592   0x0800f592   0x00000002   PAD
    0x0800f594   0x0800f594   0x0000002c   Code   RO         2355    i.osRtxMessageQueueTimerSetup  rtx_msgqueue.o
    0x0800f5c0   0x0800f5c0   0x00000066   Code   RO         2529    i.osRtxMutexOwnerRelease  rtx_mutex.o
    0x0800f626   0x0800f626   0x00000058   Code   RO         2530    i.osRtxMutexOwnerRestore  rtx_mutex.o
    0x0800f67e   0x0800f67e   0x00000002   PAD
    0x0800f680   0x0800f680   0x00000088   Code   RO         2757    i.osRtxPendSV_Handler  rtx_system.o
    0x0800f708   0x0800f708   0x0000003c   Code   RO         2758    i.osRtxPostProcess  rtx_system.o
    0x0800f744   0x0800f744   0x00000032   Code   RO         2639    i.osRtxSemaphorePostProcess  rtx_semaphore.o
    0x0800f776   0x0800f776   0x00000002   PAD
    0x0800f778   0x0800f778   0x00000040   Code   RO         2818    i.osRtxThreadBlock  rtx_thread.o
    0x0800f7b8   0x0800f7b8   0x00000068   Code   RO         2819    i.osRtxThreadDelayInsert  rtx_thread.o
    0x0800f820   0x0800f820   0x00000060   Code   RO         2820    i.osRtxThreadDelayRemove  rtx_thread.o
    0x0800f880   0x0800f880   0x00000130   Code   RO         2821    i.osRtxThreadDelayTick  rtx_thread.o
    0x0800f9b0   0x0800f9b0   0x00000040   Code   RO         2822    i.osRtxThreadDestroy  rtx_thread.o
    0x0800f9f0   0x0800f9f0   0x0000006c   Code   RO         2823    i.osRtxThreadDispatch  rtx_thread.o
    0x0800fa5c   0x0800fa5c   0x00000064   Code   RO         2824    i.osRtxThreadFree   rtx_thread.o
    0x0800fac0   0x0800fac0   0x0000000c   Code   RO         2825    i.osRtxThreadGetRunning  rtx_thread.o
    0x0800facc   0x0800facc   0x00000026   Code   RO         2826    i.osRtxThreadJoinWakeup  rtx_thread.o
    0x0800faf2   0x0800faf2   0x0000001a   Code   RO         2827    i.osRtxThreadListGet  rtx_thread.o
    0x0800fb0c   0x0800fb0c   0x0000002c   Code   RO         2828    i.osRtxThreadListPut  rtx_thread.o
    0x0800fb38   0x0800fb38   0x0000001a   Code   RO         2829    i.osRtxThreadListRemove  rtx_thread.o
    0x0800fb52   0x0800fb52   0x00000010   Code   RO         2830    i.osRtxThreadListRoot  rtx_thread.o
    0x0800fb62   0x0800fb62   0x0000002a   Code   RO         2831    i.osRtxThreadListSort  rtx_thread.o
    0x0800fb8c   0x0800fb8c   0x00000034   Code   RO         2833    i.osRtxThreadPostProcess  rtx_thread.o
    0x0800fbc0   0x0800fbc0   0x00000018   Code   RO         2834    i.osRtxThreadReadyPut  rtx_thread.o
    0x0800fbd8   0x0800fbd8   0x0000000e   Code   RO         2835    i.osRtxThreadRegPtr  rtx_thread.o
    0x0800fbe6   0x0800fbe6   0x00000002   PAD
    0x0800fbe8   0x0800fbe8   0x0000000c   Code   RO         2836    i.osRtxThreadSetRunning  rtx_thread.o
    0x0800fbf4   0x0800fbf4   0x0000000c   Code   RO         3243    i.osRtxThreadSetRunning  rtx_timer.o
    0x0800fc00   0x0800fc00   0x00000020   Code   RO         2837    i.osRtxThreadStackCheck  rtx_thread.o
    0x0800fc20   0x0800fc20   0x00000058   Code   RO         2838    i.osRtxThreadStartup  rtx_thread.o
    0x0800fc78   0x0800fc78   0x00000018   Code   RO         2839    i.osRtxThreadSwitch  rtx_thread.o
    0x0800fc90   0x0800fc90   0x0000004c   Code   RO         2840    i.osRtxThreadWaitEnter  rtx_thread.o
    0x0800fcdc   0x0800fcdc   0x00000036   Code   RO         2841    i.osRtxThreadWaitExit  rtx_thread.o
    0x0800fd12   0x0800fd12   0x00000002   PAD
    0x0800fd14   0x0800fd14   0x0000009c   Code   RO         2759    i.osRtxTick_Handler  rtx_system.o
    0x0800fdb0   0x0800fdb0   0x00000020   Code   RO         3244    i.osRtxTimerSetup   rtx_timer.o
    0x0800fdd0   0x0800fdd0   0x0000002c   Code   RO         3245    i.osRtxTimerThread  rtx_timer.o
    0x0800fdfc   0x0800fdfc   0x00000090   Code   RO         3246    i.osRtxTimerTick    rtx_timer.o
    0x0800fe8c   0x0800fe8c   0x00000084   Code   RO         2640    i.osSemaphoreAcquire  rtx_semaphore.o
    0x0800ff10   0x0800ff10   0x0000003c   Code   RO         2641    i.osSemaphoreDelete  rtx_semaphore.o
    0x0800ff4c   0x0800ff4c   0x0000004c   Code   RO         2644    i.osSemaphoreNew    rtx_semaphore.o
    0x0800ff98   0x0800ff98   0x00000038   Code   RO         2645    i.osSemaphoreRelease  rtx_semaphore.o
    0x0800ffd0   0x0800ffd0   0x00000020   Code   RO         2844    i.osThreadExit      rtx_thread.o
    0x0800fff0   0x0800fff0   0x0000003c   Code   RO         2845    i.osThreadFlagsClear  rtx_thread.o
    0x0801002c   0x0801002c   0x00000040   Code   RO         2847    i.osThreadFlagsSet  rtx_thread.o
    0x0801006c   0x0801006c   0x0000004c   Code   RO         2848    i.osThreadFlagsWait  rtx_thread.o
    0x080100b8   0x080100b8   0x0000004c   Code   RO         2857    i.osThreadNew       rtx_thread.o
    0x08010104   0x08010104   0x0000003c   Code   RO         2861    i.osThreadTerminate  rtx_thread.o
    0x08010140   0x08010140   0x00000038   Code   RO         2862    i.osThreadYield     rtx_thread.o
    0x08010178   0x08010178   0x00000050   Code   RO         3250    i.osTimerNew        rtx_timer.o
    0x080101c8   0x080101c8   0x00000044   Code   RO         3251    i.osTimerStart      rtx_timer.o
    0x0801020c   0x0801020c   0x00000048   Code   RO          279    i.pines_leds        http_server_cgi.o
    0x08010254   0x08010254   0x0000001c   Code   RO         7694    i.ping_send_req     Net_Dbg_CM3_L.lib(net_ping_core.o)
    0x08010270   0x08010270   0x00000058   Code   RO         7583    i.proc_req_line     Net_Dbg_CM3_L.lib(net_http_server.o)
    0x080102c8   0x080102c8   0x0000001a   Code   RO         7300    i.que_free_list     Net_Dbg_CM3_L.lib(net_ip4_frag.o)
    0x080102e2   0x080102e2   0x000000a0   Code   RO         7584    i.read_script_line  Net_Dbg_CM3_L.lib(net_http_server.o)
    0x08010382   0x08010382   0x00000048   Code   RO         7585    i.search_delim      Net_Dbg_CM3_L.lib(net_http_server.o)
    0x080103ca   0x080103ca   0x00000038   Code   RO          570    i.svcRtxDelay       rtx_delay.o
    0x08010402   0x08010402   0x00000002   PAD
    0x08010404   0x08010404   0x00000010   Code   RO         1870    i.svcRtxKernelGetState  rtx_kernel.o
    0x08010414   0x08010414   0x00000014   Code   RO         1873    i.svcRtxKernelGetTickCount  rtx_kernel.o
    0x08010428   0x08010428   0x00000014   Code   RO         1874    i.svcRtxKernelGetTickFreq  rtx_kernel.o
    0x0801043c   0x0801043c   0x00000218   Code   RO         1875    i.svcRtxKernelInitialize  rtx_kernel.o
    0x08010654   0x08010654   0x000000d4   Code   RO         1879    i.svcRtxKernelStart  rtx_kernel.o
    0x08010728   0x08010728   0x00000138   Code   RO         2357    i.svcRtxMessageQueueGet  rtx_msgqueue.o
    0x08010860   0x08010860   0x00000188   Code   RO         2363    i.svcRtxMessageQueueNew  rtx_msgqueue.o
    0x080109e8   0x080109e8   0x00000128   Code   RO         2364    i.svcRtxMessageQueuePut  rtx_msgqueue.o
    0x08010b10   0x08010b10   0x0000010c   Code   RO         2531    i.svcRtxMutexAcquire  rtx_mutex.o
    0x08010c1c   0x08010c1c   0x000000ac   Code   RO         2535    i.svcRtxMutexNew    rtx_mutex.o
    0x08010cc8   0x08010cc8   0x00000110   Code   RO         2536    i.svcRtxMutexRelease  rtx_mutex.o
    0x08010dd8   0x08010dd8   0x00000084   Code   RO         2646    i.svcRtxSemaphoreAcquire  rtx_semaphore.o
    0x08010e5c   0x08010e5c   0x0000008c   Code   RO         2647    i.svcRtxSemaphoreDelete  rtx_semaphore.o
    0x08010ee8   0x08010ee8   0x000000d0   Code   RO         2650    i.svcRtxSemaphoreNew  rtx_semaphore.o
    0x08010fb8   0x08010fb8   0x0000007c   Code   RO         2651    i.svcRtxSemaphoreRelease  rtx_semaphore.o
    0x08011034   0x08011034   0x00000068   Code   RO         2865    i.svcRtxThreadExit  rtx_thread.o
    0x0801109c   0x0801109c   0x00000046   Code   RO         2866    i.svcRtxThreadFlagsClear  rtx_thread.o
    0x080110e2   0x080110e2   0x0000009a   Code   RO         2868    i.svcRtxThreadFlagsSet  rtx_thread.o
    0x0801117c   0x0801117c   0x00000092   Code   RO         2869    i.svcRtxThreadFlagsWait  rtx_thread.o
    0x0801120e   0x0801120e   0x00000002   PAD
    0x08011210   0x08011210   0x00000280   Code   RO         2878    i.svcRtxThreadNew   rtx_thread.o
    0x08011490   0x08011490   0x000000ec   Code   RO         2882    i.svcRtxThreadTerminate  rtx_thread.o
    0x0801157c   0x0801157c   0x00000044   Code   RO         2883    i.svcRtxThreadYield  rtx_thread.o
    0x080115c0   0x080115c0   0x000000d4   Code   RO         3256    i.svcRtxTimerNew    rtx_timer.o
    0x08011694   0x08011694   0x00000068   Code   RO         3257    i.svcRtxTimerStart  rtx_timer.o
    0x080116fc   0x080116fc   0x00000018   Code   RO         7728    i.sys_map_if        Net_Dbg_CM3_L.lib(net_sys.o)
    0x08011714   0x08011714   0x0000004c   Code   RO         7729    i.sys_proc_tick     Net_Dbg_CM3_L.lib(net_sys.o)
    0x08011760   0x08011760   0x00000110   Code   RO         7437    i.tcp_map_socket    Net_Dbg_CM3_L.lib(net_tcp.o)
    0x08011870   0x08011870   0x00000084   Code   RO         7438    i.tcp_parse_opt     Net_Dbg_CM3_L.lib(net_tcp.o)
    0x080118f4   0x080118f4   0x0000011c   Code   RO         7439    i.tcp_proc_acknr    Net_Dbg_CM3_L.lib(net_tcp.o)
    0x08011a10   0x08011a10   0x000000ac   Code   RO         7440    i.tcp_proc_dupack   Net_Dbg_CM3_L.lib(net_tcp.o)
    0x08011abc   0x08011abc   0x0000001a   Code   RO         7441    i.tcp_que_free      Net_Dbg_CM3_L.lib(net_tcp.o)
    0x08011ad6   0x08011ad6   0x0000001a   Code   RO         7442    i.tcp_que_init      Net_Dbg_CM3_L.lib(net_tcp.o)
    0x08011af0   0x08011af0   0x000000ac   Code   RO         7443    i.tcp_que_resend    Net_Dbg_CM3_L.lib(net_tcp.o)
    0x08011b9c   0x08011b9c   0x00000090   Code   RO         7444    i.tcp_send_ctrl     Net_Dbg_CM3_L.lib(net_tcp.o)
    0x08011c2c   0x08011c2c   0x0000007c   Code   RO         7445    i.tcp_send_data     Net_Dbg_CM3_L.lib(net_tcp.o)
    0x08011ca8   0x08011ca8   0x00000090   Code   RO         7446    i.tcp_send_reset    Net_Dbg_CM3_L.lib(net_tcp.o)
    0x08011d38   0x08011d38   0x00000044   Code   RO         7447    i.tcp_set_cwnd      Net_Dbg_CM3_L.lib(net_tcp.o)
    0x08011d7c   0x08011d7c   0x00000074   Code   RO         7448    i.tcp_transit       Net_Dbg_CM3_L.lib(net_tcp.o)
    0x08011df0   0x08011df0   0x0000010c   Code   RO         7449    i.tcp_write         Net_Dbg_CM3_L.lib(net_tcp.o)
    0x08011efc   0x08011efc   0x0000002c   Code   RO         7359    i.udp_port_in_use   Net_Dbg_CM3_L.lib(net_udp.o)
    0x08011f28   0x08011f28   0x00000044   Code   RO         8040    i.ul2str            Net_Dbg_CM3_L.lib(net_common.o)
    0x08011f6c   0x08011f6c   0x00000124   Code   RO         7586    i.utc_to_http       Net_Dbg_CM3_L.lib(net_http_server.o)
    0x08012090   0x08012090   0x00000024   Data   RO          179    .constdata          http_server.o
    0x080120b4   0x080120b4   0x00006608   Data   RO          348    .constdata          web.o
    0x080186bc   0x080186bc   0x00000960   Data   RO          389    .constdata          lcd.o
    0x0801901c   0x0801901c   0x00000001   Data   RO          557    .constdata          irq_armv7m.o
    0x0801901d   0x0801901d   0x00000003   PAD
    0x08019020   0x08019020   0x00000068   Data   RO         2087    .constdata          rtx_lib.o
    0x08019088   0x08019088   0x00000024   Data   RO         3485    .constdata          phy_lan8742a.o
    0x080190ac   0x080190ac   0x00000094   Data   RO         3563    .constdata          emac_stm32f4xx.o
    0x08019140   0x08019140   0x00000080   Data   RO         3720    .constdata          spi_stm32f4xx.o
    0x080191c0   0x080191c0   0x00000018   Data   RO         3880    .constdata          eventrecorder.o
    0x080191d8   0x080191d8   0x00000018   Data   RO         6808    .constdata          system_stm32f4xx_1.o
    0x080191f0   0x080191f0   0x0000028c   Data   RO         6879    .constdata          net_config.o
    0x0801947c   0x0801947c   0x00000008   Data   RO         7255    .constdata          Net_Dbg_CM3_L.lib(net_igmp.o)
    0x08019484   0x08019484   0x0000002c   Data   RO         7281    .constdata          Net_Dbg_CM3_L.lib(net_loopback.o)
    0x080194b0   0x080194b0   0x0000000c   Data   RO         7282    .constdata          Net_Dbg_CM3_L.lib(net_loopback.o)
    0x080194bc   0x080194bc   0x00000008   Data   RO         7519    .constdata          Net_Dbg_CM3_L.lib(net_nbns_client.o)
    0x080194c4   0x080194c4   0x000000fa   Data   RO         7588    .constdata          Net_Dbg_CM3_L.lib(net_http_server.o)
    0x080195be   0x080195be   0x00000002   PAD
    0x080195c0   0x080195c0   0x00000018   Data   RO         7667    .constdata          Net_Dbg_CM3_L.lib(net_http_server_auth.o)
    0x080195d8   0x080195d8   0x00000012   Data   RO         7696    .constdata          Net_Dbg_CM3_L.lib(net_ping_core.o)
    0x080195ea   0x080195ea   0x00000010   Data   RO         7789    .constdata          Net_Dbg_CM3_L.lib(net_addr.o)
    0x080195fa   0x080195fa   0x00000006   Data   RO         7790    .constdata          Net_Dbg_CM3_L.lib(net_addr.o)
    0x08019600   0x08019600   0x00000004   Data   RO         7912    .constdata          Net_Dbg_CM3_L.lib(net_ip4.o)
    0x08019604   0x08019604   0x00000020   Data   RO         7947    .constdata          Net_Dbg_CM3_L.lib(net_ip6.o)
    0x08019624   0x08019624   0x00000018   Data   RO         7987    .constdata          Net_Dbg_CM3_L.lib(net_http_server_err.o)
    0x0801963c   0x0801963c   0x00000010   Data   RO         8041    .constdata          Net_Dbg_CM3_L.lib(net_common.o)
    0x0801964c   0x0801964c   0x00000090   Data   RO         8088    .constdata          Net_Dbg_CM3_L.lib(net_base64.o)
    0x080196dc   0x080196dc   0x00000004   Data   RO         8097    .constdata          Net_Dbg_CM3_L.lib(net_version.o)
    0x080196e0   0x080196e0   0x000000da   Data   RO          281    .conststring        http_server_cgi.o
    0x080197ba   0x080197ba   0x00000002   PAD
    0x080197bc   0x080197bc   0x000000e1   Data   RO         6880    .conststring        net_config.o
    0x0801989d   0x0801989d   0x00000003   PAD
    0x080198a0   0x080198a0   0x00000203   Data   RO         7988    .conststring        Net_Dbg_CM3_L.lib(net_http_server_err.o)
    0x08019aa3   0x08019aa3   0x00000001   PAD
    0x08019aa4   0x08019aa4   0x0000000b   Data   RO         1882    .conststrlit        rtx_kernel.o
    0x08019aaf   0x08019aaf   0x00000001   PAD
    0x08019ab0   0x08019ab0   0x000000a8   Data   RO         2088    .rodata             rtx_lib.o
    0x08019b58   0x08019b58   0x00000030   Data   RO         8438    Region$$Table       anon$$obj.o


    Execution Region RW_IRAM2 (Exec base: 0x10000000, Load base: 0x08019cc4, Size: 0x000004a4, Max: 0x00010000, ABSOLUTE)

    Exec Addr    Load Addr    Size         Type   Attr      Idx    E Section Name        Object

    0x10000000        -       0x000004a4   Zero   RW         3879    .bss.noinit         eventrecorder.o


    Execution Region RW_IRAM1 (Exec base: 0x20000000, Load base: 0x08019b88, Size: 0x0000f610, Max: 0x00030000, ABSOLUTE, COMPRESSED[0x0000013c])

    Exec Addr    Load Addr    Size         Type   Attr      Idx    E Section Name        Object

    0x20000000   COMPRESSED   0x00008040   Data   RW         2081    .bss.os             rtx_lib.o
    0x20008040   COMPRESSED   0x00000001   Data   RW         3384    .bss.os             os_systick.o
    0x20008041   COMPRESSED   0x00000003   PAD
    0x20008044   COMPRESSED   0x00000034   Data   RW         2082    .bss.os.msgqueue.cb  rtx_lib.o
    0x20008078   COMPRESSED   0x00000050   Data   RW         2083    .bss.os.msgqueue.mem  rtx_lib.o
    0x200080c8   COMPRESSED   0x00000038   Data   RW         6875    .bss.os.mutex.cb    net_config.o
    0x20008100   COMPRESSED   0x00000010   Data   RW         6876    .bss.os.semaphore.cb  net_config.o
    0x20008110   COMPRESSED   0x00000088   Data   RW         2084    .bss.os.thread.cb   rtx_lib.o
    0x20008198   COMPRESSED   0x00000088   Data   RW         6877    .bss.os.thread.cb   net_config.o
    0x20008220   COMPRESSED   0x00000200   Data   RW         2085    .bss.os.thread.idle.stack  rtx_lib.o
    0x20008420   COMPRESSED   0x00000200   Data   RW         2086    .bss.os.thread.timer.stack  rtx_lib.o
    0x20008620   COMPRESSED   0x00000020   Data   RW         6878    .bss.os.timer.cb    net_config.o
    0x20008640   COMPRESSED   0x00000004   Data   RW            9    .data               main.o
    0x20008644   COMPRESSED   0x00000034   Data   RW          180    .data               http_server.o
    0x20008678   COMPRESSED   0x00000010   Data   RW          282    .data               http_server_cgi.o
    0x20008688   COMPRESSED   0x00000018   Data   RW          390    .data               lcd.o
    0x200086a0   COMPRESSED   0x00000009   Data   RW         4016    .data               stm32f4xx_hal.o
    0x200086a9   COMPRESSED   0x00000003   PAD
    0x200086ac   COMPRESSED   0x00000004   Data   RW         6809    .data               system_stm32f4xx_1.o
    0x200086b0   COMPRESSED   0x0000000e   Data   RW         6881    .data               net_config.o
    0x200086be   COMPRESSED   0x00000004   Data   RW         7256    .data               Net_Dbg_CM3_L.lib(net_igmp.o)
    0x200086c2   COMPRESSED   0x00000002   PAD
    0x200086c4   COMPRESSED   0x00000004   Data   RW         7283    .data               Net_Dbg_CM3_L.lib(net_loopback.o)
    0x200086c8   COMPRESSED   0x00000004   Data   RW         7301    .data               Net_Dbg_CM3_L.lib(net_ip4_frag.o)
    0x200086cc   COMPRESSED   0x00000001   Data   RW         7319    .data               Net_Dbg_CM3_L.lib(net_icmp.o)
    0x200086cd   COMPRESSED   0x00000001   PAD
    0x200086ce   COMPRESSED   0x00000002   Data   RW         7361    .data               Net_Dbg_CM3_L.lib(net_udp.o)
    0x200086d0   COMPRESSED   0x00000004   Data   RW         7452    .data               Net_Dbg_CM3_L.lib(net_tcp.o)
    0x200086d4   COMPRESSED   0x00000001   Data   RW         7520    .data               Net_Dbg_CM3_L.lib(net_nbns_client.o)
    0x200086d5   COMPRESSED   0x00000003   PAD
    0x200086d8   COMPRESSED   0x0000000c   Data   RW         7589    .data               Net_Dbg_CM3_L.lib(net_http_server.o)
    0x200086e4   COMPRESSED   0x00000008   Data   RW         7913    .data               Net_Dbg_CM3_L.lib(net_ip4.o)
    0x200086ec   COMPRESSED   0x00000004   Data   RW         7949    .data               Net_Dbg_CM3_L.lib(net_ip6.o)
    0x200086f0   COMPRESSED   0x000000a4   Data   RW         1883    .data.os            rtx_kernel.o
    0x20008794   COMPRESSED   0x00000004   PAD
    0x20008798        -       0x00000400   Zero   RW          178    .bss                http_server.o
    0x20008b98        -       0x00000088   Zero   RW          280    .bss                http_server_cgi.o
    0x20008c20        -       0x000002ab   Zero   RW          388    .bss                lcd.o
    0x20008ecb   COMPRESSED   0x00000001   PAD
    0x20008ecc        -       0x0000000c   Zero   RW         3484    .bss                phy_lan8742a.o
    0x20008ed8        -       0x000024cc   Zero   RW         3562    .bss                emac_stm32f4xx.o
    0x2000b3a4        -       0x0000002c   Zero   RW         3719    .bss                spi_stm32f4xx.o
    0x2000b3d0        -       0x00003bd8   Zero   RW         6874    .bss                net_config.o
    0x2000efa8        -       0x000000a0   Zero   RW         7145    .bss                Net_Dbg_CM3_L.lib(net_eth.o)
    0x2000f048        -       0x00000018   Zero   RW         7205    .bss                Net_Dbg_CM3_L.lib(net_arp.o)
    0x2000f060        -       0x0000001c   Zero   RW         7360    .bss                Net_Dbg_CM3_L.lib(net_udp.o)
    0x2000f07c        -       0x00000098   Zero   RW         7587    .bss                Net_Dbg_CM3_L.lib(net_http_server.o)
    0x2000f114        -       0x0000002c   Zero   RW         7695    .bss                Net_Dbg_CM3_L.lib(net_ping_core.o)
    0x2000f140        -       0x00000038   Zero   RW         7730    .bss                Net_Dbg_CM3_L.lib(net_sys.o)
    0x2000f178        -       0x00000024   Zero   RW         7731    .bss                Net_Dbg_CM3_L.lib(net_sys.o)
    0x2000f19c        -       0x0000005c   Zero   RW         7788    .bss                Net_Dbg_CM3_L.lib(net_addr.o)
    0x2000f1f8        -       0x00000014   Zero   RW         8003    .bss                Net_Dbg_CM3_L.lib(net_mem.o)
    0x2000f20c   COMPRESSED   0x00000004   PAD
    0x2000f210        -       0x00000400   Zero   RW         6796    STACK               startup_stm32f429xx.o


==============================================================================

Image component sizes


      Code (inc. data)   RO Data    RW Data    ZI Data      Debug   Object Name

      3452        322        148          0       9420      56114   emac_stm32f4xx.o
      1568         90         24          0       1188      22059   eventrecorder.o
       154         38         36         52       1024      20673   http_server.o
      2456        426        218         16        136       6077   http_server_cgi.o
       148          8          1          0          0        616   irq_armv7m.o
      1284        150       2400         24        683       8436   lcd.o
       322         32          0          4          0     748052   main.o
       336         48        877        254      15320      39319   net_config.o
       334          0          0          0          0        631   net_debug.o
       142         24          0          1          0       2488   os_systick.o
       580         40         36          0         12       9374   phy_lan8742a.o
        36          6          0          0          0        957   rtx_config.o
       156          6          0          0          0      18505   rtx_delay.o
      1984        388          0          0          0      66804   rtx_evr.o
      1138         64         11        164          0      28159   rtx_kernel.o
       246          0        272      34124          0      10343   rtx_lib.o
       478          0          0          0          0       4171   rtx_memory.o
       532          0          0          0          0       3975   rtx_mempool.o
      2346         44          0          0          0      24562   rtx_msgqueue.o
      1130         28          0          0          0      11329   rtx_mutex.o
      1488         38          0          0          0      15947   rtx_semaphore.o
       792         40          0          0          0       9897   rtx_system.o
      3872        170          0          0          0      39810   rtx_thread.o
       872         60          0          0          0      12321   rtx_timer.o
      4392        210        128          0         44      54563   spi_stm32f4xx.o
        36          8        428          0       1024        808   startup_stm32f429xx.o
        62          8          0          9          0       8503   stm32f4xx_hal.o
        84         14          0          0          0      31696   stm32f4xx_hal_cortex.o
        40          0          0          0          0       1347   stm32f4xx_hal_dma.o
       920        100          0          0          0       3198   stm32f4xx_hal_gpio.o
      1788         74          0          0          0       5269   stm32f4xx_hal_rcc.o
       660         76          0          0          0       5439   stm32f4xx_hal_tim.o
       208         28         24          4          0       1867   system_stm32f4xx_1.o
       136          8      26120          0          0       1900   web.o

    ----------------------------------------------------------------------
     34212       2548      30780      34658      28856    1275209   Object Totals
         0          0         48          0          0          0   (incl. Generated)
        40          0          9          6          5          0   (incl. Padding)

    ----------------------------------------------------------------------

      Code (inc. data)   RO Data    RW Data    ZI Data      Debug   Library Member Name

      1414         18         22          0         92       1556   net_addr.o
      2938        152          0          0         24       1628   net_arp.o
       120          6        144          0          0         84   net_base64.o
       622         10         16          0          0       1340   net_common.o
      3816        150          0          0        160       1756   net_eth.o
      6946       1282        250         12        152       2940   net_http_server.o
       266         66         24          0          0        368   net_http_server_auth.o
         0          0        539          0          0          0   net_http_server_err.o
       640         48          0          1          0        236   net_icmp.o
       812         60          0          0          0        332   net_icmp6.o
      1028         54          8          4          0        760   net_igmp.o
      1220         92          4          8          0       1032   net_ip4.o
       706         34          0          4          0        544   net_ip4_frag.o
       876         80         32          4          0        720   net_ip6.o
       388         36         56          4          0        336   net_loopback.o
       592         64          0          0         20        564   net_mem.o
       576         58          8          1          0        268   net_nbns_client.o
      3058        106          0          0          0       1404   net_ndp.o
       220         40         18          0         44        300   net_ping_core.o
       834         84          0          0         92       1012   net_sys.o
      6606        292          0          4          0       2808   net_tcp.o
      1346         78          0          2         28        700   net_udp.o
         0          0          4          0          0          0   net_version.o
        86          0          0          0          0          0   __dczerorl2.o
         0          0          0          0          0          0   entry.o
         0          0          0          0          0          0   entry10a.o
         0          0          0          0          0          0   entry11a.o
         4          0          0          0          0          0   entry12b.o
         8          4          0          0          0          0   entry2.o
         4          0          0          0          0          0   entry5.o
         0          0          0          0          0          0   entry7b.o
         0          0          0          0          0          0   entry8b.o
         8          4          0          0          0          0   entry9a.o
        30          0          0          0          0          0   handlers.o
        36          8          0          0          0         68   init.o
         0          0          0          0          0          0   iusefp.o
        30          0          0          0          0         68   llshl.o
        36          0          0          0          0         68   llsshr.o
        32          0          0          0          0         68   llushr.o
        26          0          0          0          0         80   memcmp.o
        36          0          0          0          0         68   memcpya.o
        36          0          0          0          0        108   memseta.o
      2236         86          0          0          0        532   printfa.o
        28          0          0          0          0         76   strcmp.o
        18          0          0          0          0         68   strcpy.o
        14          0          0          0          0         68   strlen.o
        30          0          0          0          0         80   strncmp.o
        44          0          0          0          0         80   uidiv.o
        98          0          0          0          0         92   uldiv.o
        48          0          0          0          0         68   cdrcmple.o
       334          0          0          0          0        148   dadd.o
       222          0          0          0          0        100   ddiv.o
       186          0          0          0          0        176   depilogue.o
        48          0          0          0          0         68   dfixul.o
       228          0          0          0          0         96   dmul.o
        38          0          0          0          0         68   f2d.o
       110          0          0          0          0        168   fepilogue.o
        10          0          0          0          0         68   ffltui.o
       100          0          0          0          0         76   fmul.o

    ----------------------------------------------------------------------
     39232       2912       1128         50        616      23248   Library Totals
        44          0          3          6          4          0   (incl. Padding)

    ----------------------------------------------------------------------

      Code (inc. data)   RO Data    RW Data    ZI Data      Debug   Library Name

     35024       2810       1125         44        612      20688   Net_Dbg_CM3_L.lib
      2840        102          0          0          0       1524   mc_w.l
      1324          0          0          0          0       1036   mf_w.l

    ----------------------------------------------------------------------
     39232       2912       1128         50        616      23248   Library Totals

    ----------------------------------------------------------------------

==============================================================================


      Code (inc. data)   RO Data    RW Data    ZI Data      Debug   

     73444       5460      31908      34708      29472    1264473   Grand Totals
     73444       5460      31908        316      29472    1264473   ELF Image Totals (compressed)
     73444       5460      31908        316          0          0   ROM Totals

==============================================================================

    Total RO  Size (Code + RO Data)               105352 ( 102.88kB)
    Total RW  Size (RW Data + ZI Data)             64180 (  62.68kB)
    Total ROM Size (Code + RO Data + RW Data)     105668 ( 103.19kB)

==============================================================================

