Component: ARM Compiler 5.06 update 7 (build 960) Tool: armlink [4d3601]

==============================================================================

Section Cross References

    main.o(i.HAL_GetTick) refers to rtx_kernel.o(i.osKernelGetState) for osKernelGetState
    main.o(i.HAL_GetTick) refers to rtx_kernel.o(i.osKernelGetTickCount) for osKernelGetTickCount
    main.o(i.HAL_GetTick) refers to system_stm32f4xx_1.o(.data) for SystemCoreClock
    main.o(i.HAL_GetTick) refers to main.o(.data) for ticks
    main.o(i.SystemClock_Config) refers to stm32f4xx_hal_rcc.o(i.HAL_RCC_OscConfig) for HAL_RCC_OscConfig
    main.o(i.SystemClock_Config) refers to main.o(i.Error_Handler) for Error_Handler
    main.o(i.SystemClock_Config) refers to stm32f4xx_hal_rcc.o(i.HAL_RCC_ClockConfig) for HAL_RCC_ClockConfig
    main.o(i.SystemClock_Config) refers to stm32f4xx_hal.o(i.HAL_GetREVID) for HAL_GetREVID
    main.o(i.main) refers to stm32f4xx_hal.o(i.HAL_Init) for HAL_Init
    main.o(i.main) refers to main.o(i.SystemClock_Config) for SystemClock_Config
    main.o(i.main) refers to system_stm32f4xx_1.o(i.SystemCoreClockUpdate) for SystemCoreClockUpdate
    main.o(i.main) refers to rtx_kernel.o(i.osKernelInitialize) for osKernelInitialize
    main.o(i.main) refers to rtx_thread.o(i.osThreadNew) for osThreadNew
    main.o(i.main) refers to rtx_kernel.o(i.osKernelStart) for osKernelStart
    main.o(i.main) refers to http_server.o(.constdata) for app_main_attr
    main.o(i.main) refers to http_server.o(i.app_main) for app_main
    http_server.o(i.AD_in) refers to adc.o(i.ADC_getValue) for ADC_getValue
    http_server.o(i.BlinkLed) refers to rtx_delay.o(i.osDelay) for osDelay
    http_server.o(i.BlinkLed) refers to http_server.o(.data) for LEDrun
    http_server.o(i.Display) refers to rtx_thread.o(i.osThreadFlagsWait) for osThreadFlagsWait
    http_server.o(i.Init_MsgQueue_ServerLcd) refers to rtx_msgqueue.o(i.osMessageQueueNew) for osMessageQueueNew
    http_server.o(i.Init_MsgQueue_ServerLcd) refers to lcd.o(.data) for mid_MsgQueue_ServerLcd
    http_server.o(i.Init_MsgQueue_ServerLcd) refers to http_server.o(.data) for status_ServerLcd
    http_server.o(i.Rtc) refers to rtc.o(i.RTC_CalendarShow) for RTC_CalendarShow
    http_server.o(i.Rtc) refers to printfa.o(i.__0sprintf) for __2sprintf
    http_server.o(i.Rtc) refers to rtx_msgqueue.o(i.osMessageQueuePut) for osMessageQueuePut
    http_server.o(i.Rtc) refers to http_server.o(.bss) for aShowDate
    http_server.o(i.Rtc) refers to lcd.o(.data) for mid_MsgQueue_ServerLcd
    http_server.o(i.app_main) refers to http_server_cgi.o(i.pines_leds) for pines_leds
    http_server.o(i.app_main) refers to lcd.o(i.Init_Thlcd) for Init_Thlcd
    http_server.o(i.app_main) refers to rtc.o(i.Init_ThAlarm) for Init_ThAlarm
    http_server.o(i.app_main) refers to http_server_cgi.o(i.Init_MsgQueue_lcd) for Init_MsgQueue_lcd
    http_server.o(i.app_main) refers to http_server.o(i.Init_MsgQueue_ServerLcd) for Init_MsgQueue_ServerLcd
    http_server.o(i.app_main) refers to rtc.o(i.Init_timers) for Init_timers
    http_server.o(i.app_main) refers to net_sys.o(i.netInitialize) for netInitialize
    http_server.o(i.app_main) refers to rtc.o(i.RTC_Init) for RTC_Init
    http_server.o(i.app_main) refers to rtc.o(i.RTC_CalendarConfig) for RTC_CalendarConfig
    http_server.o(i.app_main) refers to rtc.o(i.SNTP_init) for SNTP_init
    http_server.o(i.app_main) refers to rtc.o(i.RTC_AlarmConfig) for RTC_AlarmConfig
    http_server.o(i.app_main) refers to adc.o(i.ADC_init) for ADC_init
    http_server.o(i.app_main) refers to rtx_thread.o(i.osThreadNew) for osThreadNew
    http_server.o(i.app_main) refers to rtx_thread.o(i.osThreadExit) for osThreadExit
    http_server.o(i.app_main) refers to http_server.o(i.BlinkLed) for BlinkLed
    http_server.o(i.app_main) refers to http_server.o(.data) for TID_Led
    http_server.o(i.app_main) refers to http_server.o(i.Display) for Display
    http_server.o(i.app_main) refers to http_server.o(i.Rtc) for Rtc
    http_server.o(i.netDHCP_Notify) refers to rtx_thread.o(i.osThreadFlagsSet) for osThreadFlagsSet
    http_server.o(i.netDHCP_Notify) refers to http_server.o(.data) for TID_Display
    http_server.o(.constdata) refers to http_server.o(.bss) for app_main_stk
    http_server_cgi.o(i.Init_MsgQueue_lcd) refers to rtx_msgqueue.o(i.osMessageQueueNew) for osMessageQueueNew
    http_server_cgi.o(i.Init_MsgQueue_lcd) refers to http_server_cgi.o(.data) for mid_MsgQueue_lcd
    http_server_cgi.o(i.leds_out) refers to stm32f4xx_hal_gpio.o(i.HAL_GPIO_Init) for HAL_GPIO_Init
    http_server_cgi.o(i.leds_out) refers to http_server_cgi.o(.bss) for GPIO_InitStruct
    http_server_cgi.o(i.netCGI_ProcessData) refers to http_server_cgi.o(i.leds_out) for leds_out
    http_server_cgi.o(i.netCGI_ProcessData) refers to stm32f4xx_hal_gpio.o(i.HAL_GPIO_WritePin) for HAL_GPIO_WritePin
[...]
    0x080022b8   0x080022b8   0x00000020   Code   RO         1095    i.EvrRtxMessageQueueGet  rtx_evr.o
    0x080022d8   0x080022d8   0x00000020   Code   RO         1100    i.EvrRtxMessageQueueGetPending  rtx_evr.o
    0x080022f8   0x080022f8   0x00000014   Code   RO         1102    i.EvrRtxMessageQueueGetTimeout  rtx_evr.o
    0x0800230c   0x0800230c   0x00000018   Code   RO         1103    i.EvrRtxMessageQueueInsertPending  rtx_evr.o
    0x08002324   0x08002324   0x00000018   Code   RO         1104    i.EvrRtxMessageQueueInserted  rtx_evr.o
    0x0800233c   0x0800233c   0x00000020   Code   RO         1105    i.EvrRtxMessageQueueNew  rtx_evr.o
    0x0800235c   0x0800235c   0x00000018   Code   RO         1106    i.EvrRtxMessageQueueNotInserted  rtx_evr.o
    0x08002374   0x08002374   0x00000018   Code   RO         1107    i.EvrRtxMessageQueueNotRetrieved  rtx_evr.o
    0x0800238c   0x0800238c   0x00000020   Code   RO         1108    i.EvrRtxMessageQueuePut  rtx_evr.o
    0x080023ac   0x080023ac   0x00000020   Code   RO         1109    i.EvrRtxMessageQueuePutPending  rtx_evr.o
    0x080023cc   0x080023cc   0x00000014   Code   RO         1110    i.EvrRtxMessageQueuePutTimeout  rtx_evr.o
    0x080023e0   0x080023e0   0x00000018   Code   RO         1113    i.EvrRtxMessageQueueRetrieved  rtx_evr.o
    0x080023f8   0x080023f8   0x00000018   Code   RO         1114    i.EvrRtxMutexAcquire  rtx_evr.o
    0x08002410   0x08002410   0x00000018   Code   RO         1115    i.EvrRtxMutexAcquirePending  rtx_evr.o
    0x08002428   0x08002428   0x00000014   Code   RO         1116    i.EvrRtxMutexAcquireTimeout  rtx_evr.o
    0x0800243c   0x0800243c   0x00000018   Code   RO         1117    i.EvrRtxMutexAcquired  rtx_evr.o
    0x08002454   0x08002454   0x00000018   Code   RO         1118    i.EvrRtxMutexCreated  rtx_evr.o
    0x0800246c   0x0800246c   0x00000014   Code   RO         1121    i.EvrRtxMutexError  rtx_evr.o
    0x08002480   0x08002480   0x00000014   Code   RO         1124    i.EvrRtxMutexNew    rtx_evr.o
    0x08002494   0x08002494   0x00000014   Code   RO         1125    i.EvrRtxMutexNotAcquired  rtx_evr.o
    0x080024a8   0x080024a8   0x00000014   Code   RO         1126    i.EvrRtxMutexRelease  rtx_evr.o
    0x080024bc   0x080024bc   0x00000018   Code   RO         1127    i.EvrRtxMutexReleased  rtx_evr.o
    0x080024d4   0x080024d4   0x00000018   Code   RO         1128    i.EvrRtxSemaphoreAcquire  rtx_evr.o
    0x080024ec   0x080024ec   0x00000018   Code   RO         1129    i.EvrRtxSemaphoreAcquirePending  rtx_evr.o
    0x08002504   0x08002504   0x00000014   Code   RO         1130    i.EvrRtxSemaphoreAcquireTimeout  rtx_evr.o
    0x08002518   0x08002518   0x00000018   Code   RO         1131    i.EvrRtxSemaphoreAcquired  rtx_evr.o
    0x08002530   0x08002530   0x00000018   Code   RO         1132    i.EvrRtxSemaphoreCreated  rtx_evr.o
    0x08002548   0x08002548   0x00000014   Code   RO         1133    i.EvrRtxSemaphoreDelete  rtx_evr.o
    0x0800255c   0x0800255c   0x00000014   Code   RO         1134    i.EvrRtxSemaphoreDestroyed  rtx_evr.o
    0x08002570   0x08002570   0x00000014   Code   RO         1135    i.EvrRtxSemaphoreError  rtx_evr.o
    0x08002584   0x08002584   0x00000020   Code   RO         1138    i.EvrRtxSemaphoreNew  rtx_evr.o
    0x080025a4   0x080025a4   0x00000014   Code   RO         1139    i.EvrRtxSemaphoreNotAcquired  rtx_evr.o
    0x080025b8   0x080025b8   0x00000014   Code   RO         1140    i.EvrRtxSemaphoreRelease  rtx_evr.o
    0x080025cc   0x080025cc   0x00000018   Code   RO         1141    i.EvrRtxSemaphoreReleased  rtx_evr.o
    0x080025e4   0x080025e4   0x00000018   Code   RO         1142    i.EvrRtxThreadBlocked  rtx_evr.o
    0x080025fc   0x080025fc   0x00000028   Code   RO         1143    i.EvrRtxThreadCreated  rtx_evr.o
    0x08002624   0x08002624   0x00000014   Code   RO         1144    i.EvrRtxThreadDestroyed  rtx_evr.o
    0x08002638   0x08002638   0x00000014   Code   RO         1148    i.EvrRtxThreadError  rtx_evr.o
    0x0800264c   0x0800264c   0x00000014   Code   RO         1149    i.EvrRtxThreadExit  rtx_evr.o
    0x08002660   0x08002660   0x00000014   Code   RO         1150    i.EvrRtxThreadFlagsClear  rtx_evr.o
    0x08002674   0x08002674   0x00000014   Code   RO         1151    i.EvrRtxThreadFlagsClearDone  rtx_evr.o
    0x08002688   0x08002688   0x00000014   Code   RO         1152    i.EvrRtxThreadFlagsError  rtx_evr.o
    0x0800269c   0x0800269c   0x00000018   Code   RO         1154    i.EvrRtxThreadFlagsSet  rtx_evr.o
    0x080026b4   0x080026b4   0x00000018   Code   RO         1155    i.EvrRtxThreadFlagsSetDone  rtx_evr.o
    0x080026cc   0x080026cc   0x00000020   Code   RO         1156    i.EvrRtxThreadFlagsWait  rtx_evr.o
    0x080026ec   0x080026ec   0x00000020   Code   RO         1157    i.EvrRtxThreadFlagsWaitCompleted  rtx_evr.o
    0x0800270c   0x0800270c   0x00000018   Code   RO         1158    i.EvrRtxThreadFlagsWaitNotCompleted  rtx_evr.o
    0x08002724   0x08002724   0x00000020   Code   RO         1159    i.EvrRtxThreadFlagsWaitPending  rtx_evr.o
    0x08002744   0x08002744   0x00000014   Code   RO         1160    i.EvrRtxThreadFlagsWaitTimeout  rtx_evr.o
    0x08002758   0x08002758   0x00000014   Code   RO         1170    i.EvrRtxThreadJoined  rtx_evr.o
    0x0800276c   0x0800276c   0x00000020   Code   RO         1171    i.EvrRtxThreadNew   rtx_evr.o
    0x0800278c   0x0800278c   0x00000014   Code   RO         1172    i.EvrRtxThreadPreempted  rtx_evr.o
    0x080027a0   0x080027a0   0x00000014   Code   RO         1179    i.EvrRtxThreadSwitched  rtx_evr.o
    0x080027b4   0x080027b4   0x00000014   Code   RO         1180    i.EvrRtxThreadTerminate  rtx_evr.o
    0x080027c8   0x080027c8   0x00000018   Code   RO         1181    i.EvrRtxThreadUnblocked  rtx_evr.o
    0x080027e0   0x080027e0   0x00000014   Code   RO         1182    i.EvrRtxThreadYield  rtx_evr.o
    0x080027f4   0x080027f4   0x00000018   Code   RO         1183    i.EvrRtxTimerCallback  rtx_evr.o
    0x0800280c   0x0800280c   0x00000018   Code   RO         1184    i.EvrRtxTimerCreated  rtx_evr.o
    0x08002824   0x08002824   0x00000014   Code   RO         1187    i.EvrRtxTimerError  rtx_evr.o
    0x08002838   0x08002838   0x00000020   Code   RO         1190    i.EvrRtxTimerNew    rtx_evr.o
    0x08002858   0x08002858   0x00000018   Code   RO         1191    i.EvrRtxTimerStart  rtx_evr.o
    0x08002870   0x08002870   0x00000014   Code   RO         1192    i.EvrRtxTimerStarted  rtx_evr.o
    0x08002884   0x08002884   0x00000014   Code   RO         1193    i.EvrRtxTimerStop   rtx_evr.o
    0x08002898   0x08002898   0x00000014   Code   RO         1194    i.EvrRtxTimerStopped  rtx_evr.o
    0x080028ac   0x080028ac   0x0000000c   Code   RO         3769    i.GetCapabilities   emac_stm32f4xx.o
    0x080028b8   0x080028b8   0x00000010   Code   RO         4104    i.GetContext        eventrecorder.o
    0x080028c8   0x080028c8   0x00000044   Code   RO         3703    i.GetLinkInfo       phy_lan8742a.o
    0x0800290c   0x0800290c   0x0000002c   Code   RO         3704    i.GetLinkState      phy_lan8742a.o
    0x08002938   0x08002938   0x00000044   Code   RO         3770    i.GetMacAddress     emac_stm32f4xx.o
    0x0800297c   0x0800297c   0x0000004c   Code   RO         3771    i.GetRxFrameSize    emac_stm32f4xx.o
    0x080029c8   0x080029c8   0x00000008   Code   RO         3772    i.GetRxFrameTime    emac_stm32f4xx.o
    0x080029d0   0x080029d0   0x00000008   Code   RO         3773    i.GetTxFrameTime    emac_stm32f4xx.o
    0x080029d8   0x080029d8   0x00000010   Code   RO         3705    i.GetVersion        phy_lan8742a.o
    0x080029e8   0x080029e8   0x00000010   Code   RO         3774    i.GetVersion        emac_stm32f4xx.o
    0x080029f8   0x080029f8   0x000001a4   Code   RO         4417    i.HAL_ADC_ConfigChannel  stm32f4xx_hal_adc.o
    0x08002b9c   0x08002b9c   0x00000008   Code   RO         4424    i.HAL_ADC_GetValue  stm32f4xx_hal_adc.o
    0x08002ba4   0x08002ba4   0x00000068   Code   RO         4426    i.HAL_ADC_Init      stm32f4xx_hal_adc.o
    0x08002c0c   0x08002c0c   0x00000002   Code   RO         4429    i.HAL_ADC_MspInit   stm32f4xx_hal_adc.o
    0x08002c0e   0x08002c0e   0x000000ce   Code   RO         4430    i.HAL_ADC_PollForConversion  stm32f4xx_hal_adc.o
    0x08002cdc   0x08002cdc   0x0000014c   Code   RO         4432    i.HAL_ADC_Start     stm32f4xx_hal_adc.o
    0x08002e28   0x08002e28   0x00000028   Code   RO         4831    i.HAL_DMA_Abort_IT  stm32f4xx_hal_dma.o
    0x08002e50   0x08002e50   0x00000180   Code   RO         4974    i.HAL_GPIO_DeInit   stm32f4xx_hal_gpio.o
    0x08002fd0   0x08002fd0   0x0000020c   Code   RO         4977    i.HAL_GPIO_Init     stm32f4xx_hal_gpio.o
    0x080031dc   0x080031dc   0x00000014   Code   RO         4980    i.HAL_GPIO_TogglePin  stm32f4xx_hal_gpio.o
    0x080031f0   0x080031f0   0x0000000c   Code   RO         4981    i.HAL_GPIO_WritePin  stm32f4xx_hal_gpio.o
    0x080031fc   0x080031fc   0x0000000c   Code   RO         4228    i.HAL_GetREVID      stm32f4xx_hal.o
    0x08003208   0x08003208   0x0000004c   Code   RO            5    i.HAL_GetTick       main.o
    0x08003254   0x08003254   0x00000030   Code   RO         4236    i.HAL_Init          stm32f4xx_hal.o
    0x08003284   0x08003284   0x00000006   Code   RO            6    i.HAL_InitTick      main.o
    0x0800328a   0x0800328a   0x00000002   Code   RO         4239    i.HAL_MspInit       stm32f4xx_hal.o
    0x0800328c   0x0800328c   0x0000002c   Code   RO         4691    i.HAL_NVIC_DisableIRQ  stm32f4xx_hal_cortex.o
    0x080032b8   0x080032b8   0x00000028   Code   RO         4692    i.HAL_NVIC_EnableIRQ  stm32f4xx_hal_cortex.o
    0x080032e0   0x080032e0   0x0000007c   Code   RO         4698    i.HAL_NVIC_SetPriority  stm32f4xx_hal_cortex.o
    0x0800335c   0x0800335c   0x00000028   Code   RO         4699    i.HAL_NVIC_SetPriorityGrouping  stm32f4xx_hal_cortex.o
    0x08003384   0x08003384   0x0000001c   Code   RO         5047    i.HAL_PWR_EnableBkUpAccess  stm32f4xx_hal_pwr.o
    0x080033a0   0x080033a0   0x00000304   Code   RO         5340    i.HAL_RCCEx_PeriphCLKConfig  stm32f4xx_hal_rcc_ex.o
    0x080036a4   0x080036a4   0x00000184   Code   RO         5233    i.HAL_RCC_ClockConfig  stm32f4xx_hal_rcc.o
    0x08003828   0x08003828   0x0000000c   Code   RO         5238    i.HAL_RCC_GetHCLKFreq  stm32f4xx_hal_rcc.o
    0x08003834   0x08003834   0x00000020   Code   RO         5241    i.HAL_RCC_GetPCLK2Freq  stm32f4xx_hal_rcc.o
    0x08003854   0x08003854   0x000000b0   Code   RO         5242    i.HAL_RCC_GetSysClockFreq  stm32f4xx_hal_rcc.o
    0x08003904   0x08003904   0x0000049c   Code   RO         5245    i.HAL_RCC_OscConfig  stm32f4xx_hal_rcc.o
    0x08003da0   0x08003da0   0x00000002   Code   RO         5568    i.HAL_RTCEx_AlarmBEventCallback  stm32f4xx_hal_rtc_ex.o
    0x08003da2   0x08003da2   0x00000012   Code   RO         5570    i.HAL_RTCEx_BKUPWrite  stm32f4xx_hal_rtc_ex.o
    0x08003db4   0x08003db4   0x00000014   Code   RO          672    i.HAL_RTC_AlarmAEventCallback  stm32f4xx_it.o
    0x08003dc8   0x08003dc8   0x0000006c   Code   RO         5401    i.HAL_RTC_AlarmIRQHandler  stm32f4xx_hal_rtc.o
    0x08003e34   0x08003e34   0x0000004c   Code   RO         5410    i.HAL_RTC_GetDate   stm32f4xx_hal_rtc.o
    0x08003e80   0x08003e80   0x00000060   Code   RO         5412    i.HAL_RTC_GetTime   stm32f4xx_hal_rtc.o
    0x08003ee0   0x08003ee0   0x000000d8   Code   RO         5413    i.HAL_RTC_Init      stm32f4xx_hal_rtc.o
    0x08003fb8   0x08003fb8   0x0000005c   Code   RO          572    i.HAL_RTC_MspInit   rtc.o
    0x08004014   0x08004014   0x00000208   Code   RO         5418    i.HAL_RTC_SetAlarm_IT  stm32f4xx_hal_rtc.o
    0x0800421c   0x0800421c   0x00000104   Code   RO         5419    i.HAL_RTC_SetDate   stm32f4xx_hal_rtc.o
    0x08004320   0x08004320   0x0000012c   Code   RO         5420    i.HAL_RTC_SetTime   stm32f4xx_hal_rtc.o
    0x0800444c   0x0800444c   0x0000003a   Code   RO         5421    i.HAL_RTC_WaitForSynchro  stm32f4xx_hal_rtc.o
    0x08004486   0x08004486   0x00000078   Code   RO         6258    i.HAL_TIM_Base_DeInit  stm32f4xx_hal_tim.o
    0x080044fe   0x080044fe   0x00000066   Code   RO         6260    i.HAL_TIM_Base_Init  stm32f4xx_hal_tim.o
    0x08004564   0x08004564   0x00000002   Code   RO         6261    i.HAL_TIM_Base_MspDeInit  stm32f4xx_hal_tim.o
    0x08004566   0x08004566   0x00000002   Code   RO         6262    i.HAL_TIM_Base_MspInit  stm32f4xx_hal_tim.o
    0x08004568   0x08004568   0x000000a8   Code   RO         6265    i.HAL_TIM_Base_Start_IT  stm32f4xx_hal_tim.o
    0x08004610   0x08004610   0x00000032   Code   RO         6266    i.HAL_TIM_Base_Stop  stm32f4xx_hal_tim.o
    0x08004642   0x08004642   0x00000004   Code   RO          673    i.HardFault_Handler  stm32f4xx_it.o
    0x08004646   0x08004646   0x00000002   PAD
    0x08004648   0x08004648   0x00000030   Code   RO          181    i.Init_MsgQueue_ServerLcd  http_server.o
    0x08004678   0x08004678   0x00000030   Code   RO          298    i.Init_MsgQueue_lcd  http_server_cgi.o
    0x080046a8   0x080046a8   0x00000028   Code   RO          573    i.Init_ThAlarm      rtc.o
    0x080046d0   0x080046d0   0x0000002c   Code   RO          395    i.Init_Thlcd        lcd.o
    0x080046fc   0x080046fc   0x00000028   Code   RO          574    i.Init_timers       rtc.o
    0x08004724   0x08004724   0x00000030   Code   RO         3706    i.Initialize        phy_lan8742a.o
    0x08004754   0x08004754   0x00000078   Code   RO         3775    i.Initialize        emac_stm32f4xx.o
    0x080047cc   0x080047cc   0x00000010   Code   RO          793    i.IsException       rtx_delay.o
    0x080047dc   0x080047dc   0x00000010   Code   RO         2075    i.IsException       rtx_kernel.o
    0x080047ec   0x080047ec   0x00000010   Code   RO         2564    i.IsException       rtx_msgqueue.o
    0x080047fc   0x080047fc   0x00000010   Code   RO         2748    i.IsException       rtx_mutex.o
    0x0800480c   0x0800480c   0x00000010   Code   RO         2861    i.IsException       rtx_semaphore.o
    0x0800481c   0x0800481c   0x00000010   Code   RO         3038    i.IsException       rtx_thread.o
    0x0800482c   0x0800482c   0x00000010   Code   RO         3465    i.IsException       rtx_timer.o
    0x0800483c   0x0800483c   0x00000018   Code   RO          794    i.IsIrqMasked       rtx_delay.o
    0x08004854   0x08004854   0x00000018   Code   RO         2076    i.IsIrqMasked       rtx_kernel.o
    0x0800486c   0x0800486c   0x00000018   Code   RO         2565    i.IsIrqMasked       rtx_msgqueue.o
    0x08004884   0x08004884   0x00000018   Code   RO         2749    i.IsIrqMasked       rtx_mutex.o
    0x0800489c   0x0800489c   0x00000018   Code   RO         2862    i.IsIrqMasked       rtx_semaphore.o
    0x080048b4   0x080048b4   0x00000018   Code   RO         3039    i.IsIrqMasked       rtx_thread.o
    0x080048cc   0x080048cc   0x00000018   Code   RO         3466    i.IsIrqMasked       rtx_timer.o
    0x080048e4   0x080048e4   0x00000010   Code   RO         2077    i.IsPrivileged      rtx_kernel.o
    0x080048f4   0x080048f4   0x00000018   Code   RO          397    i.LCD_Clean         lcd.o
    0x0800490c   0x0800490c   0x0000004c   Code   RO          398    i.LCD_init          lcd.o
    0x08004958   0x08004958   0x00000054   Code   RO          399    i.LCD_reset         lcd.o
    0x080049ac   0x080049ac   0x0000001c   Code   RO          400    i.LCD_symbolToLocalBuffer  lcd.o
    0x080049c8   0x080049c8   0x00000068   Code   RO          401    i.LCD_symbolToLocalBuffer_L1  lcd.o
    0x08004a30   0x08004a30   0x0000006c   Code   RO          402    i.LCD_symbolToLocalBuffer_L2  lcd.o
    0x08004a9c   0x08004a9c   0x000000a0   Code   RO          403    i.LCD_update        lcd.o
    0x08004b3c   0x08004b3c   0x0000005c   Code   RO          404    i.LCD_wr_cmd        lcd.o
    0x08004b98   0x08004b98   0x0000005c   Code   RO          405    i.LCD_wr_data       lcd.o
    0x08004bf4   0x08004bf4   0x0000000a   Code   RO         2354    i.MemBlockPtr       rtx_memory.o
    0x08004bfe   0x08004bfe   0x00000004   Code   RO          674    i.MemManage_Handler  stm32f4xx_it.o
    0x08004c02   0x08004c02   0x00000034   Code   RO         2566    i.MessageQueueGet   rtx_msgqueue.o
    0x08004c36   0x08004c36   0x0000004c   Code   RO         2567    i.MessageQueuePut   rtx_msgqueue.o
    0x08004c82   0x08004c82   0x00000022   Code   RO         2568    i.MessageQueueRemove  rtx_msgqueue.o
    0x08004ca4   0x08004ca4   0x00000002   Code   RO          675    i.NMI_Handler       stm32f4xx_it.o
    0x08004ca6   0x08004ca6   0x00000008   Code   RO         3602    i.OS_Tick_AcknowledgeIRQ  os_systick.o
    0x08004cae   0x08004cae   0x00000002   PAD
    0x08004cb0   0x08004cb0   0x00000030   Code   RO         3604    i.OS_Tick_Enable    os_systick.o
    0x08004ce0   0x08004ce0   0x00000006   Code   RO         3607    i.OS_Tick_GetIRQn   os_systick.o
    0x08004ce6   0x08004ce6   0x00000002   PAD
    0x08004ce8   0x08004ce8   0x00000050   Code   RO         3610    i.OS_Tick_Setup     os_systick.o
    0x08004d38   0x08004d38   0x00000078   Code   RO         3776    i.PHY_Read          emac_stm32f4xx.o
    0x08004db0   0x08004db0   0x00000074   Code   RO         3777    i.PHY_Write         emac_stm32f4xx.o
    0x08004e24   0x08004e24   0x000000d4   Code   RO         3707    i.PowerControl      phy_lan8742a.o
    0x08004ef8   0x08004ef8   0x000002b0   Code   RO         3778    i.PowerControl      emac_stm32f4xx.o
    0x080051a8   0x080051a8   0x00000068   Code   RO          575    i.RTC_AlarmConfig   rtc.o
    0x08005210   0x08005210   0x00000010   Code   RO          676    i.RTC_Alarm_IRQHandler  stm32f4xx_it.o
    0x08005220   0x08005220   0x00000016   Code   RO         5422    i.RTC_Bcd2ToByte    stm32f4xx_hal_rtc.o
    0x08005236   0x08005236   0x0000001a   Code   RO         5423    i.RTC_ByteToBcd2    stm32f4xx_hal_rtc.o
    0x08005250   0x08005250   0x00000054   Code   RO          576    i.RTC_CalendarConfig  rtc.o
    0x080052a4   0x080052a4   0x00000074   Code   RO          577    i.RTC_CalendarShow  rtc.o
    0x08005318   0x08005318   0x0000003e   Code   RO         5424    i.RTC_EnterInitMode  stm32f4xx_hal_rtc.o
    0x08005356   0x08005356   0x00000002   PAD
    0x08005358   0x08005358   0x00000034   Code   RO          578    i.RTC_Init          rtc.o
    0x0800538c   0x0800538c   0x000000a0   Code   RO         3779    i.ReadFrame         emac_stm32f4xx.o
    0x0800542c   0x0800542c   0x00000048   Code   RO          182    i.Rtc               http_server.o
    0x08005474   0x08005474   0x00000010   Code   RO          579    i.SNTP_init         rtc.o
    0x08005484   0x08005484   0x00000018   Code   RO         3921    i.SPI1_Control      spi_stm32f4xx.o
    0x0800549c   0x0800549c   0x00000010   Code   RO         3922    i.SPI1_GetDataCount  spi_stm32f4xx.o
    0x080054ac   0x080054ac   0x00000010   Code   RO         3923    i.SPI1_GetStatus    spi_stm32f4xx.o
    0x080054bc   0x080054bc   0x00000010   Code   RO         3924    i.SPI1_IRQHandler   spi_stm32f4xx.o
    0x080054cc   0x080054cc   0x00000014   Code   RO         3925    i.SPI1_Initialize   spi_stm32f4xx.o
    0x080054e0   0x080054e0   0x00000014   Code   RO         3926    i.SPI1_PowerControl  spi_stm32f4xx.o
    0x080054f4   0x080054f4   0x00000018   Code   RO         3927    i.SPI1_Receive      spi_stm32f4xx.o
    0x0800550c   0x0800550c   0x00000018   Code   RO         3928    i.SPI1_Send         spi_stm32f4xx.o
    0x08005524   0x08005524   0x0000001c   Code   RO         3929    i.SPI1_Transfer     spi_stm32f4xx.o
    0x08005540   0x08005540   0x00000010   Code   RO         3930    i.SPI1_Uninitialize  spi_stm32f4xx.o
    0x08005550   0x08005550   0x0000000c   Code   RO         3931    i.SPIX_GetCapabilities  spi_stm32f4xx.o
    0x0800555c   0x0800555c   0x00000010   Code   RO         3932    i.SPIX_GetVersion   spi_stm32f4xx.o
    0x0800556c   0x0800556c   0x000005de   Code   RO         3933    i.SPI_Control       spi_stm32f4xx.o
    0x08005b4a   0x08005b4a   0x00000008   Code   RO         3934    i.SPI_GetDataCount  spi_stm32f4xx.o
    0x08005b52   0x08005b52   0x0000002c   Code   RO         3935    i.SPI_GetStatus     spi_stm32f4xx.o
    0x08005b7e   0x08005b7e   0x00000112   Code   RO         3936    i.SPI_IRQHandler    spi_stm32f4xx.o
    0x08005c90   0x08005c90   0x000000d4   Code   RO         3937    i.SPI_Initialize    spi_stm32f4xx.o
    0x08005d64   0x08005d64   0x00000124   Code   RO         3938    i.SPI_PeripheralReset  spi_stm32f4xx.o
    0x08005e88   0x08005e88   0x0000010c   Code   RO         3939    i.SPI_PowerControl  spi_stm32f4xx.o
    0x08005f94   0x08005f94   0x00000088   Code   RO         3940    i.SPI_Receive       spi_stm32f4xx.o
    0x0800601c   0x0800601c   0x00000058   Code   RO         3941    i.SPI_RxData        spi_stm32f4xx.o
    0x08006074   0x08006074   0x00000088   Code   RO         3942    i.SPI_Send          spi_stm32f4xx.o
    0x080060fc   0x080060fc   0x00000076   Code   RO         3943    i.SPI_Transfer      spi_stm32f4xx.o
    0x08006172   0x08006172   0x00000054   Code   RO         3944    i.SPI_TxData        spi_stm32f4xx.o
    0x080061c6   0x080061c6   0x00000066   Code   RO         3945    i.SPI_Uninitialize  spi_stm32f4xx.o
    0x0800622c   0x0800622c   0x00000018   Code   RO         2863    i.SemaphoreTokenDecrement  rtx_semaphore.o
    0x08006244   0x08006244   0x0000001e   Code   RO         2864    i.SemaphoreTokenIncrement  rtx_semaphore.o
    0x08006262   0x08006262   0x00000002   PAD
    0x08006264   0x08006264   0x00000148   Code   RO         3780    i.SendFrame         emac_stm32f4xx.o
    0x080063ac   0x080063ac   0x0000013c   Code   RO         3781    i.SetAddressFilter  emac_stm32f4xx.o
    0x080064e8   0x080064e8   0x0000002c   Code   RO         3708    i.SetInterface      phy_lan8742a.o
    0x08006514   0x08006514   0x0000004c   Code   RO         3782    i.SetMacAddress     emac_stm32f4xx.o
    0x08006560   0x08006560   0x00000080   Code   RO         3709    i.SetMode           phy_lan8742a.o
    0x080065e0   0x080065e0   0x000000c0   Code   RO            7    i.SystemClock_Config  main.o
    0x080066a0   0x080066a0   0x000000c0   Code   RO         7429    i.SystemCoreClockUpdate  system_stm32f4xx_1.o
    0x08006760   0x08006760   0x00000010   Code   RO         7430    i.SystemInit        system_stm32f4xx_1.o
    0x08006770   0x08006770   0x000000d8   Code   RO         6353    i.TIM_Base_SetConfig  stm32f4xx_hal_tim.o
    0x08006848   0x08006848   0x00000024   Code   RO          580    i.ThAlarm           rtc.o
    0x0800686c   0x0800686c   0x00000038   Code   RO          406    i.Thlcd             lcd.o
    0x080068a4   0x080068a4   0x00000056   Code   RO         3040    i.ThreadFlagsCheck  rtx_thread.o
    0x080068fa   0x080068fa   0x00000016   Code   RO         3041    i.ThreadFlagsClear  rtx_thread.o
    0x08006910   0x08006910   0x00000016   Code   RO         3042    i.ThreadFlagsSet    rtx_thread.o
    0x08006926   0x08006926   0x00000002   PAD
    0x08006928   0x08006928   0x00000040   Code   RO         3467    i.TimerInsert       rtx_timer.o
    0x08006968   0x08006968   0x00000030   Code   RO         3468    i.TimerRemove       rtx_timer.o
    0x08006998   0x08006998   0x00000018   Code   RO         3469    i.TimerUnlink       rtx_timer.o
    0x080069b0   0x080069b0   0x0000003c   Code   RO          581    i.Timer_Callback_1s  rtc.o
    0x080069ec   0x080069ec   0x00000014   Code   RO         3710    i.Uninitialize      phy_lan8742a.o
    0x08006a00   0x08006a00   0x00000030   Code   RO         3783    i.Uninitialize      emac_stm32f4xx.o
    0x08006a30   0x08006a30   0x00000004   Code   RO          677    i.UsageFault_Handler  stm32f4xx_it.o
    0x08006a34   0x08006a34   0x00000028   Code   RO         9004    i.__0sprintf        mc_w.l(printfa.o)
    0x08006a5c   0x08006a5c   0x00000010   Code   RO         4705    i.__NVIC_GetPriorityGrouping  stm32f4xx_hal_cortex.o
    0x08006a6c   0x08006a6c   0x00000028   Code   RO         4706    i.__NVIC_SetPriority  stm32f4xx_hal_cortex.o
    0x08006a94   0x08006a94   0x0000000e   Code   RO         9083    i.__scatterload_copy  mc_w.l(handlers.o)
    0x08006aa2   0x08006aa2   0x00000002   Code   RO         9084    i.__scatterload_null  mc_w.l(handlers.o)
    0x08006aa4   0x08006aa4   0x0000000e   Code   RO         9085    i.__scatterload_zeroinit  mc_w.l(handlers.o)
    0x08006ab2   0x08006ab2   0x0000000a   Code   RO         2080    i.__set_CONTROL     rtx_kernel.o
    0x08006abc   0x08006abc   0x00000184   Code   RO         9009    i._fp_digits        mc_w.l(printfa.o)
    0x08006c40   0x08006c40   0x000006b4   Code   RO         9010    i._printf_core      mc_w.l(printfa.o)
    0x080072f4   0x080072f4   0x00000024   Code   RO         9011    i._printf_post_padding  mc_w.l(printfa.o)
    0x08007318   0x08007318   0x0000002e   Code   RO         9012    i._printf_pre_padding  mc_w.l(printfa.o)
    0x08007346   0x08007346   0x0000000a   Code   RO         9014    i._sputc            mc_w.l(printfa.o)
    0x08007350   0x08007350   0x00000054   Code   RO         8143    i.add_server_id     Net_Dbg_CM3_L.lib(net_http_server.o)
    0x080073a4   0x080073a4   0x00000078   Code   RO          183    i.app_main          http_server.o
    0x0800741c   0x0800741c   0x0000005c   Code   RO         7823    i.arp_cache_alloc   Net_Dbg_CM3_L.lib(net_arp.o)
    0x08007478   0x08007478   0x00000170   Code   RO         7824    i.arp_cache_run     Net_Dbg_CM3_L.lib(net_arp.o)
    0x080075e8   0x080075e8   0x00000038   Code   RO         7825    i.arp_is_cacheable  Net_Dbg_CM3_L.lib(net_arp.o)
    0x08007620   0x08007620   0x00000088   Code   RO         7826    i.arp_probe_run     Net_Dbg_CM3_L.lib(net_arp.o)
    0x080076a8   0x080076a8   0x000000d8   Code   RO         7828    i.arp_proc_response  Net_Dbg_CM3_L.lib(net_arp.o)
    0x08007780   0x08007780   0x0000001a   Code   RO         7829    i.arp_que_free      Net_Dbg_CM3_L.lib(net_arp.o)
    0x0800779a   0x0800779a   0x00000002   PAD
    0x0800779c   0x0800779c   0x000000a0   Code   RO         7830    i.arp_send_reply    Net_Dbg_CM3_L.lib(net_arp.o)
    0x0800783c   0x0800783c   0x000000d0   Code   RO         7831    i.arp_send_request  Net_Dbg_CM3_L.lib(net_arp.o)
    0x0800790c   0x0800790c   0x00000068   Code   RO         7832    i.arp_sender_valid  Net_Dbg_CM3_L.lib(net_arp.o)
    0x08007974   0x08007974   0x0000018c   Code   RO         8144    i.chk_post_req      Net_Dbg_CM3_L.lib(net_http_server.o)
    0x08007b00   0x08007b00   0x00000042   Code   RO         4105    i.crc16_ccitt       eventrecorder.o
    0x08007b42   0x08007b42   0x00000002   PAD
    0x08007b44   0x08007b44   0x00000024   Code   RO          372    i.crc32_8bit        web.o
    0x08007b68   0x08007b68   0x00000028   Code   RO         8658    i.crc32_8bit        Net_Dbg_CM3_L.lib(net_common.o)
    0x08007b90   0x08007b90   0x00000028   Code   RO         3784    i.crc32_8bit_rev    emac_stm32f4xx.o
    0x08007bb8   0x08007bb8   0x00000028   Code   RO         3785    i.crc32_data        emac_stm32f4xx.o
    0x08007be0   0x08007be0   0x00000068   Code   RO          408    i.delay             lcd.o
    0x08007c48   0x08007c48   0x00000058   Code   RO          409    i.escribir_lineasWeb  lcd.o
    0x08007ca0   0x08007ca0   0x0000000c   Code   RO         7463    i.eth0_callback     net_config.o
    0x08007cac   0x08007cac   0x0000009a   Code   RO         7767    i.eth_check_link    Net_Dbg_CM3_L.lib(net_eth.o)
    0x08007d46   0x08007d46   0x00000002   PAD
    0x08007d48   0x08007d48   0x00000020   Code   RO         7768    i.eth_if_map        Net_Dbg_CM3_L.lib(net_eth.o)
    0x08007d68   0x08007d68   0x00000304   Code   RO         7769    i.eth_iface_init    Net_Dbg_CM3_L.lib(net_eth.o)
    0x0800806c   0x0800806c   0x00000290   Code   RO         7770    i.eth_iface_run     Net_Dbg_CM3_L.lib(net_eth.o)
    0x080082fc   0x080082fc   0x0000007c   Code   RO         7771    i.eth_iface_uninit  Net_Dbg_CM3_L.lib(net_eth.o)
    0x08008378   0x08008378   0x00000008   Code   RO         7772    i.eth_lock          Net_Dbg_CM3_L.lib(net_eth.o)
    0x08008380   0x08008380   0x0000001c   Code   RO         7773    i.eth_mtu_limit     Net_Dbg_CM3_L.lib(net_eth.o)
    0x0800839c   0x0800839c   0x00000048   Code   RO         7774    i.eth_opt_len       Net_Dbg_CM3_L.lib(net_eth.o)
    0x080083e4   0x080083e4   0x00000088   Code   RO         7775    i.eth_receive       Net_Dbg_CM3_L.lib(net_eth.o)
    0x0800846c   0x0800846c   0x00000008   Code   RO         7776    i.eth_unlock        Net_Dbg_CM3_L.lib(net_eth.o)
    0x08008474   0x08008474   0x000000e8   Code   RO         2306    i.evr_initialize    rtx_lib.o
    0x0800855c   0x0800855c   0x0000007c   Code   RO         7907    i.frag_map_session  Net_Dbg_CM3_L.lib(net_ip4_frag.o)
    0x080085d8   0x080085d8   0x00000002   Code   RO          184    i.get_button        http_server.o
    0x080085da   0x080085da   0x00000028   Code   RO         8145    i.get_next_field    Net_Dbg_CM3_L.lib(net_http_server.o)
    0x08008602   0x08008602   0x00000032   Code   RO         8146    i.get_next_par      Net_Dbg_CM3_L.lib(net_http_server.o)
    0x08008634   0x08008634   0x00000022   Code   RO         8147    i.hex2byte          Net_Dbg_CM3_L.lib(net_http_server.o)
    0x08008656   0x08008656   0x00000002   PAD
    0x08008658   0x08008658   0x0000036c   Code   RO         8148    i.http_add_header   Net_Dbg_CM3_L.lib(net_http_server.o)
    0x080089c4   0x080089c4   0x00000050   Code   RO         8268    i.http_auth_basic_add  Net_Dbg_CM3_L.lib(net_http_server_auth.o)
    0x08008a14   0x08008a14   0x00000090   Code   RO         8269    i.http_auth_basic_parse  Net_Dbg_CM3_L.lib(net_http_server_auth.o)
    0x08008aa4   0x08008aa4   0x00000002   Code   RO         8275    i.http_auth_dummy   Net_Dbg_CM3_L.lib(net_http_server_auth.o)
    0x08008aa6   0x08008aa6   0x00000002   PAD
    0x08008aa8   0x08008aa8   0x00000024   Code   RO         8276    i.http_auth_init    Net_Dbg_CM3_L.lib(net_http_server_auth.o)
    0x08008acc   0x08008acc   0x000001cc   Code   RO         8149    i.http_error_msg    Net_Dbg_CM3_L.lib(net_http_server.o)
    0x08008c98   0x08008c98   0x00000078   Code   RO         8150    i.http_get_ftype    Net_Dbg_CM3_L.lib(net_http_server.o)
    0x08008d10   0x08008d10   0x0000005e   Code   RO         8151    i.http_kill_session  Net_Dbg_CM3_L.lib(net_http_server.o)
    0x08008d6e   0x08008d6e   0x00000002   PAD
    0x08008d70   0x08008d70   0x000002a8   Code   RO         8152    i.http_listener     Net_Dbg_CM3_L.lib(net_http_server.o)
    0x08009018   0x08009018   0x00000184   Code   RO         8153    i.http_open_file    Net_Dbg_CM3_L.lib(net_http_server.o)
    0x0800919c   0x0800919c   0x0000011c   Code   RO         8154    i.http_parse_header  Net_Dbg_CM3_L.lib(net_http_server.o)
    0x080092b8   0x080092b8   0x000001a8   Code   RO         8155    i.http_proc_multipart  Net_Dbg_CM3_L.lib(net_http_server.o)
    0x08009460   0x08009460   0x00000138   Code   RO         8156    i.http_proc_post    Net_Dbg_CM3_L.lib(net_http_server.o)
    0x08009598   0x08009598   0x00000468   Code   RO         8157    i.http_server_run   Net_Dbg_CM3_L.lib(net_http_server.o)
    0x08009a00   0x08009a00   0x00000060   Code   RO         8158    i.http_server_start  Net_Dbg_CM3_L.lib(net_http_server.o)
    0x08009a60   0x08009a60   0x00000020   Code   RO         8160    i.http_strcpy       Net_Dbg_CM3_L.lib(net_http_server.o)
    0x08009a80   0x08009a80   0x000000ac   Code   RO         8161    i.http_to_utc       Net_Dbg_CM3_L.lib(net_http_server.o)
    0x08009b2c   0x08009b2c   0x0000001a   Code   RO         8659    i.i2str             Net_Dbg_CM3_L.lib(net_common.o)
    0x08009b46   0x08009b46   0x00000002   PAD
    0x08009b48   0x08009b48   0x00000064   Code   RO          373    i.imageFileInfo     web.o
    0x08009bac   0x08009bac   0x000000dc   Code   RO          411    i.initPines_GPIOs   lcd.o
    0x08009c88   0x08009c88   0x00000048   Code   RO         3786    i.init_dma          emac_stm32f4xx.o
    0x08009cd0   0x08009cd0   0x00000068   Code   RO         3787    i.init_rx_desc      emac_stm32f4xx.o
    0x08009d38   0x08009d38   0x00000060   Code   RO         3788    i.init_tx_desc      emac_stm32f4xx.o
    0x08009d98   0x08009d98   0x0000000c   Code   RO         8536    i.ip4_get_chksum    Net_Dbg_CM3_L.lib(net_ip4.o)
    0x08009da4   0x08009da4   0x00000028   Code   RO         8537    i.ip4_get_mtu       Net_Dbg_CM3_L.lib(net_ip4.o)
    0x08009dcc   0x08009dcc   0x00000040   Code   RO         8399    i.ip4_ntoa          Net_Dbg_CM3_L.lib(net_addr.o)
    0x08009e0c   0x08009e0c   0x000000ca   Code   RO         8400    i.ip6_ntoa          Net_Dbg_CM3_L.lib(net_addr.o)
    0x08009ed6   0x08009ed6   0x00000082   Code   RO         2569    i.isrRtxMessageQueueGet  rtx_msgqueue.o
    0x08009f58   0x08009f58   0x00000086   Code   RO         2570    i.isrRtxMessageQueuePut  rtx_msgqueue.o
    0x08009fde   0x08009fde   0x00000058   Code   RO         2865    i.isrRtxSemaphoreRelease  rtx_semaphore.o
    0x0800a036   0x0800a036   0x00000064   Code   RO         3043    i.isrRtxThreadFlagsSet  rtx_thread.o
    0x0800a09a   0x0800a09a   0x00000002   PAD
    0x0800a09c   0x0800a09c   0x00000034   Code   RO         2982    i.isr_queue_get     rtx_system.o
    0x0800a0d0   0x0800a0d0   0x0000003c   Code   RO         2983    i.isr_queue_put     rtx_system.o
    0x0800a10c   0x0800a10c   0x0000004c   Code   RO          299    i.leds_out          http_server_cgi.o
    0x0800a158   0x0800a158   0x0000002c   Code   RO            8    i.main              main.o
    0x0800a184   0x0800a184   0x0000000c   Code   RO         8635    i.mem_lock          Net_Dbg_CM3_L.lib(net_mem.o)
    0x0800a190   0x0800a190   0x0000000c   Code   RO         8636    i.mem_unlock        Net_Dbg_CM3_L.lib(net_mem.o)
    0x0800a19c   0x0800a19c   0x00000030   Code   RO         7464    i.ms2tick           net_config.o
    0x0800a1cc   0x0800a1cc   0x000001a4   Code   RO         8129    i.nbns_listener     Net_Dbg_CM3_L.lib(net_nbns_client.o)
    0x0800a370   0x0800a370   0x00000120   Code   RO         8466    i.ndp_cache_add     Net_Dbg_CM3_L.lib(net_ndp.o)
    0x0800a490   0x0800a490   0x00000072   Code   RO         8467    i.ndp_cache_alloc   Net_Dbg_CM3_L.lib(net_ndp.o)
    0x0800a502   0x0800a502   0x00000002   PAD
    0x0800a504   0x0800a504   0x00000078   Code   RO         8468    i.ndp_cache_delete  Net_Dbg_CM3_L.lib(net_ndp.o)
    0x0800a57c   0x0800a57c   0x0000002c   Code   RO         8470    i.ndp_check_frame   Net_Dbg_CM3_L.lib(net_ndp.o)
    0x0800a5a8   0x0800a5a8   0x00000012   Code   RO         8471    i.ndp_next_opt      Net_Dbg_CM3_L.lib(net_ndp.o)
    0x0800a5ba   0x0800a5ba   0x00000002   PAD
    0x0800a5bc   0x0800a5bc   0x000000e4   Code   RO         8472    i.ndp_prefix_add    Net_Dbg_CM3_L.lib(net_ndp.o)
    0x0800a6a0   0x0800a6a0   0x000000fc   Code   RO         8475    i.ndp_proc_response  Net_Dbg_CM3_L.lib(net_ndp.o)
    0x0800a79c   0x0800a79c   0x0000001a   Code   RO         8476    i.ndp_que_free      Net_Dbg_CM3_L.lib(net_ndp.o)
    0x0800a7b6   0x0800a7b6   0x00000002   PAD
    0x0800a7b8   0x0800a7b8   0x00000038   Code   RO         8477    i.ndp_router_remove  Net_Dbg_CM3_L.lib(net_ndp.o)
    0x0800a7f0   0x0800a7f0   0x0000009c   Code   RO         8478    i.ndp_send_reply    Net_Dbg_CM3_L.lib(net_ndp.o)
    0x0800a88c   0x0800a88c   0x000000bc   Code   RO         8479    i.ndp_send_request  Net_Dbg_CM3_L.lib(net_ndp.o)
    0x0800a948   0x0800a948   0x00000004   Code   RO         8162    i.netCGI_Charset    Net_Dbg_CM3_L.lib(net_http_server.o)
    0x0800a94c   0x0800a94c   0x00000004   Code   RO         8163    i.netCGI_ContentType  Net_Dbg_CM3_L.lib(net_http_server.o)
    0x0800a950   0x0800a950   0x00000004   Code   RO         8164    i.netCGI_CustomHeader  Net_Dbg_CM3_L.lib(net_http_server.o)
    0x0800a954   0x0800a954   0x0000006c   Code   RO         8165    i.netCGI_GetEnvVar  Net_Dbg_CM3_L.lib(net_http_server.o)
    0x0800a9c0   0x0800a9c0   0x00000330   Code   RO          300    i.netCGI_ProcessData  http_server_cgi.o
    0x0800acf0   0x0800acf0   0x000000e0   Code   RO          301    i.netCGI_ProcessQuery  http_server_cgi.o
    0x0800add0   0x0800add0   0x00000004   Code   RO         8168    i.netCGI_Redirect   Net_Dbg_CM3_L.lib(net_http_server.o)
    0x0800add4   0x0800add4   0x000005ac   Code   RO          302    i.netCGI_Script     http_server_cgi.o
    0x0800b380   0x0800b380   0x00000004   Code   RO         8170    i.netCGX_ContentType  Net_Dbg_CM3_L.lib(net_http_server.o)
    0x0800b384   0x0800b384   0x00000064   Code   RO         8349    i.netCore_Thread    Net_Dbg_CM3_L.lib(net_sys.o)
    0x0800b3e8   0x0800b3e8   0x00000002   Code   RO         7777    i.netETH_Notify     Net_Dbg_CM3_L.lib(net_eth.o)
    0x0800b3ea   0x0800b3ea   0x00000002   Code   RO         7778    i.netETH_ReceiveRaw  Net_Dbg_CM3_L.lib(net_eth.o)
    0x0800b3ec   0x0800b3ec   0x00000072   Code   RO         7780    i.netETH_Thread     Net_Dbg_CM3_L.lib(net_eth.o)
    0x0800b45e   0x0800b45e   0x00000004   Code   RO         8171    i.netHTTPs_AcceptClient  Net_Dbg_CM3_L.lib(net_http_server.o)
    0x0800b462   0x0800b462   0x00000004   Code   RO         8277    i.netHTTPs_CheckAccount  Net_Dbg_CM3_L.lib(net_http_server_auth.o)
    0x0800b466   0x0800b466   0x00000004   Code   RO         8173    i.netHTTPs_FileAccess  Net_Dbg_CM3_L.lib(net_http_server.o)
    0x0800b46a   0x0800b46a   0x00000002   PAD
    0x0800b46c   0x0800b46c   0x00000020   Code   RO         8176    i.netHTTPs_GetLanguage  Net_Dbg_CM3_L.lib(net_http_server.o)
    0x0800b48c   0x0800b48c   0x0000000c   Code   RO         8177    i.netHTTPs_GetPassword  Net_Dbg_CM3_L.lib(net_http_server.o)
    0x0800b498   0x0800b498   0x0000000c   Code   RO         8183    i.netHTTPs_LoginActive  Net_Dbg_CM3_L.lib(net_http_server.o)
    0x0800b4a4   0x0800b4a4   0x00000058   Code   RO         8186    i.netHTTPs_SetPassword  Net_Dbg_CM3_L.lib(net_http_server.o)
    0x0800b4fc   0x0800b4fc   0x00000002   Code   RO         7470    i.netHTTPs_fclose   net_config.o
    0x0800b4fe   0x0800b4fe   0x00000004   Code   RO         7471    i.netHTTPs_fgets    net_config.o
    0x0800b502   0x0800b502   0x00000004   Code   RO         7472    i.netHTTPs_fopen    net_config.o
    0x0800b506   0x0800b506   0x00000004   Code   RO         7473    i.netHTTPs_fread    net_config.o
    0x0800b50a   0x0800b50a   0x00000002   Code   RO         7474    i.netHTTPs_fstat    net_config.o
    0x0800b50c   0x0800b50c   0x00000088   Code   RO         8350    i.netIF_GetOption   Net_Dbg_CM3_L.lib(net_sys.o)
    0x0800b594   0x0800b594   0x00000084   Code   RO         8352    i.netIF_SetOption   Net_Dbg_CM3_L.lib(net_sys.o)
    0x0800b618   0x0800b618   0x0000001a   Code   RO         8402    i.netIP_aton        Net_Dbg_CM3_L.lib(net_addr.o)
    0x0800b632   0x0800b632   0x00000032   Code   RO         8403    i.netIP_ntoa        Net_Dbg_CM3_L.lib(net_addr.o)
    0x0800b664   0x0800b664   0x000000ac   Code   RO         8353    i.netInitialize     Net_Dbg_CM3_L.lib(net_sys.o)
    0x0800b710   0x0800b710   0x0000008c   Code   RO         8404    i.netMAC_aton       Net_Dbg_CM3_L.lib(net_addr.o)
    0x0800b79c   0x0800b79c   0x0000001c   Code   RO         8302    i.netSNTPc_GetTime  Net_Dbg_CM3_L.lib(net_sntp_client_core.o)
    0x0800b7b8   0x0800b7b8   0x00000004   Code   RO         8010    i.netTCP_GetLocalPort  Net_Dbg_CM3_L.lib(net_tcp.o)
    0x0800b7bc   0x0800b7bc   0x00000020   Code   RO         8012    i.netTCP_GetPeer    Net_Dbg_CM3_L.lib(net_tcp.o)
    0x0800b7dc   0x0800b7dc   0x00000004   Code   RO         8014    i.netTCP_GetState   Net_Dbg_CM3_L.lib(net_tcp.o)
    0x0800b7e0   0x0800b7e0   0x00000004   Code   RO         8015    i.netTCP_GetTimer   Net_Dbg_CM3_L.lib(net_tcp.o)
    0x0800b7e4   0x0800b7e4   0x0000007c   Code   RO         8406    i.net_addr4_aton    Net_Dbg_CM3_L.lib(net_addr.o)
    0x0800b860   0x0800b860   0x0000001e   Code   RO         8408    i.net_addr4_to_mac  Net_Dbg_CM3_L.lib(net_addr.o)
    0x0800b87e   0x0800b87e   0x00000002   PAD
    0x0800b880   0x0800b880   0x000000e6   Code   RO         8409    i.net_addr6_aton    Net_Dbg_CM3_L.lib(net_addr.o)
    0x0800b966   0x0800b966   0x00000028   Code   RO         8410    i.net_addr6_comp    Net_Dbg_CM3_L.lib(net_addr.o)
    0x0800b98e   0x0800b98e   0x00000012   Code   RO         8411    i.net_addr6_copy    Net_Dbg_CM3_L.lib(net_addr.o)
    0x0800b9a0   0x0800b9a0   0x0000004c   Code   RO         8412    i.net_addr6_create  Net_Dbg_CM3_L.lib(net_addr.o)
    0x0800b9ec   0x0800b9ec   0x00000028   Code   RO         8413    i.net_addr6_get_solicited  Net_Dbg_CM3_L.lib(net_addr.o)
    0x0800ba14   0x0800ba14   0x00000018   Code   RO         8414    i.net_addr6_is_linklocal  Net_Dbg_CM3_L.lib(net_addr.o)
    0x0800ba2c   0x0800ba2c   0x0000006e   Code   RO         8415    i.net_addr6_is_onlink  Net_Dbg_CM3_L.lib(net_addr.o)
    0x0800ba9a   0x0800ba9a   0x00000048   Code   RO         8416    i.net_addr6_is_solicited  Net_Dbg_CM3_L.lib(net_addr.o)
    0x0800bae2   0x0800bae2   0x00000018   Code   RO         8417    i.net_addr6_is_unspec  Net_Dbg_CM3_L.lib(net_addr.o)
    0x0800bafa   0x0800bafa   0x0000000e   Code   RO         8419    i.net_addr6_to_mac  Net_Dbg_CM3_L.lib(net_addr.o)
    0x0800bb08   0x0800bb08   0x0000002c   Code   RO         8420    i.net_addr_comp     Net_Dbg_CM3_L.lib(net_addr.o)
    0x0800bb34   0x0800bb34   0x00000026   Code   RO         8421    i.net_addr_copy     Net_Dbg_CM3_L.lib(net_addr.o)
    0x0800bb5a   0x0800bb5a   0x0000001a   Code   RO         8422    i.net_addr_find_route  Net_Dbg_CM3_L.lib(net_addr.o)
    0x0800bb74   0x0800bb74   0x00000020   Code   RO         8424    i.net_addr_get_local  Net_Dbg_CM3_L.lib(net_addr.o)
    0x0800bb94   0x0800bb94   0x00000022   Code   RO         8425    i.net_addr_is_unspec  Net_Dbg_CM3_L.lib(net_addr.o)
    0x0800bbb6   0x0800bbb6   0x00000002   PAD
    0x0800bbb8   0x0800bbb8   0x0000011c   Code   RO         7840    i.net_arp_cache_add  Net_Dbg_CM3_L.lib(net_arp.o)
    0x0800bcd4   0x0800bcd4   0x000000bc   Code   RO         7841    i.net_arp_cache_early  Net_Dbg_CM3_L.lib(net_arp.o)
    0x0800bd90   0x0800bd90   0x000000ec   Code   RO         7842    i.net_arp_cache_find  Net_Dbg_CM3_L.lib(net_arp.o)
    0x0800be7c   0x0800be7c   0x00000048   Code   RO         7843    i.net_arp_cache_init  Net_Dbg_CM3_L.lib(net_arp.o)
    0x0800bec4   0x0800bec4   0x0000001c   Code   RO         7844    i.net_arp_cache_run  Net_Dbg_CM3_L.lib(net_arp.o)
    0x0800bee0   0x0800bee0   0x00000040   Code   RO         7845    i.net_arp_cache_uninit  Net_Dbg_CM3_L.lib(net_arp.o)
    0x0800bf20   0x0800bf20   0x00000078   Code   RO         7846    i.net_arp_enqueue   Net_Dbg_CM3_L.lib(net_arp.o)
    0x0800bf98   0x0800bf98   0x00000020   Code   RO         7848    i.net_arp_notify    Net_Dbg_CM3_L.lib(net_arp.o)
    0x0800bfb8   0x0800bfb8   0x00000224   Code   RO         7850    i.net_arp_process   Net_Dbg_CM3_L.lib(net_arp.o)
    0x0800c1dc   0x0800c1dc   0x00000042   Code   RO         8660    i.net_atoi          Net_Dbg_CM3_L.lib(net_common.o)
    0x0800c21e   0x0800c21e   0x00000002   PAD
    0x0800c220   0x0800c220   0x00000078   Code   RO         8726    i.net_base64_decode  Net_Dbg_CM3_L.lib(net_base64.o)
    0x0800c298   0x0800c298   0x00000030   Code   RO         8662    i.net_chksum_buf    Net_Dbg_CM3_L.lib(net_common.o)
    0x0800c2c8   0x0800c2c8   0x0000001e   Code   RO         8663    i.net_crc_buf       Net_Dbg_CM3_L.lib(net_common.o)
    0x0800c2e6   0x0800c2e6   0x0000000e   Code   RO         7781    i.net_eth_callback  Net_Dbg_CM3_L.lib(net_eth.o)
    0x0800c2f4   0x0800c2f4   0x00000068   Code   RO         7782    i.net_eth_config_mcast  Net_Dbg_CM3_L.lib(net_eth.o)
    0x0800c35c   0x0800c35c   0x000000ea   Code   RO         7784    i.net_eth_get_option  Net_Dbg_CM3_L.lib(net_eth.o)
    0x0800c446   0x0800c446   0x00000002   PAD
    0x0800c448   0x0800c448   0x0000001c   Code   RO         7785    i.net_eth_iface_init  Net_Dbg_CM3_L.lib(net_eth.o)
    0x0800c464   0x0800c464   0x0000001c   Code   RO         7786    i.net_eth_iface_run  Net_Dbg_CM3_L.lib(net_eth.o)
    0x0800c480   0x0800c480   0x0000001c   Code   RO         7787    i.net_eth_iface_uninit  Net_Dbg_CM3_L.lib(net_eth.o)
    0x0800c49c   0x0800c49c   0x000000a8   Code   RO         7788    i.net_eth_output    Net_Dbg_CM3_L.lib(net_eth.o)
    0x0800c544   0x0800c544   0x000001e0   Code   RO         7789    i.net_eth_send_frame  Net_Dbg_CM3_L.lib(net_eth.o)
    0x0800c724   0x0800c724   0x00000270   Code   RO         7790    i.net_eth_set_option  Net_Dbg_CM3_L.lib(net_eth.o)
    0x0800c994   0x0800c994   0x0000014e   Code   RO         7736    i.net_evr_init      net_debug.o
    0x0800cae2   0x0800cae2   0x00000002   PAD
    0x0800cae4   0x0800cae4   0x000000e8   Code   RO         8192    i.net_http_server_init  Net_Dbg_CM3_L.lib(net_http_server.o)
    0x0800cbcc   0x0800cbcc   0x00000028   Code   RO         8193    i.net_http_server_run  Net_Dbg_CM3_L.lib(net_http_server.o)
    0x0800cbf4   0x0800cbf4   0x00000070   Code   RO         8194    i.net_http_server_uninit  Net_Dbg_CM3_L.lib(net_http_server.o)
    0x0800cc64   0x0800cc64   0x00000018   Code   RO         8608    i.net_icmp6_init    Net_Dbg_CM3_L.lib(net_icmp6.o)
    0x0800cc7c   0x0800cc7c   0x00000238   Code   RO         8609    i.net_icmp6_process  Net_Dbg_CM3_L.lib(net_icmp6.o)
    0x0800ceb4   0x0800ceb4   0x00000084   Code   RO         8610    i.net_icmp6_send    Net_Dbg_CM3_L.lib(net_icmp6.o)
    0x0800cf38   0x0800cf38   0x00000058   Code   RO         8611    i.net_icmp6_send_echo  Net_Dbg_CM3_L.lib(net_icmp6.o)
    0x0800cf90   0x0800cf90   0x00000018   Code   RO         7929    i.net_icmp_init     Net_Dbg_CM3_L.lib(net_icmp.o)
    0x0800cfa8   0x0800cfa8   0x000001c8   Code   RO         7930    i.net_icmp_process  Net_Dbg_CM3_L.lib(net_icmp.o)
    0x0800d170   0x0800d170   0x000000a0   Code   RO         7931    i.net_icmp_send_echo  Net_Dbg_CM3_L.lib(net_icmp.o)
    0x0800d210   0x0800d210   0x0000000c   Code   RO         8357    i.net_if_map_all    Net_Dbg_CM3_L.lib(net_sys.o)
    0x0800d21c   0x0800d21c   0x00000004   Code   RO         7477    i.net_igmp_collect_mcast  net_config.o
    0x0800d220   0x0800d220   0x00000004   Code   RO         7478    i.net_igmp_is_member  net_config.o
    0x0800d224   0x0800d224   0x00000002   Code   RO         7479    i.net_igmp_process  net_config.o
    0x0800d226   0x0800d226   0x00000002   PAD
    0x0800d228   0x0800d228   0x0000018c   Code   RO         8538    i.net_ip4_chk_frame  Net_Dbg_CM3_L.lib(net_ip4.o)
    0x0800d3b4   0x0800d3b4   0x0000002c   Code   RO         8539    i.net_ip4_chksum    Net_Dbg_CM3_L.lib(net_ip4.o)
    0x0800d3e0   0x0800d3e0   0x00000006   Code   RO         8540    i.net_ip4_chksum_buf  Net_Dbg_CM3_L.lib(net_ip4.o)
    0x0800d3e6   0x0800d3e6   0x00000002   PAD
    0x0800d3e8   0x0800d3e8   0x00000080   Code   RO         8542    i.net_ip4_find_route  Net_Dbg_CM3_L.lib(net_ip4.o)
    0x0800d468   0x0800d468   0x00000124   Code   RO         7908    i.net_ip4_frag_add  Net_Dbg_CM3_L.lib(net_ip4_frag.o)
    0x0800d58c   0x0800d58c   0x000000ac   Code   RO         7909    i.net_ip4_frag_get  Net_Dbg_CM3_L.lib(net_ip4_frag.o)
    0x0800d638   0x0800d638   0x00000010   Code   RO         7910    i.net_ip4_frag_init  Net_Dbg_CM3_L.lib(net_ip4_frag.o)
    0x0800d648   0x0800d648   0x0000003c   Code   RO         7911    i.net_ip4_frag_run  Net_Dbg_CM3_L.lib(net_ip4_frag.o)
    0x0800d684   0x0800d684   0x00000010   Code   RO         7912    i.net_ip4_frag_uninit  Net_Dbg_CM3_L.lib(net_ip4_frag.o)
    0x0800d694   0x0800d694   0x0000002c   Code   RO         8543    i.net_ip4_get_local  Net_Dbg_CM3_L.lib(net_ip4.o)
    0x0800d6c0   0x0800d6c0   0x00000024   Code   RO         8544    i.net_ip4_init      Net_Dbg_CM3_L.lib(net_ip4.o)
    0x0800d6e4   0x0800d6e4   0x00000020   Code   RO         8545    i.net_ip4_is_onlink  Net_Dbg_CM3_L.lib(net_ip4.o)
    0x0800d704   0x0800d704   0x00000026   Code   RO         8546    i.net_ip4_is_subcast  Net_Dbg_CM3_L.lib(net_ip4.o)
    0x0800d72a   0x0800d72a   0x0000000e   Code   RO         8547    i.net_ip4_reass_frame  Net_Dbg_CM3_L.lib(net_ip4.o)
    0x0800d738   0x0800d738   0x00000164   Code   RO         8548    i.net_ip4_send_frame  Net_Dbg_CM3_L.lib(net_ip4.o)
    0x0800d89c   0x0800d89c   0x0000002a   Code   RO         8550    i.net_ip4_tx_offl_hl  Net_Dbg_CM3_L.lib(net_ip4.o)
    0x0800d8c6   0x0800d8c6   0x00000002   PAD
    0x0800d8c8   0x0800d8c8   0x00000020   Code   RO         8551    i.net_ip4_uninit    Net_Dbg_CM3_L.lib(net_ip4.o)
    0x0800d8e8   0x0800d8e8   0x00000100   Code   RO         8576    i.net_ip6_chk_frame  Net_Dbg_CM3_L.lib(net_ip6.o)
    0x0800d9e8   0x0800d9e8   0x00000032   Code   RO         8577    i.net_ip6_chksum    Net_Dbg_CM3_L.lib(net_ip6.o)
    0x0800da1a   0x0800da1a   0x00000002   PAD
    0x0800da1c   0x0800da1c   0x0000007c   Code   RO         8578    i.net_ip6_collect_mcast  Net_Dbg_CM3_L.lib(net_ip6.o)
    0x0800da98   0x0800da98   0x00000048   Code   RO         8580    i.net_ip6_find_route  Net_Dbg_CM3_L.lib(net_ip6.o)
    0x0800dae0   0x0800dae0   0x00000054   Code   RO         8581    i.net_ip6_get_local  Net_Dbg_CM3_L.lib(net_ip6.o)
    0x0800db34   0x0800db34   0x0000001c   Code   RO         8582    i.net_ip6_init      Net_Dbg_CM3_L.lib(net_ip6.o)
    0x0800db50   0x0800db50   0x000000cc   Code   RO         8583    i.net_ip6_send_frame  Net_Dbg_CM3_L.lib(net_ip6.o)
    0x0800dc1c   0x0800dc1c   0x0000001e   Code   RO         8585    i.net_ip6_tx_offl_hl  Net_Dbg_CM3_L.lib(net_ip6.o)
    0x0800dc3a   0x0800dc3a   0x00000002   PAD
    0x0800dc3c   0x0800dc3c   0x0000001c   Code   RO         8586    i.net_ip6_uninit    Net_Dbg_CM3_L.lib(net_ip6.o)
    0x0800dc58   0x0800dc58   0x00000008   Code   RO         8664    i.net_itoa          Net_Dbg_CM3_L.lib(net_common.o)
    0x0800dc60   0x0800dc60   0x00000006   Code   RO         8666    i.net_itoa_n0       Net_Dbg_CM3_L.lib(net_common.o)
    0x0800dc66   0x0800dc66   0x00000002   PAD
    0x0800dc68   0x0800dc68   0x00000030   Code   RO         7890    i.net_loop_iface_init  Net_Dbg_CM3_L.lib(net_loopback.o)
    0x0800dc98   0x0800dc98   0x000000bc   Code   RO         7891    i.net_loop_iface_run  Net_Dbg_CM3_L.lib(net_loopback.o)
    0x0800dd54   0x0800dd54   0x00000028   Code   RO         7892    i.net_loop_iface_uninit  Net_Dbg_CM3_L.lib(net_loopback.o)
    0x0800dd7c   0x0800dd7c   0x00000070   Code   RO         7893    i.net_loop_send_frame  Net_Dbg_CM3_L.lib(net_loopback.o)
    0x0800ddec   0x0800ddec   0x000000c0   Code   RO         8637    i.net_mem_alloc     Net_Dbg_CM3_L.lib(net_mem.o)
    0x0800deac   0x0800deac   0x0000001c   Code   RO         8638    i.net_mem_avail     Net_Dbg_CM3_L.lib(net_mem.o)
    0x0800dec8   0x0800dec8   0x000000a4   Code   RO         8639    i.net_mem_free      Net_Dbg_CM3_L.lib(net_mem.o)
    0x0800df6c   0x0800df6c   0x00000070   Code   RO         8640    i.net_mem_init      Net_Dbg_CM3_L.lib(net_mem.o)
    0x0800dfdc   0x0800dfdc   0x00000048   Code   RO         8641    i.net_mem_shrink    Net_Dbg_CM3_L.lib(net_mem.o)
    0x0800e024   0x0800e024   0x00000064   Code   RO         8130    i.net_nbns_client_init  Net_Dbg_CM3_L.lib(net_nbns_client.o)
    0x0800e088   0x0800e088   0x00000038   Code   RO         8131    i.net_nbns_client_uninit  Net_Dbg_CM3_L.lib(net_nbns_client.o)
    0x0800e0c0   0x0800e0c0   0x000001c4   Code   RO         8487    i.net_ndp_cache_find  Net_Dbg_CM3_L.lib(net_ndp.o)
    0x0800e284   0x0800e284   0x00000078   Code   RO         8490    i.net_ndp_cache_refresh  Net_Dbg_CM3_L.lib(net_ndp.o)
    0x0800e2fc   0x0800e2fc   0x00000070   Code   RO         8493    i.net_ndp_enqueue   Net_Dbg_CM3_L.lib(net_ndp.o)
    0x0800e36c   0x0800e36c   0x00000374   Code   RO         8495    i.net_ndp_process   Net_Dbg_CM3_L.lib(net_ndp.o)
    0x0800e6e0   0x0800e6e0   0x00000038   Code   RO         8359    i.net_path          Net_Dbg_CM3_L.lib(net_sys.o)
    0x0800e718   0x0800e718   0x00000020   Code   RO         8330    i.net_ping_client_init  Net_Dbg_CM3_L.lib(net_ping_core.o)
    0x0800e738   0x0800e738   0x00000080   Code   RO         8331    i.net_ping_client_run  Net_Dbg_CM3_L.lib(net_ping_core.o)
    0x0800e7b8   0x0800e7b8   0x00000020   Code   RO         8333    i.net_ping_client_uninit  Net_Dbg_CM3_L.lib(net_ping_core.o)
    0x0800e7d8   0x0800e7d8   0x0000001c   Code   RO         8360    i.net_rand32        Net_Dbg_CM3_L.lib(net_sys.o)
    0x0800e7f4   0x0800e7f4   0x0000005c   Code   RO         8304    i.net_sntp_client_init  Net_Dbg_CM3_L.lib(net_sntp_client_core.o)
    0x0800e850   0x0800e850   0x00000058   Code   RO         8305    i.net_sntp_client_run  Net_Dbg_CM3_L.lib(net_sntp_client_core.o)
    0x0800e8a8   0x0800e8a8   0x00000148   Code   RO         8306    i.net_sntp_client_start  Net_Dbg_CM3_L.lib(net_sntp_client_core.o)
    0x0800e9f0   0x0800e9f0   0x00000020   Code   RO         8307    i.net_sntp_client_uninit  Net_Dbg_CM3_L.lib(net_sntp_client_core.o)
    0x0800ea10   0x0800ea10   0x0000002e   Code   RO         8667    i.net_strcasecmp    Net_Dbg_CM3_L.lib(net_common.o)
    0x0800ea3e   0x0800ea3e   0x00000016   Code   RO         8668    i.net_strchr        Net_Dbg_CM3_L.lib(net_common.o)
    0x0800ea54   0x0800ea54   0x0000001a   Code   RO         8669    i.net_strcmp        Net_Dbg_CM3_L.lib(net_common.o)
    0x0800ea6e   0x0800ea6e   0x00000012   Code   RO         8670    i.net_strcpy        Net_Dbg_CM3_L.lib(net_common.o)
    0x0800ea80   0x0800ea80   0x0000001c   Code   RO         8672    i.net_strnchr       Net_Dbg_CM3_L.lib(net_common.o)
    0x0800ea9c   0x0800ea9c   0x0000001a   Code   RO         8673    i.net_strncpy       Net_Dbg_CM3_L.lib(net_common.o)
    0x0800eab6   0x0800eab6   0x00000020   Code   RO         8674    i.net_strtoupper    Net_Dbg_CM3_L.lib(net_common.o)
    0x0800ead6   0x0800ead6   0x00000002   Code   RO         7480    i.net_sys_error     net_config.o
    0x0800ead8   0x0800ead8   0x0000000c   Code   RO         8361    i.net_sys_lock      Net_Dbg_CM3_L.lib(net_sys.o)
    0x0800eae4   0x0800eae4   0x00000016   Code   RO         8362    i.net_sys_resume    Net_Dbg_CM3_L.lib(net_sys.o)
    0x0800eafa   0x0800eafa   0x00000002   PAD
    0x0800eafc   0x0800eafc   0x00000014   Code   RO         8364    i.net_sys_tick      Net_Dbg_CM3_L.lib(net_sys.o)
    0x0800eb10   0x0800eb10   0x0000000c   Code   RO         8365    i.net_sys_unlock    Net_Dbg_CM3_L.lib(net_sys.o)
    0x0800eb1c   0x0800eb1c   0x00000020   Code   RO         8367    i.net_sys_wakeup    Net_Dbg_CM3_L.lib(net_sys.o)
    0x0800eb3c   0x0800eb3c   0x00000084   Code   RO         8022    i.net_tcp_abort     Net_Dbg_CM3_L.lib(net_tcp.o)
    0x0800ebc0   0x0800ebc0   0x000000e4   Code   RO         8025    i.net_tcp_close     Net_Dbg_CM3_L.lib(net_tcp.o)
    0x0800eca4   0x0800eca4   0x0000002e   Code   RO         8028    i.net_tcp_get_buf   Net_Dbg_CM3_L.lib(net_tcp.o)
    0x0800ecd2   0x0800ecd2   0x00000002   PAD
    0x0800ecd4   0x0800ecd4   0x00000034   Code   RO         8030    i.net_tcp_get_local_port  Net_Dbg_CM3_L.lib(net_tcp.o)
    0x0800ed08   0x0800ed08   0x00000028   Code   RO         8031    i.net_tcp_get_mss   Net_Dbg_CM3_L.lib(net_tcp.o)
    0x0800ed30   0x0800ed30   0x00000054   Code   RO         8033    i.net_tcp_get_peer  Net_Dbg_CM3_L.lib(net_tcp.o)
    0x0800ed84   0x0800ed84   0x00000070   Code   RO         8035    i.net_tcp_get_socket  Net_Dbg_CM3_L.lib(net_tcp.o)
    0x0800edf4   0x0800edf4   0x0000002c   Code   RO         8036    i.net_tcp_get_state  Net_Dbg_CM3_L.lib(net_tcp.o)
    0x0800ee20   0x0800ee20   0x00000034   Code   RO         8037    i.net_tcp_get_timer  Net_Dbg_CM3_L.lib(net_tcp.o)
    0x0800ee54   0x0800ee54   0x000000b0   Code   RO         8038    i.net_tcp_listen    Net_Dbg_CM3_L.lib(net_tcp.o)
    0x0800ef04   0x0800ef04   0x000007a8   Code   RO         8040    i.net_tcp_process   Net_Dbg_CM3_L.lib(net_tcp.o)
    0x0800f6ac   0x0800f6ac   0x0000015c   Code   RO         8044    i.net_tcp_send      Net_Dbg_CM3_L.lib(net_tcp.o)
    0x0800f808   0x0800f808   0x0000012c   Code   RO         8046    i.net_tcp_set_option  Net_Dbg_CM3_L.lib(net_tcp.o)
    0x0800f934   0x0800f934   0x00000028   Code   RO         8047    i.net_tcp_socket_init  Net_Dbg_CM3_L.lib(net_tcp.o)
    0x0800f95c   0x0800f95c   0x000003c0   Code   RO         8048    i.net_tcp_socket_run  Net_Dbg_CM3_L.lib(net_tcp.o)
    0x0800fd1c   0x0800fd1c   0x00000028   Code   RO         8049    i.net_tcp_socket_uninit  Net_Dbg_CM3_L.lib(net_tcp.o)
    0x0800fd44   0x0800fd44   0x00000048   Code   RO         7956    i.net_udp_close     Net_Dbg_CM3_L.lib(net_udp.o)
    0x0800fd8c   0x0800fd8c   0x0000002e   Code   RO         7959    i.net_udp_get_buf   Net_Dbg_CM3_L.lib(net_udp.o)
    0x0800fdba   0x0800fdba   0x00000002   PAD
    0x0800fdbc   0x0800fdbc   0x00000070   Code   RO         7962    i.net_udp_get_socket  Net_Dbg_CM3_L.lib(net_udp.o)
    0x0800fe2c   0x0800fe2c   0x000000ac   Code   RO         7964    i.net_udp_open      Net_Dbg_CM3_L.lib(net_udp.o)
    0x0800fed8   0x0800fed8   0x00000158   Code   RO         7965    i.net_udp_process   Net_Dbg_CM3_L.lib(net_udp.o)
    0x08010030   0x08010030   0x00000012   Code   RO         7967    i.net_udp_send      Net_Dbg_CM3_L.lib(net_udp.o)
    0x08010042   0x08010042   0x00000002   PAD
    0x08010044   0x08010044   0x0000022c   Code   RO         7968    i.net_udp_send_if   Net_Dbg_CM3_L.lib(net_udp.o)
    0x08010270   0x08010270   0x00000024   Code   RO         7970    i.net_udp_socket_init  Net_Dbg_CM3_L.lib(net_udp.o)
    0x08010294   0x08010294   0x00000024   Code   RO         7971    i.net_udp_socket_uninit  Net_Dbg_CM3_L.lib(net_udp.o)
    0x080102b8   0x080102b8   0x00000008   Code   RO         8675    i.net_ultoa         Net_Dbg_CM3_L.lib(net_common.o)
    0x080102c0   0x080102c0   0x00000030   Code   RO         8678    i.net_ultox         Net_Dbg_CM3_L.lib(net_common.o)
    0x080102f0   0x080102f0   0x0000004c   Code   RO         8679    i.net_xtoul         Net_Dbg_CM3_L.lib(net_common.o)
    0x0801033c   0x0801033c   0x00000034   Code   RO         7481    i.netif_create      net_config.o
    0x08010370   0x08010370   0x00000014   Code   RO         7482    i.netif_delete      net_config.o
    0x08010384   0x08010384   0x00000008   Code   RO         7483    i.netif_lock        net_config.o
    0x0801038c   0x0801038c   0x00000004   Code   RO         7484    i.netif_unlock      net_config.o
    0x08010390   0x08010390   0x0000000e   Code   RO         7485    i.netos_delay       net_config.o
    0x0801039e   0x0801039e   0x00000006   Code   RO         7486    i.netos_flag_clear  net_config.o
    0x080103a4   0x080103a4   0x00000004   Code   RO         7487    i.netos_flag_set    net_config.o
    0x080103a8   0x080103a8   0x00000018   Code   RO         7488    i.netos_flag_wait   net_config.o
    0x080103c0   0x080103c0   0x0000001c   Code   RO         7489    i.netos_init        net_config.o
    0x080103dc   0x080103dc   0x00000008   Code   RO         7490    i.netos_lock        net_config.o
    0x080103e4   0x080103e4   0x00000014   Code   RO         7491    i.netos_mutex_create  net_config.o
    0x080103f8   0x080103f8   0x00000014   Code   RO         7493    i.netos_thread_create  net_config.o
    0x0801040c   0x0801040c   0x00000004   Code   RO         7496    i.netos_thread_pass  net_config.o
    0x08010410   0x08010410   0x00000014   Code   RO         7497    i.netos_timer_create  net_config.o
    0x08010424   0x08010424   0x00000016   Code   RO         7499    i.netos_timer_start  net_config.o
    0x0801043a   0x0801043a   0x00000004   Code   RO         7500    i.netos_unlock      net_config.o
    0x0801043e   0x0801043e   0x00000002   PAD
    0x08010440   0x08010440   0x0000003c   Code   RO          795    i.osDelay           rtx_delay.o
    0x0801047c   0x0801047c   0x00000030   Code   RO         2082    i.osKernelGetState  rtx_kernel.o
    0x080104ac   0x080104ac   0x0000002c   Code   RO         2085    i.osKernelGetTickCount  rtx_kernel.o
    0x080104d8   0x080104d8   0x0000002c   Code   RO         2086    i.osKernelGetTickFreq  rtx_kernel.o
    0x08010504   0x08010504   0x00000038   Code   RO         2087    i.osKernelInitialize  rtx_kernel.o
    0x0801053c   0x0801053c   0x00000034   Code   RO         2091    i.osKernelStart     rtx_kernel.o
    0x08010570   0x08010570   0x00000054   Code   RO         2572    i.osMessageQueueGet  rtx_msgqueue.o
    0x080105c4   0x080105c4   0x0000004c   Code   RO         2578    i.osMessageQueueNew  rtx_msgqueue.o
    0x08010610   0x08010610   0x00000054   Code   RO         2579    i.osMessageQueuePut  rtx_msgqueue.o
    0x08010664   0x08010664   0x00000044   Code   RO         2750    i.osMutexAcquire    rtx_mutex.o
    0x080106a8   0x080106a8   0x0000003c   Code   RO         2754    i.osMutexNew        rtx_mutex.o
    0x080106e4   0x080106e4   0x0000003c   Code   RO         2755    i.osMutexRelease    rtx_mutex.o
    0x08010720   0x08010720   0x00000020   Code   RO         3676    i.osRtxErrorNotify  rtx_config.o
    0x08010740   0x08010740   0x00000004   Code   RO         3677    i.osRtxIdleThread   rtx_config.o
    0x08010744   0x08010744   0x00000018   Code   RO         2094    i.osRtxKernelErrorNotify  rtx_kernel.o
    0x0801075c   0x0801075c   0x0000000c   Code   RO         3044    i.osRtxKernelGetState  rtx_thread.o
    0x08010768   0x08010768   0x0000000e   Code   RO         2307    i.osRtxKernelPreInit  rtx_lib.o
    0x08010776   0x08010776   0x000000ee   Code   RO         2355    i.osRtxMemoryAlloc  rtx_memory.o
    0x08010864   0x08010864   0x0000007c   Code   RO         2356    i.osRtxMemoryFree   rtx_memory.o
    0x080108e0   0x080108e0   0x0000006a   Code   RO         2357    i.osRtxMemoryInit   rtx_memory.o
    0x0801094a   0x0801094a   0x00000030   Code   RO         2414    i.osRtxMemoryPoolAlloc  rtx_mempool.o
    0x0801097a   0x0801097a   0x00000044   Code   RO         2415    i.osRtxMemoryPoolFree  rtx_mempool.o
    0x080109be   0x080109be   0x00000058   Code   RO         2416    i.osRtxMemoryPoolInit  rtx_mempool.o
    0x08010a16   0x08010a16   0x00000108   Code   RO         2581    i.osRtxMessageQueuePostProcess  rtx_msgqueue.o
    0x08010b1e   0x08010b1e   0x00000002   PAD
    0x08010b20   0x08010b20   0x0000002c   Code   RO         2582    i.osRtxMessageQueueTimerSetup  rtx_msgqueue.o
    0x08010b4c   0x08010b4c   0x00000066   Code   RO         2756    i.osRtxMutexOwnerRelease  rtx_mutex.o
    0x08010bb2   0x08010bb2   0x00000058   Code   RO         2757    i.osRtxMutexOwnerRestore  rtx_mutex.o
    0x08010c0a   0x08010c0a   0x00000002   PAD
    0x08010c0c   0x08010c0c   0x00000088   Code   RO         2984    i.osRtxPendSV_Handler  rtx_system.o
    0x08010c94   0x08010c94   0x0000003c   Code   RO         2985    i.osRtxPostProcess  rtx_system.o
    0x08010cd0   0x08010cd0   0x00000032   Code   RO         2866    i.osRtxSemaphorePostProcess  rtx_semaphore.o
    0x08010d02   0x08010d02   0x00000002   PAD
    0x08010d04   0x08010d04   0x00000040   Code   RO         3045    i.osRtxThreadBlock  rtx_thread.o
    0x08010d44   0x08010d44   0x00000068   Code   RO         3046    i.osRtxThreadDelayInsert  rtx_thread.o
    0x08010dac   0x08010dac   0x00000060   Code   RO         3047    i.osRtxThreadDelayRemove  rtx_thread.o
    0x08010e0c   0x08010e0c   0x00000130   Code   RO         3048    i.osRtxThreadDelayTick  rtx_thread.o
    0x08010f3c   0x08010f3c   0x00000040   Code   RO         3049    i.osRtxThreadDestroy  rtx_thread.o
    0x08010f7c   0x08010f7c   0x0000006c   Code   RO         3050    i.osRtxThreadDispatch  rtx_thread.o
    0x08010fe8   0x08010fe8   0x00000064   Code   RO         3051    i.osRtxThreadFree   rtx_thread.o
    0x0801104c   0x0801104c   0x0000000c   Code   RO         3052    i.osRtxThreadGetRunning  rtx_thread.o
    0x08011058   0x08011058   0x00000026   Code   RO         3053    i.osRtxThreadJoinWakeup  rtx_thread.o
    0x0801107e   0x0801107e   0x0000001a   Code   RO         3054    i.osRtxThreadListGet  rtx_thread.o
    0x08011098   0x08011098   0x0000002c   Code   RO         3055    i.osRtxThreadListPut  rtx_thread.o
    0x080110c4   0x080110c4   0x0000001a   Code   RO         3056    i.osRtxThreadListRemove  rtx_thread.o
    0x080110de   0x080110de   0x00000010   Code   RO         3057    i.osRtxThreadListRoot  rtx_thread.o
    0x080110ee   0x080110ee   0x0000002a   Code   RO         3058    i.osRtxThreadListSort  rtx_thread.o
    0x08011118   0x08011118   0x00000034   Code   RO         3060    i.osRtxThreadPostProcess  rtx_thread.o
    0x0801114c   0x0801114c   0x00000018   Code   RO         3061    i.osRtxThreadReadyPut  rtx_thread.o
    0x08011164   0x08011164   0x0000000e   Code   RO         3062    i.osRtxThreadRegPtr  rtx_thread.o
    0x08011172   0x08011172   0x00000002   PAD
    0x08011174   0x08011174   0x0000000c   Code   RO         3063    i.osRtxThreadSetRunning  rtx_thread.o
    0x08011180   0x08011180   0x0000000c   Code   RO         3470    i.osRtxThreadSetRunning  rtx_timer.o
    0x0801118c   0x0801118c   0x00000020   Code   RO         3064    i.osRtxThreadStackCheck  rtx_thread.o
    0x080111ac   0x080111ac   0x00000058   Code   RO         3065    i.osRtxThreadStartup  rtx_thread.o
    0x08011204   0x08011204   0x00000018   Code   RO         3066    i.osRtxThreadSwitch  rtx_thread.o
    0x0801121c   0x0801121c   0x0000004c   Code   RO         3067    i.osRtxThreadWaitEnter  rtx_thread.o
    0x08011268   0x08011268   0x00000036   Code   RO         3068    i.osRtxThreadWaitExit  rtx_thread.o
    0x0801129e   0x0801129e   0x00000002   PAD
    0x080112a0   0x080112a0   0x0000009c   Code   RO         2986    i.osRtxTick_Handler  rtx_system.o
    0x0801133c   0x0801133c   0x00000020   Code   RO         3471    i.osRtxTimerSetup   rtx_timer.o
    0x0801135c   0x0801135c   0x0000002c   Code   RO         3472    i.osRtxTimerThread  rtx_timer.o
    0x08011388   0x08011388   0x00000090   Code   RO         3473    i.osRtxTimerTick    rtx_timer.o
    0x08011418   0x08011418   0x00000084   Code   RO         2867    i.osSemaphoreAcquire  rtx_semaphore.o
    0x0801149c   0x0801149c   0x0000003c   Code   RO         2868    i.osSemaphoreDelete  rtx_semaphore.o
    0x080114d8   0x080114d8   0x0000004c   Code   RO         2871    i.osSemaphoreNew    rtx_semaphore.o
    0x08011524   0x08011524   0x00000038   Code   RO         2872    i.osSemaphoreRelease  rtx_semaphore.o
    0x0801155c   0x0801155c   0x00000020   Code   RO         3071    i.osThreadExit      rtx_thread.o
    0x0801157c   0x0801157c   0x0000003c   Code   RO         3072    i.osThreadFlagsClear  rtx_thread.o
    0x080115b8   0x080115b8   0x00000040   Code   RO         3074    i.osThreadFlagsSet  rtx_thread.o
    0x080115f8   0x080115f8   0x0000004c   Code   RO         3075    i.osThreadFlagsWait  rtx_thread.o
    0x08011644   0x08011644   0x0000004c   Code   RO         3084    i.osThreadNew       rtx_thread.o
    0x08011690   0x08011690   0x0000003c   Code   RO         3088    i.osThreadTerminate  rtx_thread.o
    0x080116cc   0x080116cc   0x00000038   Code   RO         3089    i.osThreadYield     rtx_thread.o
    0x08011704   0x08011704   0x00000050   Code   RO         3477    i.osTimerNew        rtx_timer.o
    0x08011754   0x08011754   0x00000044   Code   RO         3478    i.osTimerStart      rtx_timer.o
    0x08011798   0x08011798   0x0000003c   Code   RO         3479    i.osTimerStop       rtx_timer.o
    0x080117d4   0x080117d4   0x00000048   Code   RO          303    i.pines_leds        http_server_cgi.o
    0x0801181c   0x0801181c   0x0000001c   Code   RO         8334    i.ping_send_req     Net_Dbg_CM3_L.lib(net_ping_core.o)
    0x08011838   0x08011838   0x00000058   Code   RO         8196    i.proc_req_line     Net_Dbg_CM3_L.lib(net_http_server.o)
    0x08011890   0x08011890   0x0000001a   Code   RO         7913    i.que_free_list     Net_Dbg_CM3_L.lib(net_ip4_frag.o)
    0x080118aa   0x080118aa   0x000000a0   Code   RO         8197    i.read_script_line  Net_Dbg_CM3_L.lib(net_http_server.o)
    0x0801194a   0x0801194a   0x00000048   Code   RO         8198    i.search_delim      Net_Dbg_CM3_L.lib(net_http_server.o)
    0x08011992   0x08011992   0x00000002   PAD
    0x08011994   0x08011994   0x000000fc   Code   RO         8308    i.sntp_listener     Net_Dbg_CM3_L.lib(net_sntp_client_core.o)
    0x08011a90   0x08011a90   0x0000003c   Code   RO         8309    i.sntp_send_message  Net_Dbg_CM3_L.lib(net_sntp_client_core.o)
    0x08011acc   0x08011acc   0x00000018   Code   RO         8311    i.sntp_stop         Net_Dbg_CM3_L.lib(net_sntp_client_core.o)
    0x08011ae4   0x08011ae4   0x00000038   Code   RO          797    i.svcRtxDelay       rtx_delay.o
    0x08011b1c   0x08011b1c   0x00000010   Code   RO         2097    i.svcRtxKernelGetState  rtx_kernel.o
    0x08011b2c   0x08011b2c   0x00000014   Code   RO         2100    i.svcRtxKernelGetTickCount  rtx_kernel.o
    0x08011b40   0x08011b40   0x00000014   Code   RO         2101    i.svcRtxKernelGetTickFreq  rtx_kernel.o
    0x08011b54   0x08011b54   0x00000218   Code   RO         2102    i.svcRtxKernelInitialize  rtx_kernel.o
    0x08011d6c   0x08011d6c   0x000000d4   Code   RO         2106    i.svcRtxKernelStart  rtx_kernel.o
    0x08011e40   0x08011e40   0x00000138   Code   RO         2584    i.svcRtxMessageQueueGet  rtx_msgqueue.o
    0x08011f78   0x08011f78   0x00000188   Code   RO         2590    i.svcRtxMessageQueueNew  rtx_msgqueue.o
    0x08012100   0x08012100   0x00000128   Code   RO         2591    i.svcRtxMessageQueuePut  rtx_msgqueue.o
    0x08012228   0x08012228   0x0000010c   Code   RO         2758    i.svcRtxMutexAcquire  rtx_mutex.o
    0x08012334   0x08012334   0x000000ac   Code   RO         2762    i.svcRtxMutexNew    rtx_mutex.o
    0x080123e0   0x080123e0   0x00000110   Code   RO         2763    i.svcRtxMutexRelease  rtx_mutex.o
    0x080124f0   0x080124f0   0x00000084   Code   RO         2873    i.svcRtxSemaphoreAcquire  rtx_semaphore.o
    0x08012574   0x08012574   0x0000008c   Code   RO         2874    i.svcRtxSemaphoreDelete  rtx_semaphore.o
    0x08012600   0x08012600   0x000000d0   Code   RO         2877    i.svcRtxSemaphoreNew  rtx_semaphore.o
    0x080126d0   0x080126d0   0x0000007c   Code   RO         2878    i.svcRtxSemaphoreRelease  rtx_semaphore.o
    0x0801274c   0x0801274c   0x00000068   Code   RO         3092    i.svcRtxThreadExit  rtx_thread.o
    0x080127b4   0x080127b4   0x00000046   Code   RO         3093    i.svcRtxThreadFlagsClear  rtx_thread.o
    0x080127fa   0x080127fa   0x0000009a   Code   RO         3095    i.svcRtxThreadFlagsSet  rtx_thread.o
    0x08012894   0x08012894   0x00000092   Code   RO         3096    i.svcRtxThreadFlagsWait  rtx_thread.o
    0x08012926   0x08012926   0x00000002   PAD
    0x08012928   0x08012928   0x00000280   Code   RO         3105    i.svcRtxThreadNew   rtx_thread.o
    0x08012ba8   0x08012ba8   0x000000ec   Code   RO         3109    i.svcRtxThreadTerminate  rtx_thread.o
    0x08012c94   0x08012c94   0x00000044   Code   RO         3110    i.svcRtxThreadYield  rtx_thread.o
    0x08012cd8   0x08012cd8   0x000000d4   Code   RO         3483    i.svcRtxTimerNew    rtx_timer.o
    0x08012dac   0x08012dac   0x00000068   Code   RO         3484    i.svcRtxTimerStart  rtx_timer.o
    0x08012e14   0x08012e14   0x0000004c   Code   RO         3485    i.svcRtxTimerStop   rtx_timer.o
    0x08012e60   0x08012e60   0x00000018   Code   RO         8368    i.sys_map_if        Net_Dbg_CM3_L.lib(net_sys.o)
    0x08012e78   0x08012e78   0x0000004c   Code   RO         8369    i.sys_proc_tick     Net_Dbg_CM3_L.lib(net_sys.o)
    0x08012ec4   0x08012ec4   0x00000110   Code   RO         8050    i.tcp_map_socket    Net_Dbg_CM3_L.lib(net_tcp.o)
    0x08012fd4   0x08012fd4   0x00000084   Code   RO         8051    i.tcp_parse_opt     Net_Dbg_CM3_L.lib(net_tcp.o)
    0x08013058   0x08013058   0x0000011c   Code   RO         8052    i.tcp_proc_acknr    Net_Dbg_CM3_L.lib(net_tcp.o)
    0x08013174   0x08013174   0x000000ac   Code   RO         8053    i.tcp_proc_dupack   Net_Dbg_CM3_L.lib(net_tcp.o)
    0x08013220   0x08013220   0x0000001a   Code   RO         8054    i.tcp_que_free      Net_Dbg_CM3_L.lib(net_tcp.o)
    0x0801323a   0x0801323a   0x0000001a   Code   RO         8055    i.tcp_que_init      Net_Dbg_CM3_L.lib(net_tcp.o)
    0x08013254   0x08013254   0x000000ac   Code   RO         8056    i.tcp_que_resend    Net_Dbg_CM3_L.lib(net_tcp.o)
    0x08013300   0x08013300   0x00000090   Code   RO         8057    i.tcp_send_ctrl     Net_Dbg_CM3_L.lib(net_tcp.o)
    0x08013390   0x08013390   0x0000007c   Code   RO         8058    i.tcp_send_data     Net_Dbg_CM3_L.lib(net_tcp.o)
    0x0801340c   0x0801340c   0x00000090   Code   RO         8059    i.tcp_send_reset    Net_Dbg_CM3_L.lib(net_tcp.o)
    0x0801349c   0x0801349c   0x00000044   Code   RO         8060    i.tcp_set_cwnd      Net_Dbg_CM3_L.lib(net_tcp.o)
    0x080134e0   0x080134e0   0x00000074   Code   RO         8061    i.tcp_transit       Net_Dbg_CM3_L.lib(net_tcp.o)
    0x08013554   0x08013554   0x0000010c   Code   RO         8062    i.tcp_write         Net_Dbg_CM3_L.lib(net_tcp.o)
    0x08013660   0x08013660   0x000000a4   Code   RO          582    i.time_callback     rtc.o
    0x08013704   0x08013704   0x0000002c   Code   RO         7972    i.udp_port_in_use   Net_Dbg_CM3_L.lib(net_udp.o)
    0x08013730   0x08013730   0x00000044   Code   RO         8680    i.ul2str            Net_Dbg_CM3_L.lib(net_common.o)
    0x08013774   0x08013774   0x00000124   Code   RO         8199    i.utc_to_http       Net_Dbg_CM3_L.lib(net_http_server.o)
    0x08013898   0x08013898   0x00000024   Data   RO          187    .constdata          http_server.o
    0x080138bc   0x080138bc   0x00006d70   Data   RO          374    .constdata          web.o
    0x0801a62c   0x0801a62c   0x00000960   Data   RO          415    .constdata          lcd.o
    0x0801af8c   0x0801af8c   0x00000001   Data   RO          784    .constdata          irq_armv7m.o
    0x0801af8d   0x0801af8d   0x00000003   PAD
    0x0801af90   0x0801af90   0x00000068   Data   RO         2314    .constdata          rtx_lib.o
    0x0801aff8   0x0801aff8   0x00000024   Data   RO         3712    .constdata          phy_lan8742a.o
    0x0801b01c   0x0801b01c   0x00000094   Data   RO         3790    .constdata          emac_stm32f4xx.o
    0x0801b0b0   0x0801b0b0   0x00000080   Data   RO         3947    .constdata          spi_stm32f4xx.o
    0x0801b130   0x0801b130   0x00000018   Data   RO         4107    .constdata          eventrecorder.o
    0x0801b148   0x0801b148   0x00000018   Data   RO         7431    .constdata          system_stm32f4xx_1.o
    0x0801b160   0x0801b160   0x0000027c   Data   RO         7506    .constdata          net_config.o
    0x0801b3dc   0x0801b3dc   0x0000002c   Data   RO         7894    .constdata          Net_Dbg_CM3_L.lib(net_loopback.o)
    0x0801b408   0x0801b408   0x0000000c   Data   RO         7895    .constdata          Net_Dbg_CM3_L.lib(net_loopback.o)
    0x0801b414   0x0801b414   0x00000008   Data   RO         8132    .constdata          Net_Dbg_CM3_L.lib(net_nbns_client.o)
    0x0801b41c   0x0801b41c   0x000000fa   Data   RO         8201    .constdata          Net_Dbg_CM3_L.lib(net_http_server.o)
    0x0801b516   0x0801b516   0x00000002   PAD
    0x0801b518   0x0801b518   0x00000018   Data   RO         8280    .constdata          Net_Dbg_CM3_L.lib(net_http_server_auth.o)
    0x0801b530   0x0801b530   0x00000012   Data   RO         8336    .constdata          Net_Dbg_CM3_L.lib(net_ping_core.o)
    0x0801b542   0x0801b542   0x00000010   Data   RO         8429    .constdata          Net_Dbg_CM3_L.lib(net_addr.o)
    0x0801b552   0x0801b552   0x00000006   Data   RO         8430    .constdata          Net_Dbg_CM3_L.lib(net_addr.o)
    0x0801b558   0x0801b558   0x00000004   Data   RO         8552    .constdata          Net_Dbg_CM3_L.lib(net_ip4.o)
    0x0801b55c   0x0801b55c   0x00000020   Data   RO         8587    .constdata          Net_Dbg_CM3_L.lib(net_ip6.o)
    0x0801b57c   0x0801b57c   0x00000018   Data   RO         8627    .constdata          Net_Dbg_CM3_L.lib(net_http_server_err.o)
    0x0801b594   0x0801b594   0x00000010   Data   RO         8681    .constdata          Net_Dbg_CM3_L.lib(net_common.o)
    0x0801b5a4   0x0801b5a4   0x00000090   Data   RO         8728    .constdata          Net_Dbg_CM3_L.lib(net_base64.o)
    0x0801b634   0x0801b634   0x00000004   Data   RO         8737    .constdata          Net_Dbg_CM3_L.lib(net_version.o)
    0x0801b638   0x0801b638   0x0000000c   Data   RO         8751    .constdata          mc_w.l(localtime.o)
    0x0801b644   0x0801b644   0x000000da   Data   RO          305    .conststring        http_server_cgi.o
    0x0801b71e   0x0801b71e   0x00000002   PAD
    0x0801b720   0x0801b720   0x000000f1   Data   RO         7507    .conststring        net_config.o
    0x0801b811   0x0801b811   0x00000003   PAD
    0x0801b814   0x0801b814   0x00000203   Data   RO         8628    .conststring        Net_Dbg_CM3_L.lib(net_http_server_err.o)
    0x0801ba17   0x0801ba17   0x00000001   PAD
    0x0801ba18   0x0801ba18   0x0000000b   Data   RO         2109    .conststrlit        rtx_kernel.o
    0x0801ba23   0x0801ba23   0x00000001   PAD
    0x0801ba24   0x0801ba24   0x000000a8   Data   RO         2315    .rodata             rtx_lib.o
    0x0801bacc   0x0801bacc   0x00000030   Data   RO         9082    Region$$Table       anon$$obj.o


    Execution Region RW_IRAM2 (Exec base: 0x10000000, Load base: 0x0801bc38, Size: 0x000004a4, Max: 0x00010000, ABSOLUTE)

    Exec Addr    Load Addr    Size         Type   Attr      Idx    E Section Name        Object

    0x10000000        -       0x000004a4   Zero   RW         4106    .bss.noinit         eventrecorder.o


    Execution Region RW_IRAM1 (Exec base: 0x20000000, Load base: 0x0801bafc, Size: 0x0000f868, Max: 0x00030000, ABSOLUTE, COMPRESSED[0x0000013c])

    Exec Addr    Load Addr    Size         Type   Attr      Idx    E Section Name        Object

    0x20000000   COMPRESSED   0x00008040   Data   RW         2308    .bss.os             rtx_lib.o
    0x20008040   COMPRESSED   0x00000001   Data   RW         3611    .bss.os             os_systick.o
    0x20008041   COMPRESSED   0x00000003   PAD
    0x20008044   COMPRESSED   0x00000034   Data   RW         2309    .bss.os.msgqueue.cb  rtx_lib.o
    0x20008078   COMPRESSED   0x00000050   Data   RW         2310    .bss.os.msgqueue.mem  rtx_lib.o
    0x200080c8   COMPRESSED   0x00000038   Data   RW         7502    .bss.os.mutex.cb    net_config.o
    0x20008100   COMPRESSED   0x00000010   Data   RW         7503    .bss.os.semaphore.cb  net_config.o
    0x20008110   COMPRESSED   0x00000088   Data   RW         2311    .bss.os.thread.cb   rtx_lib.o
    0x20008198   COMPRESSED   0x00000088   Data   RW         7504    .bss.os.thread.cb   net_config.o
    0x20008220   COMPRESSED   0x00000200   Data   RW         2312    .bss.os.thread.idle.stack  rtx_lib.o
    0x20008420   COMPRESSED   0x00000200   Data   RW         2313    .bss.os.thread.timer.stack  rtx_lib.o
    0x20008620   COMPRESSED   0x00000020   Data   RW         7505    .bss.os.timer.cb    net_config.o
    0x20008640   COMPRESSED   0x00000004   Data   RW            9    .data               main.o
    0x20008644   COMPRESSED   0x0000003c   Data   RW          188    .data               http_server.o
    0x20008680   COMPRESSED   0x00000010   Data   RW          306    .data               http_server_cgi.o
    0x20008690   COMPRESSED   0x0000001c   Data   RW          416    .data               lcd.o
    0x200086ac   COMPRESSED   0x00000014   Data   RW          584    .data               rtc.o
    0x200086c0   COMPRESSED   0x00000009   Data   RW         4243    .data               stm32f4xx_hal.o
    0x200086c9   COMPRESSED   0x00000003   PAD
    0x200086cc   COMPRESSED   0x00000004   Data   RW         7432    .data               system_stm32f4xx_1.o
    0x200086d0   COMPRESSED   0x0000000e   Data   RW         7508    .data               net_config.o
    0x200086de   COMPRESSED   0x00000002   PAD
    0x200086e0   COMPRESSED   0x00000004   Data   RW         7896    .data               Net_Dbg_CM3_L.lib(net_loopback.o)
    0x200086e4   COMPRESSED   0x00000004   Data   RW         7914    .data               Net_Dbg_CM3_L.lib(net_ip4_frag.o)
    0x200086e8   COMPRESSED   0x00000001   Data   RW         7932    .data               Net_Dbg_CM3_L.lib(net_icmp.o)
    0x200086e9   COMPRESSED   0x00000001   PAD
    0x200086ea   COMPRESSED   0x00000002   Data   RW         7974    .data               Net_Dbg_CM3_L.lib(net_udp.o)
    0x200086ec   COMPRESSED   0x00000004   Data   RW         8065    .data               Net_Dbg_CM3_L.lib(net_tcp.o)
    0x200086f0   COMPRESSED   0x00000001   Data   RW         8133    .data               Net_Dbg_CM3_L.lib(net_nbns_client.o)
    0x200086f1   COMPRESSED   0x00000003   PAD
    0x200086f4   COMPRESSED   0x0000000c   Data   RW         8202    .data               Net_Dbg_CM3_L.lib(net_http_server.o)
    0x20008700   COMPRESSED   0x00000008   Data   RW         8553    .data               Net_Dbg_CM3_L.lib(net_ip4.o)
    0x20008708   COMPRESSED   0x00000004   Data   RW         8589    .data               Net_Dbg_CM3_L.lib(net_ip6.o)
    0x2000870c   COMPRESSED   0x000000a4   Data   RW         2110    .data.os            rtx_kernel.o
    0x200087b0        -       0x000004a0   Zero   RW          186    .bss                http_server.o
    0x20008c50        -       0x000000ec   Zero   RW          304    .bss                http_server_cgi.o
    0x20008d3c        -       0x000002e7   Zero   RW          414    .bss                lcd.o
    0x20009023   COMPRESSED   0x00000001   PAD
    0x20009024        -       0x00000048   Zero   RW          541    .bss                adc.o
    0x2000906c        -       0x00000088   Zero   RW          583    .bss                rtc.o
    0x200090f4        -       0x0000000c   Zero   RW         3711    .bss                phy_lan8742a.o
    0x20009100        -       0x000024cc   Zero   RW         3789    .bss                emac_stm32f4xx.o
    0x2000b5cc        -       0x0000002c   Zero   RW         3946    .bss                spi_stm32f4xx.o
    0x2000b5f8        -       0x00003bb0   Zero   RW         7501    .bss                net_config.o
    0x2000f1a8        -       0x000000a0   Zero   RW         7791    .bss                Net_Dbg_CM3_L.lib(net_eth.o)
    0x2000f248        -       0x00000018   Zero   RW         7851    .bss                Net_Dbg_CM3_L.lib(net_arp.o)
    0x2000f260        -       0x0000001c   Zero   RW         7973    .bss                Net_Dbg_CM3_L.lib(net_udp.o)
    0x2000f27c        -       0x00000098   Zero   RW         8200    .bss                Net_Dbg_CM3_L.lib(net_http_server.o)
    0x2000f314        -       0x0000002c   Zero   RW         8312    .bss                Net_Dbg_CM3_L.lib(net_sntp_client_core.o)
    0x2000f340        -       0x0000002c   Zero   RW         8335    .bss                Net_Dbg_CM3_L.lib(net_ping_core.o)
    0x2000f36c        -       0x00000038   Zero   RW         8370    .bss                Net_Dbg_CM3_L.lib(net_sys.o)
    0x2000f3a4        -       0x00000024   Zero   RW         8371    .bss                Net_Dbg_CM3_L.lib(net_sys.o)
    0x2000f3c8        -       0x0000005c   Zero   RW         8428    .bss                Net_Dbg_CM3_L.lib(net_addr.o)
    0x2000f424        -       0x00000014   Zero   RW         8643    .bss                Net_Dbg_CM3_L.lib(net_mem.o)
    0x2000f438        -       0x0000002c   Zero   RW         8750    .bss                mc_w.l(localtime.o)
    0x2000f464   COMPRESSED   0x00000004   PAD
    0x2000f468        -       0x00000400   Zero   RW         7419    STACK               startup_stm32f429xx.o


==============================================================================

Image component sizes


      Code (inc. data)   RO Data    RW Data    ZI Data      Debug   Object Name

       288         26          0          0         72       2094   adc.o
      3452        322        148          0       9420      56114   emac_stm32f4xx.o
      1568         90         24          0       1188      22115   eventrecorder.o
       346         82         36         60       1184      22657   http_server.o
      2688        478        218         16        236       6805   http_server_cgi.o
       148          8          1          0          0        672   irq_armv7m.o
      1280        150       2400         28        743       9658   lcd.o
       322         32          0          4          0     791588   main.o
       346         48        877        254      15280      42370   net_config.o
       334          0          0          0          0        687   net_debug.o
       142         24          0          1          0       2488   os_systick.o
       580         40         36          0         12       9374   phy_lan8742a.o
       804        154          0         20        136       7995   rtc.o
        36          6          0          0          0       1069   rtx_config.o
       156          6          0          0          0      18505   rtx_delay.o
      2024        396          0          0          0      67971   rtx_evr.o
      1138         64         11        164          0      28159   rtx_kernel.o
       246          0        272      34124          0      10343   rtx_lib.o
       478          0          0          0          0       4171   rtx_memory.o
       532          0          0          0          0       4031   rtx_mempool.o
      2346         44          0          0          0      24618   rtx_msgqueue.o
      1130         28          0          0          0      11329   rtx_mutex.o
      1488         38          0          0          0      16003   rtx_semaphore.o
       792         40          0          0          0       9953   rtx_system.o
      3872        170          0          0          0      39866   rtx_thread.o
      1008         64          0          0          0      13763   rtx_timer.o
      4392        210        128          0         44      54563   spi_stm32f4xx.o
        36          8        428          0       1024        864   startup_stm32f429xx.o
        62          8          0          9          0       8503   stm32f4xx_hal.o
      1424         56          0          0          0       6004   stm32f4xx_hal_adc.o
       304         28          0          0          0      34728   stm32f4xx_hal_cortex.o
        40          0          0          0          0       1347   stm32f4xx_hal_dma.o
       940        100          0          0          0       3879   stm32f4xx_hal_gpio.o
        28         10          0          0          0       1171   stm32f4xx_hal_pwr.o
      1788         74          0          0          0       5269   stm32f4xx_hal_rcc.o
       772         26          0          0          0       1688   stm32f4xx_hal_rcc_ex.o
      1744         36          0          0          0       9542   stm32f4xx_hal_rtc.o
        20          0          0          0          0       1810   stm32f4xx_hal_rtc_ex.o
       660         76          0          0          0       5439   stm32f4xx_hal_tim.o
        56         10          0          0          0       4170   stm32f4xx_it.o
       208         28         24          4          0       2091   system_stm32f4xx_1.o
       136          8      28016          0          0       2124   web.o

    ----------------------------------------------------------------------
     40196       2988      32676      34692      29340    1367590   Object Totals
         0          0         48          0          0          0   (incl. Generated)
        42          0          9          8          1          0   (incl. Padding)

    ----------------------------------------------------------------------

      Code (inc. data)   RO Data    RW Data    ZI Data      Debug   Library Member Name

      1458         18         22          0         92       1624   net_addr.o
      2938        152          0          0         24       1628   net_arp.o
       120          6        144          0          0         84   net_base64.o
       622         10         16          0          0       1340   net_common.o
      3816        150          0          0        160       1756   net_eth.o
      6946       1282        250         12        152       2940   net_http_server.o
       266         66         24          0          0        368   net_http_server_auth.o
         0          0        539          0          0          0   net_http_server_err.o
       640         48          0          1          0        236   net_icmp.o
       812         60          0          0          0        332   net_icmp6.o
      1220         92          4          8          0       1032   net_ip4.o
       706         34          0          4          0        544   net_ip4_frag.o
       876         80         32          4          0        720   net_ip6.o
       388         36         56          4          0        336   net_loopback.o
       592         64          0          0         20        564   net_mem.o
       576         58          8          1          0        268   net_nbns_client.o
      3058        106          0          0          0       1404   net_ndp.o
       220         40         18          0         44        300   net_ping_core.o
       904         78          0          0         44        664   net_sntp_client_core.o
       834         84          0          0         92       1012   net_sys.o
      6606        292          0          4          0       2808   net_tcp.o
      1436         88          0          2         28        852   net_udp.o
         0          0          4          0          0          0   net_version.o
        86          0          0          0          0          0   __dczerorl2.o
         0          0          0          0          0          0   entry.o
         0          0          0          0          0          0   entry10a.o
         0          0          0          0          0          0   entry11a.o
         4          0          0          0          0          0   entry12b.o
         8          4          0          0          0          0   entry2.o
         4          0          0          0          0          0   entry5.o
         0          0          0          0          0          0   entry7b.o
         0          0          0          0          0          0   entry8b.o
         8          4          0          0          0          0   entry9a.o
        30          0          0          0          0          0   handlers.o
        36          8          0          0          0         68   init.o
         0          0          0          0          0          0   iusefp.o
        30          0          0          0          0         68   llshl.o
        36          0          0          0          0         68   llsshr.o
        32          0          0          0          0         68   llushr.o
       148         10         12          0         44         76   localtime.o
        26          0          0          0          0         80   memcmp.o
        36          0          0          0          0         68   memcpya.o
        36          0          0          0          0        108   memseta.o
      2236         86          0          0          0        532   printfa.o
        28          0          0          0          0         76   strcmp.o
        18          0          0          0          0         68   strcpy.o
        14          0          0          0          0         68   strlen.o
        30          0          0          0          0         80   strncmp.o
        44          0          0          0          0         80   uidiv.o
        98          0          0          0          0         92   uldiv.o
        48          0          0          0          0         68   cdrcmple.o
       334          0          0          0          0        148   dadd.o
       222          0          0          0          0        100   ddiv.o
       186          0          0          0          0        176   depilogue.o
        48          0          0          0          0         68   dfixul.o
       228          0          0          0          0         96   dmul.o
        38          0          0          0          0         68   f2d.o
       110          0          0          0          0        168   fepilogue.o
        10          0          0          0          0         68   ffltui.o
       100          0          0          0          0         76   fmul.o

    ----------------------------------------------------------------------
     39400       2956       1132         44        704      23448   Library Totals
        54          0          3          4          4          0   (incl. Padding)

    ----------------------------------------------------------------------

      Code (inc. data)   RO Data    RW Data    ZI Data      Debug   Library Name

     35034       2844       1117         40        656      20812   Net_Dbg_CM3_L.lib
      2988        112         12          0         44       1600   mc_w.l
      1324          0          0          0          0       1036   mf_w.l

    ----------------------------------------------------------------------
     39400       2956       1132         44        704      23448   Library Totals

    ----------------------------------------------------------------------

==============================================================================


      Code (inc. data)   RO Data    RW Data    ZI Data      Debug   

     79596       5944      33808      34736      30044    1353986   Grand Totals
     79596       5944      33808        316      30044    1353986   ELF Image Totals (compressed)
     79596       5944      33808        316          0          0   ROM Totals

==============================================================================

    Total RO  Size (Code + RO Data)               113404 ( 110.75kB)
    Total RW  Size (RW Data + ZI Data)             64780 (  63.26kB)
    Total ROM Size (Code + RO Data + RW Data)     113720 ( 111.05kB)

==============================================================================

