Component: ARM Compiler 5.06 update 7 (build 960) Tool: armlink [4d3601]

==============================================================================

Section Cross References

    main.o(i.HAL_GetTick) refers to rtx_kernel.o(i.osKernelGetState) for osKernelGetState
    main.o(i.HAL_GetTick) refers to rtx_kernel.o(i.osKernelGetTickCount) for osKernelGetTickCount
    main.o(i.HAL_GetTick) refers to system_stm32f4xx_1.o(.data) for SystemCoreClock
    main.o(i.HAL_GetTick) refers to main.o(.data) for ticks
    main.o(i.SystemClock_Config) refers to stm32f4xx_hal_rcc.o(i.HAL_RCC_OscConfig) for HAL_RCC_OscConfig
    main.o(i.SystemClock_Config) refers to main.o(i.Error_Handler) for Error_Handler
    main.o(i.SystemClock_Config) refers to stm32f4xx_hal_rcc.o(i.HAL_RCC_ClockConfig) for HAL_RCC_ClockConfig
    main.o(i.SystemClock_Config) refers to stm32f4xx_hal.o(i.HAL_GetREVID) for HAL_GetREVID
    main.o(i.main) refers to stm32f4xx_hal.o(i.HAL_Init) for HAL_Init
    main.o(i.main) refers to main.o(i.SystemClock_Config) for SystemClock_Config
    main.o(i.main) refers to system_stm32f4xx_1.o(i.SystemCoreClockUpdate) for SystemCoreClockUpdate
    main.o(i.main) refers to rtx_kernel.o(i.osKernelInitialize) for osKernelInitialize
    main.o(i.main) refers to rtx_thread.o(i.osThreadNew) for osThreadNew
    main.o(i.main) refers to rtx_kernel.o(i.osKernelStart) for osKernelStart
    main.o(i.main) refers to http_server.o(.constdata) for app_main_attr
    main.o(i.main) refers to http_server.o(i.app_main) for app_main
    http_server.o(i.AD_in) refers to adc.o(i.ADC_getValue) for ADC_getValue
    http_server.o(i.BlinkLed) refers to rtx_delay.o(i.osDelay) for osDelay
    http_server.o(i.BlinkLed) refers to http_server.o(.data) for LEDrun
    http_server.o(i.Display) refers to rtx_thread.o(i.osThreadFlagsWait) for osThreadFlagsWait
    http_server.o(i.Init_MsgQueue_ServerLcd) refers to rtx_msgqueue.o(i.osMessageQueueNew) for osMessageQueueNew
    http_server.o(i.Init_MsgQueue_ServerLcd) refers to lcd.o(.data) for mid_MsgQueue_ServerLcd
    http_server.o(i.Init_MsgQueue_ServerLcd) refers to http_server.o(.data) for status_ServerLcd
    http_server.o(i.Rtc) refers to rtc.o(i.RTC_CalendarShow) for RTC_CalendarShow
    http_server.o(i.Rtc) refers to printfa.o(i.__0sprintf) for __2sprintf
    http_server.o(i.Rtc) refers to rtx_msgqueue.o(i.osMessageQueuePut) for osMessageQueuePut
    http_server.o(i.Rtc) refers to http_server.o(.bss) for aShowDate
    http_server.o(i.Rtc) refers to lcd.o(.data) for mid_MsgQueue_ServerLcd
    http_server.o(i.app_main) refers to http_server_cgi.o(i.pines_leds) for pines_leds
    http_server.o(i.app_main) refers to lcd.o(i.Init_Thlcd) for Init_Thlcd
    http_server.o(i.app_main) refers to rtc.o(i.Init_ThAlarm) for Init_ThAlarm
    http_server.o(i.app_main) refers to http_server_cgi.o(i.Init_MsgQueue_lcd) for Init_MsgQueue_lcd
    http_server.o(i.app_main) refers to http_server.o(i.Init_MsgQueue_ServerLcd) for Init_MsgQueue_ServerLcd
    http_server.o(i.app_main) refers to rtc.o(i.Init_timers) for Init_timers
    http_server.o(i.app_main) refers to rtx_thread.o(i.osThreadNew) for osThreadNew
    http_server.o(i.app_main) refers to net_sys.o(i.netInitialize) for netInitialize
    http_server.o(i.app_main) refers to rtc.o(i.RTC_Init) for RTC_Init
    http_server.o(i.app_main) refers to rtc.o(i.RTC_CalendarConfig) for RTC_CalendarConfig
    http_server.o(i.app_main) refers to rtc.o(i.RTC_AlarmConfig) for RTC_AlarmConfig
    http_server.o(i.app_main) refers to rtc.o(i.SNTP_init) for SNTP_init
    http_server.o(i.app_main) refers to adc.o(i.ADC_init) for ADC_init
    http_server.o(i.app_main) refers to rtx_thread.o(i.osThreadExit) for osThreadExit
    http_server.o(i.app_main) refers to http_server.o(i.BlinkLed) for BlinkLed
    http_server.o(i.app_main) refers to http_server.o(.data) for TID_Led
    http_server.o(i.app_main) refers to http_server.o(i.Display) for Display
    http_server.o(i.app_main) refers to http_server.o(i.Rtc) for Rtc
    http_server.o(i.netDHCP_Notify) refers to rtx_thread.o(i.osThreadFlagsSet) for osThreadFlagsSet
    http_server.o(i.netDHCP_Notify) refers to http_server.o(.data) for TID_Display
    http_server.o(.constdata) refers to http_server.o(.bss) for app_main_stk
    http_server_cgi.o(i.Init_MsgQueue_lcd) refers to rtx_msgqueue.o(i.osMessageQueueNew) for osMessageQueueNew
    http_server_cgi.o(i.Init_MsgQueue_lcd) refers to http_server_cgi.o(.data) for mid_MsgQueue_lcd
    http_server_cgi.o(i.leds_out) refers to stm32f4xx_hal_gpio.o(i.HAL_GPIO_Init) for HAL_GPIO_Init
    http_server_cgi.o(i.leds_out) refers to http_server_cgi.o(.bss) for GPIO_InitStruct
    http_server_cgi.o(i.netCGI_ProcessData) refers to http_server_cgi.o(i.leds_out) for leds_out
    http_server_cgi.o(i.netCGI_ProcessData) refers to stm32f4xx_hal_gpio.o(i.HAL_GPIO_WritePin) for HAL_GPIO_WritePin
[...]
    0x0800230c   0x0800230c   0x00000018   Code   RO         1113    i.EvrRtxMessageQueueInsertPending  rtx_evr.o
    0x08002324   0x08002324   0x00000018   Code   RO         1114    i.EvrRtxMessageQueueInserted  rtx_evr.o
    0x0800233c   0x0800233c   0x00000020   Code   RO         1115    i.EvrRtxMessageQueueNew  rtx_evr.o
    0x0800235c   0x0800235c   0x00000018   Code   RO         1116    i.EvrRtxMessageQueueNotInserted  rtx_evr.o
    0x08002374   0x08002374   0x00000018   Code   RO         1117    i.EvrRtxMessageQueueNotRetrieved  rtx_evr.o
    0x0800238c   0x0800238c   0x00000020   Code   RO         1118    i.EvrRtxMessageQueuePut  rtx_evr.o
    0x080023ac   0x080023ac   0x00000020   Code   RO         1119    i.EvrRtxMessageQueuePutPending  rtx_evr.o
    0x080023cc   0x080023cc   0x00000014   Code   RO         1120    i.EvrRtxMessageQueuePutTimeout  rtx_evr.o
    0x080023e0   0x080023e0   0x00000018   Code   RO         1123    i.EvrRtxMessageQueueRetrieved  rtx_evr.o
    0x080023f8   0x080023f8   0x00000018   Code   RO         1124    i.EvrRtxMutexAcquire  rtx_evr.o
    0x08002410   0x08002410   0x00000018   Code   RO         1125    i.EvrRtxMutexAcquirePending  rtx_evr.o
    0x08002428   0x08002428   0x00000014   Code   RO         1126    i.EvrRtxMutexAcquireTimeout  rtx_evr.o
    0x0800243c   0x0800243c   0x00000018   Code   RO         1127    i.EvrRtxMutexAcquired  rtx_evr.o
    0x08002454   0x08002454   0x00000018   Code   RO         1128    i.EvrRtxMutexCreated  rtx_evr.o
    0x0800246c   0x0800246c   0x00000014   Code   RO         1131    i.EvrRtxMutexError  rtx_evr.o
    0x08002480   0x08002480   0x00000014   Code   RO         1134    i.EvrRtxMutexNew    rtx_evr.o
    0x08002494   0x08002494   0x00000014   Code   RO         1135    i.EvrRtxMutexNotAcquired  rtx_evr.o
    0x080024a8   0x080024a8   0x00000014   Code   RO         1136    i.EvrRtxMutexRelease  rtx_evr.o
    0x080024bc   0x080024bc   0x00000018   Code   RO         1137    i.EvrRtxMutexReleased  rtx_evr.o
    0x080024d4   0x080024d4   0x00000018   Code   RO         1138    i.EvrRtxSemaphoreAcquire  rtx_evr.o
    0x080024ec   0x080024ec   0x00000018   Code   RO         1139    i.EvrRtxSemaphoreAcquirePending  rtx_evr.o
    0x08002504   0x08002504   0x00000014   Code   RO         1140    i.EvrRtxSemaphoreAcquireTimeout  rtx_evr.o
    0x08002518   0x08002518   0x00000018   Code   RO         1141    i.EvrRtxSemaphoreAcquired  rtx_evr.o
    0x08002530   0x08002530   0x00000018   Code   RO         1142    i.EvrRtxSemaphoreCreated  rtx_evr.o
    0x08002548   0x08002548   0x00000014   Code   RO         1143    i.EvrRtxSemaphoreDelete  rtx_evr.o
    0x0800255c   0x0800255c   0x00000014   Code   RO         1144    i.EvrRtxSemaphoreDestroyed  rtx_evr.o
    0x08002570   0x08002570   0x00000014   Code   RO         1145    i.EvrRtxSemaphoreError  rtx_evr.o
    0x08002584   0x08002584   0x00000020   Code   RO         1148    i.EvrRtxSemaphoreNew  rtx_evr.o
    0x080025a4   0x080025a4   0x00000014   Code   RO         1149    i.EvrRtxSemaphoreNotAcquired  rtx_evr.o
    0x080025b8   0x080025b8   0x00000014   Code   RO         1150    i.EvrRtxSemaphoreRelease  rtx_evr.o
    0x080025cc   0x080025cc   0x00000018   Code   RO         1151    i.EvrRtxSemaphoreReleased  rtx_evr.o
    0x080025e4   0x080025e4   0x00000018   Code   RO         1152    i.EvrRtxThreadBlocked  rtx_evr.o
    0x080025fc   0x080025fc   0x00000028   Code   RO         1153    i.EvrRtxThreadCreated  rtx_evr.o
    0x08002624   0x08002624   0x00000014   Code   RO         1154    i.EvrRtxThreadDestroyed  rtx_evr.o
    0x08002638   0x08002638   0x00000014   Code   RO         1158    i.EvrRtxThreadError  rtx_evr.o
    0x0800264c   0x0800264c   0x00000014   Code   RO         1159    i.EvrRtxThreadExit  rtx_evr.o
    0x08002660   0x08002660   0x00000014   Code   RO         1160    i.EvrRtxThreadFlagsClear  rtx_evr.o
    0x08002674   0x08002674   0x00000014   Code   RO         1161    i.EvrRtxThreadFlagsClearDone  rtx_evr.o
    0x08002688   0x08002688   0x00000014   Code   RO         1162    i.EvrRtxThreadFlagsError  rtx_evr.o
    0x0800269c   0x0800269c   0x00000018   Code   RO         1164    i.EvrRtxThreadFlagsSet  rtx_evr.o
    0x080026b4   0x080026b4   0x00000018   Code   RO         1165    i.EvrRtxThreadFlagsSetDone  rtx_evr.o
    0x080026cc   0x080026cc   0x00000020   Code   RO         1166    i.EvrRtxThreadFlagsWait  rtx_evr.o
    0x080026ec   0x080026ec   0x00000020   Code   RO         1167    i.EvrRtxThreadFlagsWaitCompleted  rtx_evr.o
    0x0800270c   0x0800270c   0x00000018   Code   RO         1168    i.EvrRtxThreadFlagsWaitNotCompleted  rtx_evr.o
    0x08002724   0x08002724   0x00000020   Code   RO         1169    i.EvrRtxThreadFlagsWaitPending  rtx_evr.o
    0x08002744   0x08002744   0x00000014   Code   RO         1170    i.EvrRtxThreadFlagsWaitTimeout  rtx_evr.o
    0x08002758   0x08002758   0x00000014   Code   RO         1180    i.EvrRtxThreadJoined  rtx_evr.o
    0x0800276c   0x0800276c   0x00000020   Code   RO         1181    i.EvrRtxThreadNew   rtx_evr.o
    0x0800278c   0x0800278c   0x00000014   Code   RO         1182    i.EvrRtxThreadPreempted  rtx_evr.o
    0x080027a0   0x080027a0   0x00000014   Code   RO         1189    i.EvrRtxThreadSwitched  rtx_evr.o
    0x080027b4   0x080027b4   0x00000014   Code   RO         1190    i.EvrRtxThreadTerminate  rtx_evr.o
    0x080027c8   0x080027c8   0x00000018   Code   RO         1191    i.EvrRtxThreadUnblocked  rtx_evr.o
    0x080027e0   0x080027e0   0x00000014   Code   RO         1192    i.EvrRtxThreadYield  rtx_evr.o
    0x080027f4   0x080027f4   0x00000018   Code   RO         1193    i.EvrRtxTimerCallback  rtx_evr.o
    0x0800280c   0x0800280c   0x00000018   Code   RO         1194    i.EvrRtxTimerCreated  rtx_evr.o
    0x08002824   0x08002824   0x00000014   Code   RO         1197    i.EvrRtxTimerError  rtx_evr.o
    0x08002838   0x08002838   0x00000020   Code   RO         1200    i.EvrRtxTimerNew    rtx_evr.o
    0x08002858   0x08002858   0x00000018   Code   RO         1201    i.EvrRtxTimerStart  rtx_evr.o
    0x08002870   0x08002870   0x00000014   Code   RO         1202    i.EvrRtxTimerStarted  rtx_evr.o
    0x08002884   0x08002884   0x00000014   Code   RO         1203    i.EvrRtxTimerStop   rtx_evr.o
    0x08002898   0x08002898   0x00000014   Code   RO         1204    i.EvrRtxTimerStopped  rtx_evr.o
    0x080028ac   0x080028ac   0x0000000c   Code   RO         3779    i.GetCapabilities   emac_stm32f4xx.o
    0x080028b8   0x080028b8   0x00000010   Code   RO         4114    i.GetContext        eventrecorder.o
    0x080028c8   0x080028c8   0x00000044   Code   RO         3713    i.GetLinkInfo       phy_lan8742a.o
    0x0800290c   0x0800290c   0x0000002c   Code   RO         3714    i.GetLinkState      phy_lan8742a.o
    0x08002938   0x08002938   0x00000044   Code   RO         3780    i.GetMacAddress     emac_stm32f4xx.o
    0x0800297c   0x0800297c   0x0000004c   Code   RO         3781    i.GetRxFrameSize    emac_stm32f4xx.o
    0x080029c8   0x080029c8   0x00000008   Code   RO         3782    i.GetRxFrameTime    emac_stm32f4xx.o
    0x080029d0   0x080029d0   0x00000008   Code   RO         3783    i.GetTxFrameTime    emac_stm32f4xx.o
    0x080029d8   0x080029d8   0x00000010   Code   RO         3715    i.GetVersion        phy_lan8742a.o
    0x080029e8   0x080029e8   0x00000010   Code   RO         3784    i.GetVersion        emac_stm32f4xx.o
    0x080029f8   0x080029f8   0x000001a4   Code   RO         4427    i.HAL_ADC_ConfigChannel  stm32f4xx_hal_adc.o
    0x08002b9c   0x08002b9c   0x00000008   Code   RO         4434    i.HAL_ADC_GetValue  stm32f4xx_hal_adc.o
    0x08002ba4   0x08002ba4   0x00000068   Code   RO         4436    i.HAL_ADC_Init      stm32f4xx_hal_adc.o
    0x08002c0c   0x08002c0c   0x00000002   Code   RO         4439    i.HAL_ADC_MspInit   stm32f4xx_hal_adc.o
    0x08002c0e   0x08002c0e   0x000000ce   Code   RO         4440    i.HAL_ADC_PollForConversion  stm32f4xx_hal_adc.o
    0x08002cdc   0x08002cdc   0x0000014c   Code   RO         4442    i.HAL_ADC_Start     stm32f4xx_hal_adc.o
    0x08002e28   0x08002e28   0x00000028   Code   RO         4841    i.HAL_DMA_Abort_IT  stm32f4xx_hal_dma.o
    0x08002e50   0x08002e50   0x00000180   Code   RO         4984    i.HAL_GPIO_DeInit   stm32f4xx_hal_gpio.o
    0x08002fd0   0x08002fd0   0x0000020c   Code   RO         4987    i.HAL_GPIO_Init     stm32f4xx_hal_gpio.o
    0x080031dc   0x080031dc   0x00000014   Code   RO         4990    i.HAL_GPIO_TogglePin  stm32f4xx_hal_gpio.o
    0x080031f0   0x080031f0   0x0000000c   Code   RO         4991    i.HAL_GPIO_WritePin  stm32f4xx_hal_gpio.o
    0x080031fc   0x080031fc   0x0000000c   Code   RO         4238    i.HAL_GetREVID      stm32f4xx_hal.o
    0x08003208   0x08003208   0x0000004c   Code   RO            5    i.HAL_GetTick       main.o
    0x08003254   0x08003254   0x00000030   Code   RO         4246    i.HAL_Init          stm32f4xx_hal.o
    0x08003284   0x08003284   0x00000006   Code   RO            6    i.HAL_InitTick      main.o
    0x0800328a   0x0800328a   0x00000002   Code   RO         4249    i.HAL_MspInit       stm32f4xx_hal.o
    0x0800328c   0x0800328c   0x0000002c   Code   RO         4701    i.HAL_NVIC_DisableIRQ  stm32f4xx_hal_cortex.o
    0x080032b8   0x080032b8   0x00000028   Code   RO         4702    i.HAL_NVIC_EnableIRQ  stm32f4xx_hal_cortex.o
    0x080032e0   0x080032e0   0x0000007c   Code   RO         4708    i.HAL_NVIC_SetPriority  stm32f4xx_hal_cortex.o
    0x0800335c   0x0800335c   0x00000028   Code   RO         4709    i.HAL_NVIC_SetPriorityGrouping  stm32f4xx_hal_cortex.o
    0x08003384   0x08003384   0x0000001c   Code   RO         5057    i.HAL_PWR_EnableBkUpAccess  stm32f4xx_hal_pwr.o
    0x080033a0   0x080033a0   0x00000304   Code   RO         5350    i.HAL_RCCEx_PeriphCLKConfig  stm32f4xx_hal_rcc_ex.o
    0x080036a4   0x080036a4   0x00000184   Code   RO         5243    i.HAL_RCC_ClockConfig  stm32f4xx_hal_rcc.o
    0x08003828   0x08003828   0x0000000c   Code   RO         5248    i.HAL_RCC_GetHCLKFreq  stm32f4xx_hal_rcc.o
    0x08003834   0x08003834   0x00000020   Code   RO         5251    i.HAL_RCC_GetPCLK2Freq  stm32f4xx_hal_rcc.o
    0x08003854   0x08003854   0x000000b0   Code   RO         5252    i.HAL_RCC_GetSysClockFreq  stm32f4xx_hal_rcc.o
    0x08003904   0x08003904   0x0000049c   Code   RO         5255    i.HAL_RCC_OscConfig  stm32f4xx_hal_rcc.o
    0x08003da0   0x08003da0   0x00000002   Code   RO         5578    i.HAL_RTCEx_AlarmBEventCallback  stm32f4xx_hal_rtc_ex.o
    0x08003da2   0x08003da2   0x00000012   Code   RO         5580    i.HAL_RTCEx_BKUPWrite  stm32f4xx_hal_rtc_ex.o
    0x08003db4   0x08003db4   0x00000014   Code   RO          682    i.HAL_RTC_AlarmAEventCallback  stm32f4xx_it.o
    0x08003dc8   0x08003dc8   0x0000006c   Code   RO         5411    i.HAL_RTC_AlarmIRQHandler  stm32f4xx_hal_rtc.o
    0x08003e34   0x08003e34   0x0000004c   Code   RO         5420    i.HAL_RTC_GetDate   stm32f4xx_hal_rtc.o
    0x08003e80   0x08003e80   0x00000060   Code   RO         5422    i.HAL_RTC_GetTime   stm32f4xx_hal_rtc.o
    0x08003ee0   0x08003ee0   0x000000d8   Code   RO         5423    i.HAL_RTC_Init      stm32f4xx_hal_rtc.o
    0x08003fb8   0x08003fb8   0x0000005c   Code   RO          572    i.HAL_RTC_MspInit   rtc.o
    0x08004014   0x08004014   0x00000208   Code   RO         5428    i.HAL_RTC_SetAlarm_IT  stm32f4xx_hal_rtc.o
    0x0800421c   0x0800421c   0x00000104   Code   RO         5429    i.HAL_RTC_SetDate   stm32f4xx_hal_rtc.o
    0x08004320   0x08004320   0x0000012c   Code   RO         5430    i.HAL_RTC_SetTime   stm32f4xx_hal_rtc.o
    0x0800444c   0x0800444c   0x0000003a   Code   RO         5431    i.HAL_RTC_WaitForSynchro  stm32f4xx_hal_rtc.o
    0x08004486   0x08004486   0x00000078   Code   RO         6268    i.HAL_TIM_Base_DeInit  stm32f4xx_hal_tim.o
    0x080044fe   0x080044fe   0x00000066   Code   RO         6270    i.HAL_TIM_Base_Init  stm32f4xx_hal_tim.o
    0x08004564   0x08004564   0x00000002   Code   RO         6271    i.HAL_TIM_Base_MspDeInit  stm32f4xx_hal_tim.o
    0x08004566   0x08004566   0x00000002   Code   RO         6272    i.HAL_TIM_Base_MspInit  stm32f4xx_hal_tim.o
    0x08004568   0x08004568   0x000000a8   Code   RO         6275    i.HAL_TIM_Base_Start_IT  stm32f4xx_hal_tim.o
    0x08004610   0x08004610   0x00000032   Code   RO         6276    i.HAL_TIM_Base_Stop  stm32f4xx_hal_tim.o
    0x08004642   0x08004642   0x00000004   Code   RO          683    i.HardFault_Handler  stm32f4xx_it.o
    0x08004646   0x08004646   0x00000002   PAD
    0x08004648   0x08004648   0x00000030   Code   RO          181    i.Init_MsgQueue_ServerLcd  http_server.o
    0x08004678   0x08004678   0x00000030   Code   RO          298    i.Init_MsgQueue_lcd  http_server_cgi.o
    0x080046a8   0x080046a8   0x00000028   Code   RO          573    i.Init_ThAlarm      rtc.o
    0x080046d0   0x080046d0   0x0000002c   Code   RO          395    i.Init_Thlcd        lcd.o
    0x080046fc   0x080046fc   0x00000058   Code   RO          574    i.Init_timers       rtc.o
    0x08004754   0x08004754   0x00000030   Code   RO         3716    i.Initialize        phy_lan8742a.o
    0x08004784   0x08004784   0x00000078   Code   RO         3785    i.Initialize        emac_stm32f4xx.o
    0x080047fc   0x080047fc   0x00000010   Code   RO          803    i.IsException       rtx_delay.o
    0x0800480c   0x0800480c   0x00000010   Code   RO         2085    i.IsException       rtx_kernel.o
    0x0800481c   0x0800481c   0x00000010   Code   RO         2574    i.IsException       rtx_msgqueue.o
    0x0800482c   0x0800482c   0x00000010   Code   RO         2758    i.IsException       rtx_mutex.o
    0x0800483c   0x0800483c   0x00000010   Code   RO         2871    i.IsException       rtx_semaphore.o
    0x0800484c   0x0800484c   0x00000010   Code   RO         3048    i.IsException       rtx_thread.o
    0x0800485c   0x0800485c   0x00000010   Code   RO         3475    i.IsException       rtx_timer.o
    0x0800486c   0x0800486c   0x00000018   Code   RO          804    i.IsIrqMasked       rtx_delay.o
    0x08004884   0x08004884   0x00000018   Code   RO         2086    i.IsIrqMasked       rtx_kernel.o
    0x0800489c   0x0800489c   0x00000018   Code   RO         2575    i.IsIrqMasked       rtx_msgqueue.o
    0x080048b4   0x080048b4   0x00000018   Code   RO         2759    i.IsIrqMasked       rtx_mutex.o
    0x080048cc   0x080048cc   0x00000018   Code   RO         2872    i.IsIrqMasked       rtx_semaphore.o
    0x080048e4   0x080048e4   0x00000018   Code   RO         3049    i.IsIrqMasked       rtx_thread.o
    0x080048fc   0x080048fc   0x00000018   Code   RO         3476    i.IsIrqMasked       rtx_timer.o
    0x08004914   0x08004914   0x00000010   Code   RO         2087    i.IsPrivileged      rtx_kernel.o
    0x08004924   0x08004924   0x00000018   Code   RO          397    i.LCD_Clean         lcd.o
    0x0800493c   0x0800493c   0x0000004c   Code   RO          398    i.LCD_init          lcd.o
    0x08004988   0x08004988   0x00000054   Code   RO          399    i.LCD_reset         lcd.o
    0x080049dc   0x080049dc   0x0000001c   Code   RO          400    i.LCD_symbolToLocalBuffer  lcd.o
    0x080049f8   0x080049f8   0x00000068   Code   RO          401    i.LCD_symbolToLocalBuffer_L1  lcd.o
    0x08004a60   0x08004a60   0x0000006c   Code   RO          402    i.LCD_symbolToLocalBuffer_L2  lcd.o
    0x08004acc   0x08004acc   0x000000a0   Code   RO          403    i.LCD_update        lcd.o
    0x08004b6c   0x08004b6c   0x0000005c   Code   RO          404    i.LCD_wr_cmd        lcd.o
    0x08004bc8   0x08004bc8   0x0000005c   Code   RO          405    i.LCD_wr_data       lcd.o
    0x08004c24   0x08004c24   0x0000000a   Code   RO         2364    i.MemBlockPtr       rtx_memory.o
    0x08004c2e   0x08004c2e   0x00000004   Code   RO          684    i.MemManage_Handler  stm32f4xx_it.o
    0x08004c32   0x08004c32   0x00000034   Code   RO         2576    i.MessageQueueGet   rtx_msgqueue.o
    0x08004c66   0x08004c66   0x0000004c   Code   RO         2577    i.MessageQueuePut   rtx_msgqueue.o
    0x08004cb2   0x08004cb2   0x00000022   Code   RO         2578    i.MessageQueueRemove  rtx_msgqueue.o
    0x08004cd4   0x08004cd4   0x00000002   Code   RO          685    i.NMI_Handler       stm32f4xx_it.o
    0x08004cd6   0x08004cd6   0x00000008   Code   RO         3612    i.OS_Tick_AcknowledgeIRQ  os_systick.o
    0x08004cde   0x08004cde   0x00000002   PAD
    0x08004ce0   0x08004ce0   0x00000030   Code   RO         3614    i.OS_Tick_Enable    os_systick.o
    0x08004d10   0x08004d10   0x00000006   Code   RO         3617    i.OS_Tick_GetIRQn   os_systick.o
    0x08004d16   0x08004d16   0x00000002   PAD
    0x08004d18   0x08004d18   0x00000050   Code   RO         3620    i.OS_Tick_Setup     os_systick.o
    0x08004d68   0x08004d68   0x00000078   Code   RO         3786    i.PHY_Read          emac_stm32f4xx.o
    0x08004de0   0x08004de0   0x00000074   Code   RO         3787    i.PHY_Write         emac_stm32f4xx.o
    0x08004e54   0x08004e54   0x000000d4   Code   RO         3717    i.PowerControl      phy_lan8742a.o
    0x08004f28   0x08004f28   0x000002b0   Code   RO         3788    i.PowerControl      emac_stm32f4xx.o
    0x080051d8   0x080051d8   0x00000068   Code   RO          575    i.RTC_AlarmConfig   rtc.o
    0x08005240   0x08005240   0x00000010   Code   RO          686    i.RTC_Alarm_IRQHandler  stm32f4xx_it.o
    0x08005250   0x08005250   0x00000016   Code   RO         5432    i.RTC_Bcd2ToByte    stm32f4xx_hal_rtc.o
    0x08005266   0x08005266   0x0000001a   Code   RO         5433    i.RTC_ByteToBcd2    stm32f4xx_hal_rtc.o
    0x08005280   0x08005280   0x00000064   Code   RO          576    i.RTC_CalendarConfig  rtc.o
    0x080052e4   0x080052e4   0x00000074   Code   RO          577    i.RTC_CalendarShow  rtc.o
    0x08005358   0x08005358   0x0000003e   Code   RO         5434    i.RTC_EnterInitMode  stm32f4xx_hal_rtc.o
    0x08005396   0x08005396   0x00000002   PAD
    0x08005398   0x08005398   0x00000034   Code   RO          578    i.RTC_Init          rtc.o
    0x080053cc   0x080053cc   0x000000a0   Code   RO         3789    i.ReadFrame         emac_stm32f4xx.o
    0x0800546c   0x0800546c   0x00000048   Code   RO          182    i.Rtc               http_server.o
    0x080054b4   0x080054b4   0x00000028   Code   RO          579    i.SNTP_init         rtc.o
    0x080054dc   0x080054dc   0x00000018   Code   RO         3931    i.SPI1_Control      spi_stm32f4xx.o
    0x080054f4   0x080054f4   0x00000010   Code   RO         3932    i.SPI1_GetDataCount  spi_stm32f4xx.o
    0x08005504   0x08005504   0x00000010   Code   RO         3933    i.SPI1_GetStatus    spi_stm32f4xx.o
    0x08005514   0x08005514   0x00000010   Code   RO         3934    i.SPI1_IRQHandler   spi_stm32f4xx.o
    0x08005524   0x08005524   0x00000014   Code   RO         3935    i.SPI1_Initialize   spi_stm32f4xx.o
    0x08005538   0x08005538   0x00000014   Code   RO         3936    i.SPI1_PowerControl  spi_stm32f4xx.o
    0x0800554c   0x0800554c   0x00000018   Code   RO         3937    i.SPI1_Receive      spi_stm32f4xx.o
    0x08005564   0x08005564   0x00000018   Code   RO         3938    i.SPI1_Send         spi_stm32f4xx.o
    0x0800557c   0x0800557c   0x0000001c   Code   RO         3939    i.SPI1_Transfer     spi_stm32f4xx.o
    0x08005598   0x08005598   0x00000010   Code   RO         3940    i.SPI1_Uninitialize  spi_stm32f4xx.o
    0x080055a8   0x080055a8   0x0000000c   Code   RO         3941    i.SPIX_GetCapabilities  spi_stm32f4xx.o
    0x080055b4   0x080055b4   0x00000010   Code   RO         3942    i.SPIX_GetVersion   spi_stm32f4xx.o
    0x080055c4   0x080055c4   0x000005de   Code   RO         3943    i.SPI_Control       spi_stm32f4xx.o
    0x08005ba2   0x08005ba2   0x00000008   Code   RO         3944    i.SPI_GetDataCount  spi_stm32f4xx.o
    0x08005baa   0x08005baa   0x0000002c   Code   RO         3945    i.SPI_GetStatus     spi_stm32f4xx.o
    0x08005bd6   0x08005bd6   0x00000112   Code   RO         3946    i.SPI_IRQHandler    spi_stm32f4xx.o
    0x08005ce8   0x08005ce8   0x000000d4   Code   RO         3947    i.SPI_Initialize    spi_stm32f4xx.o
    0x08005dbc   0x08005dbc   0x00000124   Code   RO         3948    i.SPI_PeripheralReset  spi_stm32f4xx.o
    0x08005ee0   0x08005ee0   0x0000010c   Code   RO         3949    i.SPI_PowerControl  spi_stm32f4xx.o
    0x08005fec   0x08005fec   0x00000088   Code   RO         3950    i.SPI_Receive       spi_stm32f4xx.o
    0x08006074   0x08006074   0x00000058   Code   RO         3951    i.SPI_RxData        spi_stm32f4xx.o
    0x080060cc   0x080060cc   0x00000088   Code   RO         3952    i.SPI_Send          spi_stm32f4xx.o
    0x08006154   0x08006154   0x00000076   Code   RO         3953    i.SPI_Transfer      spi_stm32f4xx.o
    0x080061ca   0x080061ca   0x00000054   Code   RO         3954    i.SPI_TxData        spi_stm32f4xx.o
    0x0800621e   0x0800621e   0x00000066   Code   RO         3955    i.SPI_Uninitialize  spi_stm32f4xx.o
    0x08006284   0x08006284   0x00000018   Code   RO         2873    i.SemaphoreTokenDecrement  rtx_semaphore.o
    0x0800629c   0x0800629c   0x0000001e   Code   RO         2874    i.SemaphoreTokenIncrement  rtx_semaphore.o
    0x080062ba   0x080062ba   0x00000002   PAD
    0x080062bc   0x080062bc   0x00000148   Code   RO         3790    i.SendFrame         emac_stm32f4xx.o
    0x08006404   0x08006404   0x0000013c   Code   RO         3791    i.SetAddressFilter  emac_stm32f4xx.o
    0x08006540   0x08006540   0x0000002c   Code   RO         3718    i.SetInterface      phy_lan8742a.o
    0x0800656c   0x0800656c   0x0000004c   Code   RO         3792    i.SetMacAddress     emac_stm32f4xx.o
    0x080065b8   0x080065b8   0x00000080   Code   RO         3719    i.SetMode           phy_lan8742a.o
    0x08006638   0x08006638   0x000000c0   Code   RO            7    i.SystemClock_Config  main.o
    0x080066f8   0x080066f8   0x000000c0   Code   RO         7439    i.SystemCoreClockUpdate  system_stm32f4xx_1.o
    0x080067b8   0x080067b8   0x00000010   Code   RO         7440    i.SystemInit        system_stm32f4xx_1.o
    0x080067c8   0x080067c8   0x000000d8   Code   RO         6363    i.TIM_Base_SetConfig  stm32f4xx_hal_tim.o
    0x080068a0   0x080068a0   0x00000024   Code   RO          580    i.ThAlarm           rtc.o
    0x080068c4   0x080068c4   0x00000038   Code   RO          406    i.Thlcd             lcd.o
    0x080068fc   0x080068fc   0x00000056   Code   RO         3050    i.ThreadFlagsCheck  rtx_thread.o
    0x08006952   0x08006952   0x00000016   Code   RO         3051    i.ThreadFlagsClear  rtx_thread.o
    0x08006968   0x08006968   0x00000016   Code   RO         3052    i.ThreadFlagsSet    rtx_thread.o
    0x0800697e   0x0800697e   0x00000002   PAD
    0x08006980   0x08006980   0x00000040   Code   RO         3477    i.TimerInsert       rtx_timer.o
    0x080069c0   0x080069c0   0x00000030   Code   RO         3478    i.TimerRemove       rtx_timer.o
    0x080069f0   0x080069f0   0x00000018   Code   RO         3479    i.TimerUnlink       rtx_timer.o
    0x08006a08   0x08006a08   0x00000044   Code   RO          581    i.Timer_Callback_1s  rtc.o
    0x08006a4c   0x08006a4c   0x00000044   Code   RO          582    i.Timer_Callback_2s  rtc.o
    0x08006a90   0x08006a90   0x0000000a   Code   RO          583    i.Timer_Callback_3m  rtc.o
    0x08006a9a   0x08006a9a   0x00000002   PAD
    0x08006a9c   0x08006a9c   0x00000014   Code   RO         3720    i.Uninitialize      phy_lan8742a.o
    0x08006ab0   0x08006ab0   0x00000030   Code   RO         3793    i.Uninitialize      emac_stm32f4xx.o
    0x08006ae0   0x08006ae0   0x00000004   Code   RO          687    i.UsageFault_Handler  stm32f4xx_it.o
    0x08006ae4   0x08006ae4   0x00000028   Code   RO         9014    i.__0sprintf        mc_w.l(printfa.o)
    0x08006b0c   0x08006b0c   0x00000010   Code   RO         4715    i.__NVIC_GetPriorityGrouping  stm32f4xx_hal_cortex.o
    0x08006b1c   0x08006b1c   0x00000028   Code   RO         4716    i.__NVIC_SetPriority  stm32f4xx_hal_cortex.o
    0x08006b44   0x08006b44   0x0000000e   Code   RO         9093    i.__scatterload_copy  mc_w.l(handlers.o)
    0x08006b52   0x08006b52   0x00000002   Code   RO         9094    i.__scatterload_null  mc_w.l(handlers.o)
    0x08006b54   0x08006b54   0x0000000e   Code   RO         9095    i.__scatterload_zeroinit  mc_w.l(handlers.o)
    0x08006b62   0x08006b62   0x0000000a   Code   RO         2090    i.__set_CONTROL     rtx_kernel.o
    0x08006b6c   0x08006b6c   0x00000184   Code   RO         9019    i._fp_digits        mc_w.l(printfa.o)
    0x08006cf0   0x08006cf0   0x000006b4   Code   RO         9020    i._printf_core      mc_w.l(printfa.o)
    0x080073a4   0x080073a4   0x00000024   Code   RO         9021    i._printf_post_padding  mc_w.l(printfa.o)
    0x080073c8   0x080073c8   0x0000002e   Code   RO         9022    i._printf_pre_padding  mc_w.l(printfa.o)
    0x080073f6   0x080073f6   0x0000000a   Code   RO         9024    i._sputc            mc_w.l(printfa.o)
    0x08007400   0x08007400   0x00000054   Code   RO         8153    i.add_server_id     Net_Dbg_CM3_L.lib(net_http_server.o)
    0x08007454   0x08007454   0x00000078   Code   RO          183    i.app_main          http_server.o
    0x080074cc   0x080074cc   0x0000005c   Code   RO         7833    i.arp_cache_alloc   Net_Dbg_CM3_L.lib(net_arp.o)
    0x08007528   0x08007528   0x00000170   Code   RO         7834    i.arp_cache_run     Net_Dbg_CM3_L.lib(net_arp.o)
    0x08007698   0x08007698   0x00000038   Code   RO         7835    i.arp_is_cacheable  Net_Dbg_CM3_L.lib(net_arp.o)
    0x080076d0   0x080076d0   0x00000088   Code   RO         7836    i.arp_probe_run     Net_Dbg_CM3_L.lib(net_arp.o)
    0x08007758   0x08007758   0x000000d8   Code   RO         7838    i.arp_proc_response  Net_Dbg_CM3_L.lib(net_arp.o)
    0x08007830   0x08007830   0x0000001a   Code   RO         7839    i.arp_que_free      Net_Dbg_CM3_L.lib(net_arp.o)
    0x0800784a   0x0800784a   0x00000002   PAD
    0x0800784c   0x0800784c   0x000000a0   Code   RO         7840    i.arp_send_reply    Net_Dbg_CM3_L.lib(net_arp.o)
    0x080078ec   0x080078ec   0x000000d0   Code   RO         7841    i.arp_send_request  Net_Dbg_CM3_L.lib(net_arp.o)
    0x080079bc   0x080079bc   0x00000068   Code   RO         7842    i.arp_sender_valid  Net_Dbg_CM3_L.lib(net_arp.o)
    0x08007a24   0x08007a24   0x0000018c   Code   RO         8154    i.chk_post_req      Net_Dbg_CM3_L.lib(net_http_server.o)
    0x08007bb0   0x08007bb0   0x00000042   Code   RO         4115    i.crc16_ccitt       eventrecorder.o
    0x08007bf2   0x08007bf2   0x00000002   PAD
    0x08007bf4   0x08007bf4   0x00000024   Code   RO          372    i.crc32_8bit        web.o
    0x08007c18   0x08007c18   0x00000028   Code   RO         8668    i.crc32_8bit        Net_Dbg_CM3_L.lib(net_common.o)
    0x08007c40   0x08007c40   0x00000028   Code   RO         3794    i.crc32_8bit_rev    emac_stm32f4xx.o
    0x08007c68   0x08007c68   0x00000028   Code   RO         3795    i.crc32_data        emac_stm32f4xx.o
    0x08007c90   0x08007c90   0x00000068   Code   RO          408    i.delay             lcd.o
    0x08007cf8   0x08007cf8   0x00000058   Code   RO          409    i.escribir_lineasWeb  lcd.o
    0x08007d50   0x08007d50   0x0000000c   Code   RO         7473    i.eth0_callback     net_config.o
    0x08007d5c   0x08007d5c   0x0000009a   Code   RO         7777    i.eth_check_link    Net_Dbg_CM3_L.lib(net_eth.o)
    0x08007df6   0x08007df6   0x00000002   PAD
    0x08007df8   0x08007df8   0x00000020   Code   RO         7778    i.eth_if_map        Net_Dbg_CM3_L.lib(net_eth.o)
    0x08007e18   0x08007e18   0x00000304   Code   RO         7779    i.eth_iface_init    Net_Dbg_CM3_L.lib(net_eth.o)
    0x0800811c   0x0800811c   0x00000290   Code   RO         7780    i.eth_iface_run     Net_Dbg_CM3_L.lib(net_eth.o)
    0x080083ac   0x080083ac   0x0000007c   Code   RO         7781    i.eth_iface_uninit  Net_Dbg_CM3_L.lib(net_eth.o)
    0x08008428   0x08008428   0x00000008   Code   RO         7782    i.eth_lock          Net_Dbg_CM3_L.lib(net_eth.o)
    0x08008430   0x08008430   0x0000001c   Code   RO         7783    i.eth_mtu_limit     Net_Dbg_CM3_L.lib(net_eth.o)
    0x0800844c   0x0800844c   0x00000048   Code   RO         7784    i.eth_opt_len       Net_Dbg_CM3_L.lib(net_eth.o)
    0x08008494   0x08008494   0x00000088   Code   RO         7785    i.eth_receive       Net_Dbg_CM3_L.lib(net_eth.o)
    0x0800851c   0x0800851c   0x00000008   Code   RO         7786    i.eth_unlock        Net_Dbg_CM3_L.lib(net_eth.o)
    0x08008524   0x08008524   0x000000e8   Code   RO         2316    i.evr_initialize    rtx_lib.o
    0x0800860c   0x0800860c   0x0000007c   Code   RO         7917    i.frag_map_session  Net_Dbg_CM3_L.lib(net_ip4_frag.o)
    0x08008688   0x08008688   0x00000002   Code   RO          184    i.get_button        http_server.o
    0x0800868a   0x0800868a   0x00000028   Code   RO         8155    i.get_next_field    Net_Dbg_CM3_L.lib(net_http_server.o)
    0x080086b2   0x080086b2   0x00000032   Code   RO         8156    i.get_next_par      Net_Dbg_CM3_L.lib(net_http_server.o)
    0x080086e4   0x080086e4   0x00000022   Code   RO         8157    i.hex2byte          Net_Dbg_CM3_L.lib(net_http_server.o)
    0x08008706   0x08008706   0x00000002   PAD
    0x08008708   0x08008708   0x0000036c   Code   RO         8158    i.http_add_header   Net_Dbg_CM3_L.lib(net_http_server.o)
    0x08008a74   0x08008a74   0x00000050   Code   RO         8278    i.http_auth_basic_add  Net_Dbg_CM3_L.lib(net_http_server_auth.o)
    0x08008ac4   0x08008ac4   0x00000090   Code   RO         8279    i.http_auth_basic_parse  Net_Dbg_CM3_L.lib(net_http_server_auth.o)
    0x08008b54   0x08008b54   0x00000002   Code   RO         8285    i.http_auth_dummy   Net_Dbg_CM3_L.lib(net_http_server_auth.o)
    0x08008b56   0x08008b56   0x00000002   PAD
    0x08008b58   0x08008b58   0x00000024   Code   RO         8286    i.http_auth_init    Net_Dbg_CM3_L.lib(net_http_server_auth.o)
    0x08008b7c   0x08008b7c   0x000001cc   Code   RO         8159    i.http_error_msg    Net_Dbg_CM3_L.lib(net_http_server.o)
    0x08008d48   0x08008d48   0x00000078   Code   RO         8160    i.http_get_ftype    Net_Dbg_CM3_L.lib(net_http_server.o)
    0x08008dc0   0x08008dc0   0x0000005e   Code   RO         8161    i.http_kill_session  Net_Dbg_CM3_L.lib(net_http_server.o)
    0x08008e1e   0x08008e1e   0x00000002   PAD
    0x08008e20   0x08008e20   0x000002a8   Code   RO         8162    i.http_listener     Net_Dbg_CM3_L.lib(net_http_server.o)
    0x080090c8   0x080090c8   0x00000184   Code   RO         8163    i.http_open_file    Net_Dbg_CM3_L.lib(net_http_server.o)
    0x0800924c   0x0800924c   0x0000011c   Code   RO         8164    i.http_parse_header  Net_Dbg_CM3_L.lib(net_http_server.o)
    0x08009368   0x08009368   0x000001a8   Code   RO         8165    i.http_proc_multipart  Net_Dbg_CM3_L.lib(net_http_server.o)
    0x08009510   0x08009510   0x00000138   Code   RO         8166    i.http_proc_post    Net_Dbg_CM3_L.lib(net_http_server.o)
    0x08009648   0x08009648   0x00000468   Code   RO         8167    i.http_server_run   Net_Dbg_CM3_L.lib(net_http_server.o)
    0x08009ab0   0x08009ab0   0x00000060   Code   RO         8168    i.http_server_start  Net_Dbg_CM3_L.lib(net_http_server.o)
    0x08009b10   0x08009b10   0x00000020   Code   RO         8170    i.http_strcpy       Net_Dbg_CM3_L.lib(net_http_server.o)
    0x08009b30   0x08009b30   0x000000ac   Code   RO         8171    i.http_to_utc       Net_Dbg_CM3_L.lib(net_http_server.o)
    0x08009bdc   0x08009bdc   0x0000001a   Code   RO         8669    i.i2str             Net_Dbg_CM3_L.lib(net_common.o)
    0x08009bf6   0x08009bf6   0x00000002   PAD
    0x08009bf8   0x08009bf8   0x00000064   Code   RO          373    i.imageFileInfo     web.o
    0x08009c5c   0x08009c5c   0x000000dc   Code   RO          411    i.initPines_GPIOs   lcd.o
    0x08009d38   0x08009d38   0x00000048   Code   RO         3796    i.init_dma          emac_stm32f4xx.o
    0x08009d80   0x08009d80   0x00000068   Code   RO         3797    i.init_rx_desc      emac_stm32f4xx.o
    0x08009de8   0x08009de8   0x00000060   Code   RO         3798    i.init_tx_desc      emac_stm32f4xx.o
    0x08009e48   0x08009e48   0x0000000c   Code   RO         8546    i.ip4_get_chksum    Net_Dbg_CM3_L.lib(net_ip4.o)
    0x08009e54   0x08009e54   0x00000028   Code   RO         8547    i.ip4_get_mtu       Net_Dbg_CM3_L.lib(net_ip4.o)
    0x08009e7c   0x08009e7c   0x00000040   Code   RO         8409    i.ip4_ntoa          Net_Dbg_CM3_L.lib(net_addr.o)
    0x08009ebc   0x08009ebc   0x000000ca   Code   RO         8410    i.ip6_ntoa          Net_Dbg_CM3_L.lib(net_addr.o)
    0x08009f86   0x08009f86   0x00000082   Code   RO         2579    i.isrRtxMessageQueueGet  rtx_msgqueue.o
    0x0800a008   0x0800a008   0x00000086   Code   RO         2580    i.isrRtxMessageQueuePut  rtx_msgqueue.o
    0x0800a08e   0x0800a08e   0x00000058   Code   RO         2875    i.isrRtxSemaphoreRelease  rtx_semaphore.o
    0x0800a0e6   0x0800a0e6   0x00000064   Code   RO         3053    i.isrRtxThreadFlagsSet  rtx_thread.o
    0x0800a14a   0x0800a14a   0x00000002   PAD
    0x0800a14c   0x0800a14c   0x00000034   Code   RO         2992    i.isr_queue_get     rtx_system.o
    0x0800a180   0x0800a180   0x0000003c   Code   RO         2993    i.isr_queue_put     rtx_system.o
    0x0800a1bc   0x0800a1bc   0x0000004c   Code   RO          299    i.leds_out          http_server_cgi.o
    0x0800a208   0x0800a208   0x0000002c   Code   RO            8    i.main              main.o
    0x0800a234   0x0800a234   0x0000000c   Code   RO         8645    i.mem_lock          Net_Dbg_CM3_L.lib(net_mem.o)
    0x0800a240   0x0800a240   0x0000000c   Code   RO         8646    i.mem_unlock        Net_Dbg_CM3_L.lib(net_mem.o)
    0x0800a24c   0x0800a24c   0x00000030   Code   RO         7474    i.ms2tick           net_config.o
    0x0800a27c   0x0800a27c   0x000001a4   Code   RO         8139    i.nbns_listener     Net_Dbg_CM3_L.lib(net_nbns_client.o)
    0x0800a420   0x0800a420   0x00000120   Code   RO         8476    i.ndp_cache_add     Net_Dbg_CM3_L.lib(net_ndp.o)
    0x0800a540   0x0800a540   0x00000072   Code   RO         8477    i.ndp_cache_alloc   Net_Dbg_CM3_L.lib(net_ndp.o)
    0x0800a5b2   0x0800a5b2   0x00000002   PAD
    0x0800a5b4   0x0800a5b4   0x00000078   Code   RO         8478    i.ndp_cache_delete  Net_Dbg_CM3_L.lib(net_ndp.o)
    0x0800a62c   0x0800a62c   0x0000002c   Code   RO         8480    i.ndp_check_frame   Net_Dbg_CM3_L.lib(net_ndp.o)
    0x0800a658   0x0800a658   0x00000012   Code   RO         8481    i.ndp_next_opt      Net_Dbg_CM3_L.lib(net_ndp.o)
    0x0800a66a   0x0800a66a   0x00000002   PAD
    0x0800a66c   0x0800a66c   0x000000e4   Code   RO         8482    i.ndp_prefix_add    Net_Dbg_CM3_L.lib(net_ndp.o)
    0x0800a750   0x0800a750   0x000000fc   Code   RO         8485    i.ndp_proc_response  Net_Dbg_CM3_L.lib(net_ndp.o)
    0x0800a84c   0x0800a84c   0x0000001a   Code   RO         8486    i.ndp_que_free      Net_Dbg_CM3_L.lib(net_ndp.o)
    0x0800a866   0x0800a866   0x00000002   PAD
    0x0800a868   0x0800a868   0x00000038   Code   RO         8487    i.ndp_router_remove  Net_Dbg_CM3_L.lib(net_ndp.o)
    0x0800a8a0   0x0800a8a0   0x0000009c   Code   RO         8488    i.ndp_send_reply    Net_Dbg_CM3_L.lib(net_ndp.o)
    0x0800a93c   0x0800a93c   0x000000bc   Code   RO         8489    i.ndp_send_request  Net_Dbg_CM3_L.lib(net_ndp.o)
    0x0800a9f8   0x0800a9f8   0x00000004   Code   RO         8172    i.netCGI_Charset    Net_Dbg_CM3_L.lib(net_http_server.o)
    0x0800a9fc   0x0800a9fc   0x00000004   Code   RO         8173    i.netCGI_ContentType  Net_Dbg_CM3_L.lib(net_http_server.o)
    0x0800aa00   0x0800aa00   0x00000004   Code   RO         8174    i.netCGI_CustomHeader  Net_Dbg_CM3_L.lib(net_http_server.o)
    0x0800aa04   0x0800aa04   0x0000006c   Code   RO         8175    i.netCGI_GetEnvVar  Net_Dbg_CM3_L.lib(net_http_server.o)
    0x0800aa70   0x0800aa70   0x00000330   Code   RO          300    i.netCGI_ProcessData  http_server_cgi.o
    0x0800ada0   0x0800ada0   0x000000e0   Code   RO          301    i.netCGI_ProcessQuery  http_server_cgi.o
    0x0800ae80   0x0800ae80   0x00000004   Code   RO         8178    i.netCGI_Redirect   Net_Dbg_CM3_L.lib(net_http_server.o)
    0x0800ae84   0x0800ae84   0x000005ac   Code   RO          302    i.netCGI_Script     http_server_cgi.o
    0x0800b430   0x0800b430   0x00000004   Code   RO         8180    i.netCGX_ContentType  Net_Dbg_CM3_L.lib(net_http_server.o)
    0x0800b434   0x0800b434   0x00000064   Code   RO         8359    i.netCore_Thread    Net_Dbg_CM3_L.lib(net_sys.o)
    0x0800b498   0x0800b498   0x00000002   Code   RO         7787    i.netETH_Notify     Net_Dbg_CM3_L.lib(net_eth.o)
    0x0800b49a   0x0800b49a   0x00000002   Code   RO         7788    i.netETH_ReceiveRaw  Net_Dbg_CM3_L.lib(net_eth.o)
    0x0800b49c   0x0800b49c   0x00000072   Code   RO         7790    i.netETH_Thread     Net_Dbg_CM3_L.lib(net_eth.o)
    0x0800b50e   0x0800b50e   0x00000004   Code   RO         8181    i.netHTTPs_AcceptClient  Net_Dbg_CM3_L.lib(net_http_server.o)
    0x0800b512   0x0800b512   0x00000004   Code   RO         8287    i.netHTTPs_CheckAccount  Net_Dbg_CM3_L.lib(net_http_server_auth.o)
    0x0800b516   0x0800b516   0x00000004   Code   RO         8183    i.netHTTPs_FileAccess  Net_Dbg_CM3_L.lib(net_http_server.o)
    0x0800b51a   0x0800b51a   0x00000002   PAD
    0x0800b51c   0x0800b51c   0x00000020   Code   RO         8186    i.netHTTPs_GetLanguage  Net_Dbg_CM3_L.lib(net_http_server.o)
    0x0800b53c   0x0800b53c   0x0000000c   Code   RO         8187    i.netHTTPs_GetPassword  Net_Dbg_CM3_L.lib(net_http_server.o)
    0x0800b548   0x0800b548   0x0000000c   Code   RO         8193    i.netHTTPs_LoginActive  Net_Dbg_CM3_L.lib(net_http_server.o)
    0x0800b554   0x0800b554   0x00000058   Code   RO         8196    i.netHTTPs_SetPassword  Net_Dbg_CM3_L.lib(net_http_server.o)
    0x0800b5ac   0x0800b5ac   0x00000002   Code   RO         7480    i.netHTTPs_fclose   net_config.o
    0x0800b5ae   0x0800b5ae   0x00000004   Code   RO         7481    i.netHTTPs_fgets    net_config.o
    0x0800b5b2   0x0800b5b2   0x00000004   Code   RO         7482    i.netHTTPs_fopen    net_config.o
    0x0800b5b6   0x0800b5b6   0x00000004   Code   RO         7483    i.netHTTPs_fread    net_config.o
    0x0800b5ba   0x0800b5ba   0x00000002   Code   RO         7484    i.netHTTPs_fstat    net_config.o
    0x0800b5bc   0x0800b5bc   0x00000088   Code   RO         8360    i.netIF_GetOption   Net_Dbg_CM3_L.lib(net_sys.o)
    0x0800b644   0x0800b644   0x00000084   Code   RO         8362    i.netIF_SetOption   Net_Dbg_CM3_L.lib(net_sys.o)
    0x0800b6c8   0x0800b6c8   0x0000001a   Code   RO         8412    i.netIP_aton        Net_Dbg_CM3_L.lib(net_addr.o)
    0x0800b6e2   0x0800b6e2   0x00000032   Code   RO         8413    i.netIP_ntoa        Net_Dbg_CM3_L.lib(net_addr.o)
    0x0800b714   0x0800b714   0x000000ac   Code   RO         8363    i.netInitialize     Net_Dbg_CM3_L.lib(net_sys.o)
    0x0800b7c0   0x0800b7c0   0x0000008c   Code   RO         8414    i.netMAC_aton       Net_Dbg_CM3_L.lib(net_addr.o)
    0x0800b84c   0x0800b84c   0x0000001c   Code   RO         8312    i.netSNTPc_GetTime  Net_Dbg_CM3_L.lib(net_sntp_client_core.o)
    0x0800b868   0x0800b868   0x00000004   Code   RO         8020    i.netTCP_GetLocalPort  Net_Dbg_CM3_L.lib(net_tcp.o)
    0x0800b86c   0x0800b86c   0x00000020   Code   RO         8022    i.netTCP_GetPeer    Net_Dbg_CM3_L.lib(net_tcp.o)
    0x0800b88c   0x0800b88c   0x00000004   Code   RO         8024    i.netTCP_GetState   Net_Dbg_CM3_L.lib(net_tcp.o)
    0x0800b890   0x0800b890   0x00000004   Code   RO         8025    i.netTCP_GetTimer   Net_Dbg_CM3_L.lib(net_tcp.o)
    0x0800b894   0x0800b894   0x0000007c   Code   RO         8416    i.net_addr4_aton    Net_Dbg_CM3_L.lib(net_addr.o)
    0x0800b910   0x0800b910   0x0000001e   Code   RO         8418    i.net_addr4_to_mac  Net_Dbg_CM3_L.lib(net_addr.o)
    0x0800b92e   0x0800b92e   0x00000002   PAD
    0x0800b930   0x0800b930   0x000000e6   Code   RO         8419    i.net_addr6_aton    Net_Dbg_CM3_L.lib(net_addr.o)
    0x0800ba16   0x0800ba16   0x00000028   Code   RO         8420    i.net_addr6_comp    Net_Dbg_CM3_L.lib(net_addr.o)
    0x0800ba3e   0x0800ba3e   0x00000012   Code   RO         8421    i.net_addr6_copy    Net_Dbg_CM3_L.lib(net_addr.o)
    0x0800ba50   0x0800ba50   0x0000004c   Code   RO         8422    i.net_addr6_create  Net_Dbg_CM3_L.lib(net_addr.o)
    0x0800ba9c   0x0800ba9c   0x00000028   Code   RO         8423    i.net_addr6_get_solicited  Net_Dbg_CM3_L.lib(net_addr.o)
    0x0800bac4   0x0800bac4   0x00000018   Code   RO         8424    i.net_addr6_is_linklocal  Net_Dbg_CM3_L.lib(net_addr.o)
    0x0800badc   0x0800badc   0x0000006e   Code   RO         8425    i.net_addr6_is_onlink  Net_Dbg_CM3_L.lib(net_addr.o)
    0x0800bb4a   0x0800bb4a   0x00000048   Code   RO         8426    i.net_addr6_is_solicited  Net_Dbg_CM3_L.lib(net_addr.o)
    0x0800bb92   0x0800bb92   0x00000018   Code   RO         8427    i.net_addr6_is_unspec  Net_Dbg_CM3_L.lib(net_addr.o)
    0x0800bbaa   0x0800bbaa   0x0000000e   Code   RO         8429    i.net_addr6_to_mac  Net_Dbg_CM3_L.lib(net_addr.o)
    0x0800bbb8   0x0800bbb8   0x0000002c   Code   RO         8430    i.net_addr_comp     Net_Dbg_CM3_L.lib(net_addr.o)
    0x0800bbe4   0x0800bbe4   0x00000026   Code   RO         8431    i.net_addr_copy     Net_Dbg_CM3_L.lib(net_addr.o)
    0x0800bc0a   0x0800bc0a   0x0000001a   Code   RO         8432    i.net_addr_find_route  Net_Dbg_CM3_L.lib(net_addr.o)
    0x0800bc24   0x0800bc24   0x00000020   Code   RO         8434    i.net_addr_get_local  Net_Dbg_CM3_L.lib(net_addr.o)
    0x0800bc44   0x0800bc44   0x00000022   Code   RO         8435    i.net_addr_is_unspec  Net_Dbg_CM3_L.lib(net_addr.o)
    0x0800bc66   0x0800bc66   0x00000002   PAD
    0x0800bc68   0x0800bc68   0x0000011c   Code   RO         7850    i.net_arp_cache_add  Net_Dbg_CM3_L.lib(net_arp.o)
    0x0800bd84   0x0800bd84   0x000000bc   Code   RO         7851    i.net_arp_cache_early  Net_Dbg_CM3_L.lib(net_arp.o)
    0x0800be40   0x0800be40   0x000000ec   Code   RO         7852    i.net_arp_cache_find  Net_Dbg_CM3_L.lib(net_arp.o)
    0x0800bf2c   0x0800bf2c   0x00000048   Code   RO         7853    i.net_arp_cache_init  Net_Dbg_CM3_L.lib(net_arp.o)
    0x0800bf74   0x0800bf74   0x0000001c   Code   RO         7854    i.net_arp_cache_run  Net_Dbg_CM3_L.lib(net_arp.o)
    0x0800bf90   0x0800bf90   0x00000040   Code   RO         7855    i.net_arp_cache_uninit  Net_Dbg_CM3_L.lib(net_arp.o)
    0x0800bfd0   0x0800bfd0   0x00000078   Code   RO         7856    i.net_arp_enqueue   Net_Dbg_CM3_L.lib(net_arp.o)
    0x0800c048   0x0800c048   0x00000020   Code   RO         7858    i.net_arp_notify    Net_Dbg_CM3_L.lib(net_arp.o)
    0x0800c068   0x0800c068   0x00000224   Code   RO         7860    i.net_arp_process   Net_Dbg_CM3_L.lib(net_arp.o)
    0x0800c28c   0x0800c28c   0x00000042   Code   RO         8670    i.net_atoi          Net_Dbg_CM3_L.lib(net_common.o)
    0x0800c2ce   0x0800c2ce   0x00000002   PAD
    0x0800c2d0   0x0800c2d0   0x00000078   Code   RO         8736    i.net_base64_decode  Net_Dbg_CM3_L.lib(net_base64.o)
    0x0800c348   0x0800c348   0x00000030   Code   RO         8672    i.net_chksum_buf    Net_Dbg_CM3_L.lib(net_common.o)
    0x0800c378   0x0800c378   0x0000001e   Code   RO         8673    i.net_crc_buf       Net_Dbg_CM3_L.lib(net_common.o)
    0x0800c396   0x0800c396   0x0000000e   Code   RO         7791    i.net_eth_callback  Net_Dbg_CM3_L.lib(net_eth.o)
    0x0800c3a4   0x0800c3a4   0x00000068   Code   RO         7792    i.net_eth_config_mcast  Net_Dbg_CM3_L.lib(net_eth.o)
    0x0800c40c   0x0800c40c   0x000000ea   Code   RO         7794    i.net_eth_get_option  Net_Dbg_CM3_L.lib(net_eth.o)
    0x0800c4f6   0x0800c4f6   0x00000002   PAD
    0x0800c4f8   0x0800c4f8   0x0000001c   Code   RO         7795    i.net_eth_iface_init  Net_Dbg_CM3_L.lib(net_eth.o)
    0x0800c514   0x0800c514   0x0000001c   Code   RO         7796    i.net_eth_iface_run  Net_Dbg_CM3_L.lib(net_eth.o)
    0x0800c530   0x0800c530   0x0000001c   Code   RO         7797    i.net_eth_iface_uninit  Net_Dbg_CM3_L.lib(net_eth.o)
    0x0800c54c   0x0800c54c   0x000000a8   Code   RO         7798    i.net_eth_output    Net_Dbg_CM3_L.lib(net_eth.o)
    0x0800c5f4   0x0800c5f4   0x000001e0   Code   RO         7799    i.net_eth_send_frame  Net_Dbg_CM3_L.lib(net_eth.o)
    0x0800c7d4   0x0800c7d4   0x00000270   Code   RO         7800    i.net_eth_set_option  Net_Dbg_CM3_L.lib(net_eth.o)
    0x0800ca44   0x0800ca44   0x0000014e   Code   RO         7746    i.net_evr_init      net_debug.o
    0x0800cb92   0x0800cb92   0x00000002   PAD
    0x0800cb94   0x0800cb94   0x000000e8   Code   RO         8202    i.net_http_server_init  Net_Dbg_CM3_L.lib(net_http_server.o)
    0x0800cc7c   0x0800cc7c   0x00000028   Code   RO         8203    i.net_http_server_run  Net_Dbg_CM3_L.lib(net_http_server.o)
    0x0800cca4   0x0800cca4   0x00000070   Code   RO         8204    i.net_http_server_uninit  Net_Dbg_CM3_L.lib(net_http_server.o)
    0x0800cd14   0x0800cd14   0x00000018   Code   RO         8618    i.net_icmp6_init    Net_Dbg_CM3_L.lib(net_icmp6.o)
    0x0800cd2c   0x0800cd2c   0x00000238   Code   RO         8619    i.net_icmp6_process  Net_Dbg_CM3_L.lib(net_icmp6.o)
    0x0800cf64   0x0800cf64   0x00000084   Code   RO         8620    i.net_icmp6_send    Net_Dbg_CM3_L.lib(net_icmp6.o)
    0x0800cfe8   0x0800cfe8   0x00000058   Code   RO         8621    i.net_icmp6_send_echo  Net_Dbg_CM3_L.lib(net_icmp6.o)
    0x0800d040   0x0800d040   0x00000018   Code   RO         7939    i.net_icmp_init     Net_Dbg_CM3_L.lib(net_icmp.o)
    0x0800d058   0x0800d058   0x000001c8   Code   RO         7940    i.net_icmp_process  Net_Dbg_CM3_L.lib(net_icmp.o)
    0x0800d220   0x0800d220   0x000000a0   Code   RO         7941    i.net_icmp_send_echo  Net_Dbg_CM3_L.lib(net_icmp.o)
    0x0800d2c0   0x0800d2c0   0x0000000c   Code   RO         8367    i.net_if_map_all    Net_Dbg_CM3_L.lib(net_sys.o)
    0x0800d2cc   0x0800d2cc   0x00000004   Code   RO         7487    i.net_igmp_collect_mcast  net_config.o
    0x0800d2d0   0x0800d2d0   0x00000004   Code   RO         7488    i.net_igmp_is_member  net_config.o
    0x0800d2d4   0x0800d2d4   0x00000002   Code   RO         7489    i.net_igmp_process  net_config.o
    0x0800d2d6   0x0800d2d6   0x00000002   PAD
    0x0800d2d8   0x0800d2d8   0x0000018c   Code   RO         8548    i.net_ip4_chk_frame  Net_Dbg_CM3_L.lib(net_ip4.o)
    0x0800d464   0x0800d464   0x0000002c   Code   RO         8549    i.net_ip4_chksum    Net_Dbg_CM3_L.lib(net_ip4.o)
    0x0800d490   0x0800d490   0x00000006   Code   RO         8550    i.net_ip4_chksum_buf  Net_Dbg_CM3_L.lib(net_ip4.o)
    0x0800d496   0x0800d496   0x00000002   PAD
    0x0800d498   0x0800d498   0x00000080   Code   RO         8552    i.net_ip4_find_route  Net_Dbg_CM3_L.lib(net_ip4.o)
    0x0800d518   0x0800d518   0x00000124   Code   RO         7918    i.net_ip4_frag_add  Net_Dbg_CM3_L.lib(net_ip4_frag.o)
    0x0800d63c   0x0800d63c   0x000000ac   Code   RO         7919    i.net_ip4_frag_get  Net_Dbg_CM3_L.lib(net_ip4_frag.o)
    0x0800d6e8   0x0800d6e8   0x00000010   Code   RO         7920    i.net_ip4_frag_init  Net_Dbg_CM3_L.lib(net_ip4_frag.o)
    0x0800d6f8   0x0800d6f8   0x0000003c   Code   RO         7921    i.net_ip4_frag_run  Net_Dbg_CM3_L.lib(net_ip4_frag.o)
    0x0800d734   0x0800d734   0x00000010   Code   RO         7922    i.net_ip4_frag_uninit  Net_Dbg_CM3_L.lib(net_ip4_frag.o)
    0x0800d744   0x0800d744   0x0000002c   Code   RO         8553    i.net_ip4_get_local  Net_Dbg_CM3_L.lib(net_ip4.o)
    0x0800d770   0x0800d770   0x00000024   Code   RO         8554    i.net_ip4_init      Net_Dbg_CM3_L.lib(net_ip4.o)
    0x0800d794   0x0800d794   0x00000020   Code   RO         8555    i.net_ip4_is_onlink  Net_Dbg_CM3_L.lib(net_ip4.o)
    0x0800d7b4   0x0800d7b4   0x00000026   Code   RO         8556    i.net_ip4_is_subcast  Net_Dbg_CM3_L.lib(net_ip4.o)
    0x0800d7da   0x0800d7da   0x0000000e   Code   RO         8557    i.net_ip4_reass_frame  Net_Dbg_CM3_L.lib(net_ip4.o)
    0x0800d7e8   0x0800d7e8   0x00000164   Code   RO         8558    i.net_ip4_send_frame  Net_Dbg_CM3_L.lib(net_ip4.o)
    0x0800d94c   0x0800d94c   0x0000002a   Code   RO         8560    i.net_ip4_tx_offl_hl  Net_Dbg_CM3_L.lib(net_ip4.o)
    0x0800d976   0x0800d976   0x00000002   PAD
    0x0800d978   0x0800d978   0x00000020   Code   RO         8561    i.net_ip4_uninit    Net_Dbg_CM3_L.lib(net_ip4.o)
    0x0800d998   0x0800d998   0x00000100   Code   RO         8586    i.net_ip6_chk_frame  Net_Dbg_CM3_L.lib(net_ip6.o)
    0x0800da98   0x0800da98   0x00000032   Code   RO         8587    i.net_ip6_chksum    Net_Dbg_CM3_L.lib(net_ip6.o)
    0x0800daca   0x0800daca   0x00000002   PAD
    0x0800dacc   0x0800dacc   0x0000007c   Code   RO         8588    i.net_ip6_collect_mcast  Net_Dbg_CM3_L.lib(net_ip6.o)
    0x0800db48   0x0800db48   0x00000048   Code   RO         8590    i.net_ip6_find_route  Net_Dbg_CM3_L.lib(net_ip6.o)
    0x0800db90   0x0800db90   0x00000054   Code   RO         8591    i.net_ip6_get_local  Net_Dbg_CM3_L.lib(net_ip6.o)
    0x0800dbe4   0x0800dbe4   0x0000001c   Code   RO         8592    i.net_ip6_init      Net_Dbg_CM3_L.lib(net_ip6.o)
    0x0800dc00   0x0800dc00   0x000000cc   Code   RO         8593    i.net_ip6_send_frame  Net_Dbg_CM3_L.lib(net_ip6.o)
    0x0800dccc   0x0800dccc   0x0000001e   Code   RO         8595    i.net_ip6_tx_offl_hl  Net_Dbg_CM3_L.lib(net_ip6.o)
    0x0800dcea   0x0800dcea   0x00000002   PAD
    0x0800dcec   0x0800dcec   0x0000001c   Code   RO         8596    i.net_ip6_uninit    Net_Dbg_CM3_L.lib(net_ip6.o)
    0x0800dd08   0x0800dd08   0x00000008   Code   RO         8674    i.net_itoa          Net_Dbg_CM3_L.lib(net_common.o)
    0x0800dd10   0x0800dd10   0x00000006   Code   RO         8676    i.net_itoa_n0       Net_Dbg_CM3_L.lib(net_common.o)
    0x0800dd16   0x0800dd16   0x00000002   PAD
    0x0800dd18   0x0800dd18   0x00000030   Code   RO         7900    i.net_loop_iface_init  Net_Dbg_CM3_L.lib(net_loopback.o)
    0x0800dd48   0x0800dd48   0x000000bc   Code   RO         7901    i.net_loop_iface_run  Net_Dbg_CM3_L.lib(net_loopback.o)
    0x0800de04   0x0800de04   0x00000028   Code   RO         7902    i.net_loop_iface_uninit  Net_Dbg_CM3_L.lib(net_loopback.o)
    0x0800de2c   0x0800de2c   0x00000070   Code   RO         7903    i.net_loop_send_frame  Net_Dbg_CM3_L.lib(net_loopback.o)
    0x0800de9c   0x0800de9c   0x000000c0   Code   RO         8647    i.net_mem_alloc     Net_Dbg_CM3_L.lib(net_mem.o)
    0x0800df5c   0x0800df5c   0x0000001c   Code   RO         8648    i.net_mem_avail     Net_Dbg_CM3_L.lib(net_mem.o)
    0x0800df78   0x0800df78   0x000000a4   Code   RO         8649    i.net_mem_free      Net_Dbg_CM3_L.lib(net_mem.o)
    0x0800e01c   0x0800e01c   0x00000070   Code   RO         8650    i.net_mem_init      Net_Dbg_CM3_L.lib(net_mem.o)
    0x0800e08c   0x0800e08c   0x00000048   Code   RO         8651    i.net_mem_shrink    Net_Dbg_CM3_L.lib(net_mem.o)
    0x0800e0d4   0x0800e0d4   0x00000064   Code   RO         8140    i.net_nbns_client_init  Net_Dbg_CM3_L.lib(net_nbns_client.o)
    0x0800e138   0x0800e138   0x00000038   Code   RO         8141    i.net_nbns_client_uninit  Net_Dbg_CM3_L.lib(net_nbns_client.o)
    0x0800e170   0x0800e170   0x000001c4   Code   RO         8497    i.net_ndp_cache_find  Net_Dbg_CM3_L.lib(net_ndp.o)
    0x0800e334   0x0800e334   0x00000078   Code   RO         8500    i.net_ndp_cache_refresh  Net_Dbg_CM3_L.lib(net_ndp.o)
    0x0800e3ac   0x0800e3ac   0x00000070   Code   RO         8503    i.net_ndp_enqueue   Net_Dbg_CM3_L.lib(net_ndp.o)
    0x0800e41c   0x0800e41c   0x00000374   Code   RO         8505    i.net_ndp_process   Net_Dbg_CM3_L.lib(net_ndp.o)
    0x0800e790   0x0800e790   0x00000038   Code   RO         8369    i.net_path          Net_Dbg_CM3_L.lib(net_sys.o)
    0x0800e7c8   0x0800e7c8   0x00000020   Code   RO         8340    i.net_ping_client_init  Net_Dbg_CM3_L.lib(net_ping_core.o)
    0x0800e7e8   0x0800e7e8   0x00000080   Code   RO         8341    i.net_ping_client_run  Net_Dbg_CM3_L.lib(net_ping_core.o)
    0x0800e868   0x0800e868   0x00000020   Code   RO         8343    i.net_ping_client_uninit  Net_Dbg_CM3_L.lib(net_ping_core.o)
    0x0800e888   0x0800e888   0x0000001c   Code   RO         8370    i.net_rand32        Net_Dbg_CM3_L.lib(net_sys.o)
    0x0800e8a4   0x0800e8a4   0x0000005c   Code   RO         8314    i.net_sntp_client_init  Net_Dbg_CM3_L.lib(net_sntp_client_core.o)
    0x0800e900   0x0800e900   0x00000058   Code   RO         8315    i.net_sntp_client_run  Net_Dbg_CM3_L.lib(net_sntp_client_core.o)
    0x0800e958   0x0800e958   0x00000148   Code   RO         8316    i.net_sntp_client_start  Net_Dbg_CM3_L.lib(net_sntp_client_core.o)
    0x0800eaa0   0x0800eaa0   0x00000020   Code   RO         8317    i.net_sntp_client_uninit  Net_Dbg_CM3_L.lib(net_sntp_client_core.o)
    0x0800eac0   0x0800eac0   0x0000002e   Code   RO         8677    i.net_strcasecmp    Net_Dbg_CM3_L.lib(net_common.o)
    0x0800eaee   0x0800eaee   0x00000016   Code   RO         8678    i.net_strchr        Net_Dbg_CM3_L.lib(net_common.o)
    0x0800eb04   0x0800eb04   0x0000001a   Code   RO         8679    i.net_strcmp        Net_Dbg_CM3_L.lib(net_common.o)
    0x0800eb1e   0x0800eb1e   0x00000012   Code   RO         8680    i.net_strcpy        Net_Dbg_CM3_L.lib(net_common.o)
    0x0800eb30   0x0800eb30   0x0000001c   Code   RO         8682    i.net_strnchr       Net_Dbg_CM3_L.lib(net_common.o)
    0x0800eb4c   0x0800eb4c   0x0000001a   Code   RO         8683    i.net_strncpy       Net_Dbg_CM3_L.lib(net_common.o)
    0x0800eb66   0x0800eb66   0x00000020   Code   RO         8684    i.net_strtoupper    Net_Dbg_CM3_L.lib(net_common.o)
    0x0800eb86   0x0800eb86   0x00000002   Code   RO         7490    i.net_sys_error     net_config.o
    0x0800eb88   0x0800eb88   0x0000000c   Code   RO         8371    i.net_sys_lock      Net_Dbg_CM3_L.lib(net_sys.o)
    0x0800eb94   0x0800eb94   0x00000016   Code   RO         8372    i.net_sys_resume    Net_Dbg_CM3_L.lib(net_sys.o)
    0x0800ebaa   0x0800ebaa   0x00000002   PAD
    0x0800ebac   0x0800ebac   0x00000014   Code   RO         8374    i.net_sys_tick      Net_Dbg_CM3_L.lib(net_sys.o)
    0x0800ebc0   0x0800ebc0   0x0000000c   Code   RO         8375    i.net_sys_unlock    Net_Dbg_CM3_L.lib(net_sys.o)
    0x0800ebcc   0x0800ebcc   0x00000020   Code   RO         8377    i.net_sys_wakeup    Net_Dbg_CM3_L.lib(net_sys.o)
    0x0800ebec   0x0800ebec   0x00000084   Code   RO         8032    i.net_tcp_abort     Net_Dbg_CM3_L.lib(net_tcp.o)
    0x0800ec70   0x0800ec70   0x000000e4   Code   RO         8035    i.net_tcp_close     Net_Dbg_CM3_L.lib(net_tcp.o)
    0x0800ed54   0x0800ed54   0x0000002e   Code   RO         8038    i.net_tcp_get_buf   Net_Dbg_CM3_L.lib(net_tcp.o)
    0x0800ed82   0x0800ed82   0x00000002   PAD
    0x0800ed84   0x0800ed84   0x00000034   Code   RO         8040    i.net_tcp_get_local_port  Net_Dbg_CM3_L.lib(net_tcp.o)
    0x0800edb8   0x0800edb8   0x00000028   Code   RO         8041    i.net_tcp_get_mss   Net_Dbg_CM3_L.lib(net_tcp.o)
    0x0800ede0   0x0800ede0   0x00000054   Code   RO         8043    i.net_tcp_get_peer  Net_Dbg_CM3_L.lib(net_tcp.o)
    0x0800ee34   0x0800ee34   0x00000070   Code   RO         8045    i.net_tcp_get_socket  Net_Dbg_CM3_L.lib(net_tcp.o)
    0x0800eea4   0x0800eea4   0x0000002c   Code   RO         8046    i.net_tcp_get_state  Net_Dbg_CM3_L.lib(net_tcp.o)
    0x0800eed0   0x0800eed0   0x00000034   Code   RO         8047    i.net_tcp_get_timer  Net_Dbg_CM3_L.lib(net_tcp.o)
    0x0800ef04   0x0800ef04   0x000000b0   Code   RO         8048    i.net_tcp_listen    Net_Dbg_CM3_L.lib(net_tcp.o)
    0x0800efb4   0x0800efb4   0x000007a8   Code   RO         8050    i.net_tcp_process   Net_Dbg_CM3_L.lib(net_tcp.o)
    0x0800f75c   0x0800f75c   0x0000015c   Code   RO         8054    i.net_tcp_send      Net_Dbg_CM3_L.lib(net_tcp.o)
    0x0800f8b8   0x0800f8b8   0x0000012c   Code   RO         8056    i.net_tcp_set_option  Net_Dbg_CM3_L.lib(net_tcp.o)
    0x0800f9e4   0x0800f9e4   0x00000028   Code   RO         8057    i.net_tcp_socket_init  Net_Dbg_CM3_L.lib(net_tcp.o)
    0x0800fa0c   0x0800fa0c   0x000003c0   Code   RO         8058    i.net_tcp_socket_run  Net_Dbg_CM3_L.lib(net_tcp.o)
    0x0800fdcc   0x0800fdcc   0x00000028   Code   RO         8059    i.net_tcp_socket_uninit  Net_Dbg_CM3_L.lib(net_tcp.o)
    0x0800fdf4   0x0800fdf4   0x00000048   Code   RO         7966    i.net_udp_close     Net_Dbg_CM3_L.lib(net_udp.o)
    0x0800fe3c   0x0800fe3c   0x0000002e   Code   RO         7969    i.net_udp_get_buf   Net_Dbg_CM3_L.lib(net_udp.o)
    0x0800fe6a   0x0800fe6a   0x00000002   PAD
    0x0800fe6c   0x0800fe6c   0x00000070   Code   RO         7972    i.net_udp_get_socket  Net_Dbg_CM3_L.lib(net_udp.o)
    0x0800fedc   0x0800fedc   0x000000ac   Code   RO         7974    i.net_udp_open      Net_Dbg_CM3_L.lib(net_udp.o)
    0x0800ff88   0x0800ff88   0x00000158   Code   RO         7975    i.net_udp_process   Net_Dbg_CM3_L.lib(net_udp.o)
    0x080100e0   0x080100e0   0x00000012   Code   RO         7977    i.net_udp_send      Net_Dbg_CM3_L.lib(net_udp.o)
    0x080100f2   0x080100f2   0x00000002   PAD
    0x080100f4   0x080100f4   0x0000022c   Code   RO         7978    i.net_udp_send_if   Net_Dbg_CM3_L.lib(net_udp.o)
    0x08010320   0x08010320   0x00000024   Code   RO         7980    i.net_udp_socket_init  Net_Dbg_CM3_L.lib(net_udp.o)
    0x08010344   0x08010344   0x00000024   Code   RO         7981    i.net_udp_socket_uninit  Net_Dbg_CM3_L.lib(net_udp.o)
    0x08010368   0x08010368   0x00000008   Code   RO         8685    i.net_ultoa         Net_Dbg_CM3_L.lib(net_common.o)
    0x08010370   0x08010370   0x00000030   Code   RO         8688    i.net_ultox         Net_Dbg_CM3_L.lib(net_common.o)
    0x080103a0   0x080103a0   0x0000004c   Code   RO         8689    i.net_xtoul         Net_Dbg_CM3_L.lib(net_common.o)
    0x080103ec   0x080103ec   0x00000034   Code   RO         7491    i.netif_create      net_config.o
    0x08010420   0x08010420   0x00000014   Code   RO         7492    i.netif_delete      net_config.o
    0x08010434   0x08010434   0x00000008   Code   RO         7493    i.netif_lock        net_config.o
    0x0801043c   0x0801043c   0x00000004   Code   RO         7494    i.netif_unlock      net_config.o
    0x08010440   0x08010440   0x0000000e   Code   RO         7495    i.netos_delay       net_config.o
    0x0801044e   0x0801044e   0x00000006   Code   RO         7496    i.netos_flag_clear  net_config.o
    0x08010454   0x08010454   0x00000004   Code   RO         7497    i.netos_flag_set    net_config.o
    0x08010458   0x08010458   0x00000018   Code   RO         7498    i.netos_flag_wait   net_config.o
    0x08010470   0x08010470   0x0000001c   Code   RO         7499    i.netos_init        net_config.o
    0x0801048c   0x0801048c   0x00000008   Code   RO         7500    i.netos_lock        net_config.o
    0x08010494   0x08010494   0x00000014   Code   RO         7501    i.netos_mutex_create  net_config.o
    0x080104a8   0x080104a8   0x00000014   Code   RO         7503    i.netos_thread_create  net_config.o
    0x080104bc   0x080104bc   0x00000004   Code   RO         7506    i.netos_thread_pass  net_config.o
    0x080104c0   0x080104c0   0x00000014   Code   RO         7507    i.netos_timer_create  net_config.o
    0x080104d4   0x080104d4   0x00000016   Code   RO         7509    i.netos_timer_start  net_config.o
    0x080104ea   0x080104ea   0x00000004   Code   RO         7510    i.netos_unlock      net_config.o
    0x080104ee   0x080104ee   0x00000002   PAD
    0x080104f0   0x080104f0   0x0000003c   Code   RO          805    i.osDelay           rtx_delay.o
    0x0801052c   0x0801052c   0x00000030   Code   RO         2092    i.osKernelGetState  rtx_kernel.o
    0x0801055c   0x0801055c   0x0000002c   Code   RO         2095    i.osKernelGetTickCount  rtx_kernel.o
    0x08010588   0x08010588   0x0000002c   Code   RO         2096    i.osKernelGetTickFreq  rtx_kernel.o
    0x080105b4   0x080105b4   0x00000038   Code   RO         2097    i.osKernelInitialize  rtx_kernel.o
    0x080105ec   0x080105ec   0x00000034   Code   RO         2101    i.osKernelStart     rtx_kernel.o
    0x08010620   0x08010620   0x00000054   Code   RO         2582    i.osMessageQueueGet  rtx_msgqueue.o
    0x08010674   0x08010674   0x0000004c   Code   RO         2588    i.osMessageQueueNew  rtx_msgqueue.o
    0x080106c0   0x080106c0   0x00000054   Code   RO         2589    i.osMessageQueuePut  rtx_msgqueue.o
    0x08010714   0x08010714   0x00000044   Code   RO         2760    i.osMutexAcquire    rtx_mutex.o
    0x08010758   0x08010758   0x0000003c   Code   RO         2764    i.osMutexNew        rtx_mutex.o
    0x08010794   0x08010794   0x0000003c   Code   RO         2765    i.osMutexRelease    rtx_mutex.o
    0x080107d0   0x080107d0   0x00000020   Code   RO         3686    i.osRtxErrorNotify  rtx_config.o
    0x080107f0   0x080107f0   0x00000004   Code   RO         3687    i.osRtxIdleThread   rtx_config.o
    0x080107f4   0x080107f4   0x00000018   Code   RO         2104    i.osRtxKernelErrorNotify  rtx_kernel.o
    0x0801080c   0x0801080c   0x0000000c   Code   RO         3054    i.osRtxKernelGetState  rtx_thread.o
    0x08010818   0x08010818   0x0000000e   Code   RO         2317    i.osRtxKernelPreInit  rtx_lib.o
    0x08010826   0x08010826   0x000000ee   Code   RO         2365    i.osRtxMemoryAlloc  rtx_memory.o
    0x08010914   0x08010914   0x0000007c   Code   RO         2366    i.osRtxMemoryFree   rtx_memory.o
    0x08010990   0x08010990   0x0000006a   Code   RO         2367    i.osRtxMemoryInit   rtx_memory.o
    0x080109fa   0x080109fa   0x00000030   Code   RO         2424    i.osRtxMemoryPoolAlloc  rtx_mempool.o
    0x08010a2a   0x08010a2a   0x00000044   Code   RO         2425    i.osRtxMemoryPoolFree  rtx_mempool.o
    0x08010a6e   0x08010a6e   0x00000058   Code   RO         2426    i.osRtxMemoryPoolInit  rtx_mempool.o
    0x08010ac6   0x08010ac6   0x00000108   Code   RO         2591    i.osRtxMessageQueuePostProcess  rtx_msgqueue.o
    0x08010bce   0x08010bce   0x00000002   PAD
    0x08010bd0   0x08010bd0   0x0000002c   Code   RO         2592    i.osRtxMessageQueueTimerSetup  rtx_msgqueue.o
    0x08010bfc   0x08010bfc   0x00000066   Code   RO         2766    i.osRtxMutexOwnerRelease  rtx_mutex.o
    0x08010c62   0x08010c62   0x00000058   Code   RO         2767    i.osRtxMutexOwnerRestore  rtx_mutex.o
    0x08010cba   0x08010cba   0x00000002   PAD
    0x08010cbc   0x08010cbc   0x00000088   Code   RO         2994    i.osRtxPendSV_Handler  rtx_system.o
    0x08010d44   0x08010d44   0x0000003c   Code   RO         2995    i.osRtxPostProcess  rtx_system.o
    0x08010d80   0x08010d80   0x00000032   Code   RO         2876    i.osRtxSemaphorePostProcess  rtx_semaphore.o
    0x08010db2   0x08010db2   0x00000002   PAD
    0x08010db4   0x08010db4   0x00000040   Code   RO         3055    i.osRtxThreadBlock  rtx_thread.o
    0x08010df4   0x08010df4   0x00000068   Code   RO         3056    i.osRtxThreadDelayInsert  rtx_thread.o
    0x08010e5c   0x08010e5c   0x00000060   Code   RO         3057    i.osRtxThreadDelayRemove  rtx_thread.o
    0x08010ebc   0x08010ebc   0x00000130   Code   RO         3058    i.osRtxThreadDelayTick  rtx_thread.o
    0x08010fec   0x08010fec   0x00000040   Code   RO         3059    i.osRtxThreadDestroy  rtx_thread.o
    0x0801102c   0x0801102c   0x0000006c   Code   RO         3060    i.osRtxThreadDispatch  rtx_thread.o
    0x08011098   0x08011098   0x00000064   Code   RO         3061    i.osRtxThreadFree   rtx_thread.o
    0x080110fc   0x080110fc   0x0000000c   Code   RO         3062    i.osRtxThreadGetRunning  rtx_thread.o
    0x08011108   0x08011108   0x00000026   Code   RO         3063    i.osRtxThreadJoinWakeup  rtx_thread.o
    0x0801112e   0x0801112e   0x0000001a   Code   RO         3064    i.osRtxThreadListGet  rtx_thread.o
    0x08011148   0x08011148   0x0000002c   Code   RO         3065    i.osRtxThreadListPut  rtx_thread.o
    0x08011174   0x08011174   0x0000001a   Code   RO         3066    i.osRtxThreadListRemove  rtx_thread.o
    0x0801118e   0x0801118e   0x00000010   Code   RO         3067    i.osRtxThreadListRoot  rtx_thread.o
    0x0801119e   0x0801119e   0x0000002a   Code   RO         3068    i.osRtxThreadListSort  rtx_thread.o
    0x080111c8   0x080111c8   0x00000034   Code   RO         3070    i.osRtxThreadPostProcess  rtx_thread.o
    0x080111fc   0x080111fc   0x00000018   Code   RO         3071    i.osRtxThreadReadyPut  rtx_thread.o
    0x08011214   0x08011214   0x0000000e   Code   RO         3072    i.osRtxThreadRegPtr  rtx_thread.o
    0x08011222   0x08011222   0x00000002   PAD
    0x08011224   0x08011224   0x0000000c   Code   RO         3073    i.osRtxThreadSetRunning  rtx_thread.o
    0x08011230   0x08011230   0x0000000c   Code   RO         3480    i.osRtxThreadSetRunning  rtx_timer.o
    0x0801123c   0x0801123c   0x00000020   Code   RO         3074    i.osRtxThreadStackCheck  rtx_thread.o
    0x0801125c   0x0801125c   0x00000058   Code   RO         3075    i.osRtxThreadStartup  rtx_thread.o
    0x080112b4   0x080112b4   0x00000018   Code   RO         3076    i.osRtxThreadSwitch  rtx_thread.o
    0x080112cc   0x080112cc   0x0000004c   Code   RO         3077    i.osRtxThreadWaitEnter  rtx_thread.o
    0x08011318   0x08011318   0x00000036   Code   RO         3078    i.osRtxThreadWaitExit  rtx_thread.o
    0x0801134e   0x0801134e   0x00000002   PAD
    0x08011350   0x08011350   0x0000009c   Code   RO         2996    i.osRtxTick_Handler  rtx_system.o
    0x080113ec   0x080113ec   0x00000020   Code   RO         3481    i.osRtxTimerSetup   rtx_timer.o
    0x0801140c   0x0801140c   0x0000002c   Code   RO         3482    i.osRtxTimerThread  rtx_timer.o
    0x08011438   0x08011438   0x00000090   Code   RO         3483    i.osRtxTimerTick    rtx_timer.o
    0x080114c8   0x080114c8   0x00000084   Code   RO         2877    i.osSemaphoreAcquire  rtx_semaphore.o
    0x0801154c   0x0801154c   0x0000003c   Code   RO         2878    i.osSemaphoreDelete  rtx_semaphore.o
    0x08011588   0x08011588   0x0000004c   Code   RO         2881    i.osSemaphoreNew    rtx_semaphore.o
    0x080115d4   0x080115d4   0x00000038   Code   RO         2882    i.osSemaphoreRelease  rtx_semaphore.o
    0x0801160c   0x0801160c   0x00000020   Code   RO         3081    i.osThreadExit      rtx_thread.o
    0x0801162c   0x0801162c   0x0000003c   Code   RO         3082    i.osThreadFlagsClear  rtx_thread.o
    0x08011668   0x08011668   0x00000040   Code   RO         3084    i.osThreadFlagsSet  rtx_thread.o
    0x080116a8   0x080116a8   0x0000004c   Code   RO         3085    i.osThreadFlagsWait  rtx_thread.o
    0x080116f4   0x080116f4   0x0000004c   Code   RO         3094    i.osThreadNew       rtx_thread.o
    0x08011740   0x08011740   0x0000003c   Code   RO         3098    i.osThreadTerminate  rtx_thread.o
    0x0801177c   0x0801177c   0x00000038   Code   RO         3099    i.osThreadYield     rtx_thread.o
    0x080117b4   0x080117b4   0x00000050   Code   RO         3487    i.osTimerNew        rtx_timer.o
    0x08011804   0x08011804   0x00000044   Code   RO         3488    i.osTimerStart      rtx_timer.o
    0x08011848   0x08011848   0x0000003c   Code   RO         3489    i.osTimerStop       rtx_timer.o
    0x08011884   0x08011884   0x00000048   Code   RO          303    i.pines_leds        http_server_cgi.o
    0x080118cc   0x080118cc   0x0000001c   Code   RO         8344    i.ping_send_req     Net_Dbg_CM3_L.lib(net_ping_core.o)
    0x080118e8   0x080118e8   0x00000058   Code   RO         8206    i.proc_req_line     Net_Dbg_CM3_L.lib(net_http_server.o)
    0x08011940   0x08011940   0x0000001a   Code   RO         7923    i.que_free_list     Net_Dbg_CM3_L.lib(net_ip4_frag.o)
    0x0801195a   0x0801195a   0x000000a0   Code   RO         8207    i.read_script_line  Net_Dbg_CM3_L.lib(net_http_server.o)
    0x080119fa   0x080119fa   0x00000048   Code   RO         8208    i.search_delim      Net_Dbg_CM3_L.lib(net_http_server.o)
    0x08011a42   0x08011a42   0x00000002   PAD
    0x08011a44   0x08011a44   0x000000fc   Code   RO         8318    i.sntp_listener     Net_Dbg_CM3_L.lib(net_sntp_client_core.o)
    0x08011b40   0x08011b40   0x0000003c   Code   RO         8319    i.sntp_send_message  Net_Dbg_CM3_L.lib(net_sntp_client_core.o)
    0x08011b7c   0x08011b7c   0x00000018   Code   RO         8321    i.sntp_stop         Net_Dbg_CM3_L.lib(net_sntp_client_core.o)
    0x08011b94   0x08011b94   0x00000038   Code   RO          807    i.svcRtxDelay       rtx_delay.o
    0x08011bcc   0x08011bcc   0x00000010   Code   RO         2107    i.svcRtxKernelGetState  rtx_kernel.o
    0x08011bdc   0x08011bdc   0x00000014   Code   RO         2110    i.svcRtxKernelGetTickCount  rtx_kernel.o
    0x08011bf0   0x08011bf0   0x00000014   Code   RO         2111    i.svcRtxKernelGetTickFreq  rtx_kernel.o
    0x08011c04   0x08011c04   0x00000218   Code   RO         2112    i.svcRtxKernelInitialize  rtx_kernel.o
    0x08011e1c   0x08011e1c   0x000000d4   Code   RO         2116    i.svcRtxKernelStart  rtx_kernel.o
    0x08011ef0   0x08011ef0   0x00000138   Code   RO         2594    i.svcRtxMessageQueueGet  rtx_msgqueue.o
    0x08012028   0x08012028   0x00000188   Code   RO         2600    i.svcRtxMessageQueueNew  rtx_msgqueue.o
    0x080121b0   0x080121b0   0x00000128   Code   RO         2601    i.svcRtxMessageQueuePut  rtx_msgqueue.o
    0x080122d8   0x080122d8   0x0000010c   Code   RO         2768    i.svcRtxMutexAcquire  rtx_mutex.o
    0x080123e4   0x080123e4   0x000000ac   Code   RO         2772    i.svcRtxMutexNew    rtx_mutex.o
    0x08012490   0x08012490   0x00000110   Code   RO         2773    i.svcRtxMutexRelease  rtx_mutex.o
    0x080125a0   0x080125a0   0x00000084   Code   RO         2883    i.svcRtxSemaphoreAcquire  rtx_semaphore.o
    0x08012624   0x08012624   0x0000008c   Code   RO         2884    i.svcRtxSemaphoreDelete  rtx_semaphore.o
    0x080126b0   0x080126b0   0x000000d0   Code   RO         2887    i.svcRtxSemaphoreNew  rtx_semaphore.o
    0x08012780   0x08012780   0x0000007c   Code   RO         2888    i.svcRtxSemaphoreRelease  rtx_semaphore.o
    0x080127fc   0x080127fc   0x00000068   Code   RO         3102    i.svcRtxThreadExit  rtx_thread.o
    0x08012864   0x08012864   0x00000046   Code   RO         3103    i.svcRtxThreadFlagsClear  rtx_thread.o
    0x080128aa   0x080128aa   0x0000009a   Code   RO         3105    i.svcRtxThreadFlagsSet  rtx_thread.o
    0x08012944   0x08012944   0x00000092   Code   RO         3106    i.svcRtxThreadFlagsWait  rtx_thread.o
    0x080129d6   0x080129d6   0x00000002   PAD
    0x080129d8   0x080129d8   0x00000280   Code   RO         3115    i.svcRtxThreadNew   rtx_thread.o
    0x08012c58   0x08012c58   0x000000ec   Code   RO         3119    i.svcRtxThreadTerminate  rtx_thread.o
    0x08012d44   0x08012d44   0x00000044   Code   RO         3120    i.svcRtxThreadYield  rtx_thread.o
    0x08012d88   0x08012d88   0x000000d4   Code   RO         3493    i.svcRtxTimerNew    rtx_timer.o
    0x08012e5c   0x08012e5c   0x00000068   Code   RO         3494    i.svcRtxTimerStart  rtx_timer.o
    0x08012ec4   0x08012ec4   0x0000004c   Code   RO         3495    i.svcRtxTimerStop   rtx_timer.o
    0x08012f10   0x08012f10   0x00000018   Code   RO         8378    i.sys_map_if        Net_Dbg_CM3_L.lib(net_sys.o)
    0x08012f28   0x08012f28   0x0000004c   Code   RO         8379    i.sys_proc_tick     Net_Dbg_CM3_L.lib(net_sys.o)
    0x08012f74   0x08012f74   0x00000110   Code   RO         8060    i.tcp_map_socket    Net_Dbg_CM3_L.lib(net_tcp.o)
    0x08013084   0x08013084   0x00000084   Code   RO         8061    i.tcp_parse_opt     Net_Dbg_CM3_L.lib(net_tcp.o)
    0x08013108   0x08013108   0x0000011c   Code   RO         8062    i.tcp_proc_acknr    Net_Dbg_CM3_L.lib(net_tcp.o)
    0x08013224   0x08013224   0x000000ac   Code   RO         8063    i.tcp_proc_dupack   Net_Dbg_CM3_L.lib(net_tcp.o)
    0x080132d0   0x080132d0   0x0000001a   Code   RO         8064    i.tcp_que_free      Net_Dbg_CM3_L.lib(net_tcp.o)
    0x080132ea   0x080132ea   0x0000001a   Code   RO         8065    i.tcp_que_init      Net_Dbg_CM3_L.lib(net_tcp.o)
    0x08013304   0x08013304   0x000000ac   Code   RO         8066    i.tcp_que_resend    Net_Dbg_CM3_L.lib(net_tcp.o)
    0x080133b0   0x080133b0   0x00000090   Code   RO         8067    i.tcp_send_ctrl     Net_Dbg_CM3_L.lib(net_tcp.o)
    0x08013440   0x08013440   0x0000007c   Code   RO         8068    i.tcp_send_data     Net_Dbg_CM3_L.lib(net_tcp.o)
    0x080134bc   0x080134bc   0x00000090   Code   RO         8069    i.tcp_send_reset    Net_Dbg_CM3_L.lib(net_tcp.o)
    0x0801354c   0x0801354c   0x00000044   Code   RO         8070    i.tcp_set_cwnd      Net_Dbg_CM3_L.lib(net_tcp.o)
    0x08013590   0x08013590   0x00000074   Code   RO         8071    i.tcp_transit       Net_Dbg_CM3_L.lib(net_tcp.o)
    0x08013604   0x08013604   0x0000010c   Code   RO         8072    i.tcp_write         Net_Dbg_CM3_L.lib(net_tcp.o)
    0x08013710   0x08013710   0x0000009c   Code   RO          584    i.time_callback     rtc.o
    0x080137ac   0x080137ac   0x0000002c   Code   RO         7982    i.udp_port_in_use   Net_Dbg_CM3_L.lib(net_udp.o)
    0x080137d8   0x080137d8   0x00000044   Code   RO         8690    i.ul2str            Net_Dbg_CM3_L.lib(net_common.o)
    0x0801381c   0x0801381c   0x00000124   Code   RO         8209    i.utc_to_http       Net_Dbg_CM3_L.lib(net_http_server.o)
    0x08013940   0x08013940   0x00000024   Data   RO          187    .constdata          http_server.o
    0x08013964   0x08013964   0x00006d70   Data   RO          374    .constdata          web.o
    0x0801a6d4   0x0801a6d4   0x00000960   Data   RO          415    .constdata          lcd.o
    0x0801b034   0x0801b034   0x00000001   Data   RO          794    .constdata          irq_armv7m.o
    0x0801b035   0x0801b035   0x00000003   PAD
    0x0801b038   0x0801b038   0x00000068   Data   RO         2324    .constdata          rtx_lib.o
    0x0801b0a0   0x0801b0a0   0x00000024   Data   RO         3722    .constdata          phy_lan8742a.o
    0x0801b0c4   0x0801b0c4   0x00000094   Data   RO         3800    .constdata          emac_stm32f4xx.o
    0x0801b158   0x0801b158   0x00000080   Data   RO         3957    .constdata          spi_stm32f4xx.o
    0x0801b1d8   0x0801b1d8   0x00000018   Data   RO         4117    .constdata          eventrecorder.o
    0x0801b1f0   0x0801b1f0   0x00000018   Data   RO         7441    .constdata          system_stm32f4xx_1.o
    0x0801b208   0x0801b208   0x0000027c   Data   RO         7516    .constdata          net_config.o
    0x0801b484   0x0801b484   0x0000002c   Data   RO         7904    .constdata          Net_Dbg_CM3_L.lib(net_loopback.o)
    0x0801b4b0   0x0801b4b0   0x0000000c   Data   RO         7905    .constdata          Net_Dbg_CM3_L.lib(net_loopback.o)
    0x0801b4bc   0x0801b4bc   0x00000008   Data   RO         8142    .constdata          Net_Dbg_CM3_L.lib(net_nbns_client.o)
    0x0801b4c4   0x0801b4c4   0x000000fa   Data   RO         8211    .constdata          Net_Dbg_CM3_L.lib(net_http_server.o)
    0x0801b5be   0x0801b5be   0x00000002   PAD
    0x0801b5c0   0x0801b5c0   0x00000018   Data   RO         8290    .constdata          Net_Dbg_CM3_L.lib(net_http_server_auth.o)
    0x0801b5d8   0x0801b5d8   0x00000012   Data   RO         8346    .constdata          Net_Dbg_CM3_L.lib(net_ping_core.o)
    0x0801b5ea   0x0801b5ea   0x00000010   Data   RO         8439    .constdata          Net_Dbg_CM3_L.lib(net_addr.o)
    0x0801b5fa   0x0801b5fa   0x00000006   Data   RO         8440    .constdata          Net_Dbg_CM3_L.lib(net_addr.o)
    0x0801b600   0x0801b600   0x00000004   Data   RO         8562    .constdata          Net_Dbg_CM3_L.lib(net_ip4.o)
    0x0801b604   0x0801b604   0x00000020   Data   RO         8597    .constdata          Net_Dbg_CM3_L.lib(net_ip6.o)
    0x0801b624   0x0801b624   0x00000018   Data   RO         8637    .constdata          Net_Dbg_CM3_L.lib(net_http_server_err.o)
    0x0801b63c   0x0801b63c   0x00000010   Data   RO         8691    .constdata          Net_Dbg_CM3_L.lib(net_common.o)
    0x0801b64c   0x0801b64c   0x00000090   Data   RO         8738    .constdata          Net_Dbg_CM3_L.lib(net_base64.o)
    0x0801b6dc   0x0801b6dc   0x00000004   Data   RO         8747    .constdata          Net_Dbg_CM3_L.lib(net_version.o)
    0x0801b6e0   0x0801b6e0   0x0000000c   Data   RO         8761    .constdata          mc_w.l(localtime.o)
    0x0801b6ec   0x0801b6ec   0x000000da   Data   RO          305    .conststring        http_server_cgi.o
    0x0801b7c6   0x0801b7c6   0x00000002   PAD
    0x0801b7c8   0x0801b7c8   0x000000f1   Data   RO         7517    .conststring        net_config.o
    0x0801b8b9   0x0801b8b9   0x00000003   PAD
    0x0801b8bc   0x0801b8bc   0x00000203   Data   RO         8638    .conststring        Net_Dbg_CM3_L.lib(net_http_server_err.o)
    0x0801babf   0x0801babf   0x00000001   PAD
    0x0801bac0   0x0801bac0   0x0000000b   Data   RO         2119    .conststrlit        rtx_kernel.o
    0x0801bacb   0x0801bacb   0x00000001   PAD
    0x0801bacc   0x0801bacc   0x000000a8   Data   RO         2325    .rodata             rtx_lib.o
    0x0801bb74   0x0801bb74   0x00000030   Data   RO         9092    Region$$Table       anon$$obj.o


    Execution Region RW_IRAM2 (Exec base: 0x10000000, Load base: 0x0801bce0, Size: 0x000004a4, Max: 0x00010000, ABSOLUTE)

    Exec Addr    Load Addr    Size         Type   Attr      Idx    E Section Name        Object

    0x10000000        -       0x000004a4   Zero   RW         4116    .bss.noinit         eventrecorder.o


    Execution Region RW_IRAM1 (Exec base: 0x20000000, Load base: 0x0801bba4, Size: 0x0000f870, Max: 0x00030000, ABSOLUTE, COMPRESSED[0x0000013c])

    Exec Addr    Load Addr    Size         Type   Attr      Idx    E Section Name        Object

    0x20000000   COMPRESSED   0x00008040   Data   RW         2318    .bss.os             rtx_lib.o
    0x20008040   COMPRESSED   0x00000001   Data   RW         3621    .bss.os             os_systick.o
    0x20008041   COMPRESSED   0x00000003   PAD
    0x20008044   COMPRESSED   0x00000034   Data   RW         2319    .bss.os.msgqueue.cb  rtx_lib.o
    0x20008078   COMPRESSED   0x00000050   Data   RW         2320    .bss.os.msgqueue.mem  rtx_lib.o
    0x200080c8   COMPRESSED   0x00000038   Data   RW         7512    .bss.os.mutex.cb    net_config.o
    0x20008100   COMPRESSED   0x00000010   Data   RW         7513    .bss.os.semaphore.cb  net_config.o
    0x20008110   COMPRESSED   0x00000088   Data   RW         2321    .bss.os.thread.cb   rtx_lib.o
    0x20008198   COMPRESSED   0x00000088   Data   RW         7514    .bss.os.thread.cb   net_config.o
    0x20008220   COMPRESSED   0x00000200   Data   RW         2322    .bss.os.thread.idle.stack  rtx_lib.o
    0x20008420   COMPRESSED   0x00000200   Data   RW         2323    .bss.os.thread.timer.stack  rtx_lib.o
    0x20008620   COMPRESSED   0x00000020   Data   RW         7515    .bss.os.timer.cb    net_config.o
    0x20008640   COMPRESSED   0x00000004   Data   RW            9    .data               main.o
    0x20008644   COMPRESSED   0x0000003c   Data   RW          188    .data               http_server.o
    0x20008680   COMPRESSED   0x00000010   Data   RW          306    .data               http_server_cgi.o
    0x20008690   COMPRESSED   0x0000001c   Data   RW          416    .data               lcd.o
    0x200086ac   COMPRESSED   0x0000001c   Data   RW          586    .data               rtc.o
    0x200086c8   COMPRESSED   0x00000009   Data   RW         4253    .data               stm32f4xx_hal.o
    0x200086d1   COMPRESSED   0x00000003   PAD
    0x200086d4   COMPRESSED   0x00000004   Data   RW         7442    .data               system_stm32f4xx_1.o
    0x200086d8   COMPRESSED   0x0000000e   Data   RW         7518    .data               net_config.o
    0x200086e6   COMPRESSED   0x00000002   PAD
    0x200086e8   COMPRESSED   0x00000004   Data   RW         7906    .data               Net_Dbg_CM3_L.lib(net_loopback.o)
    0x200086ec   COMPRESSED   0x00000004   Data   RW         7924    .data               Net_Dbg_CM3_L.lib(net_ip4_frag.o)
    0x200086f0   COMPRESSED   0x00000001   Data   RW         7942    .data               Net_Dbg_CM3_L.lib(net_icmp.o)
    0x200086f1   COMPRESSED   0x00000001   PAD
    0x200086f2   COMPRESSED   0x00000002   Data   RW         7984    .data               Net_Dbg_CM3_L.lib(net_udp.o)
    0x200086f4   COMPRESSED   0x00000004   Data   RW         8075    .data               Net_Dbg_CM3_L.lib(net_tcp.o)
    0x200086f8   COMPRESSED   0x00000001   Data   RW         8143    .data               Net_Dbg_CM3_L.lib(net_nbns_client.o)
    0x200086f9   COMPRESSED   0x00000003   PAD
    0x200086fc   COMPRESSED   0x0000000c   Data   RW         8212    .data               Net_Dbg_CM3_L.lib(net_http_server.o)
    0x20008708   COMPRESSED   0x00000008   Data   RW         8563    .data               Net_Dbg_CM3_L.lib(net_ip4.o)
    0x20008710   COMPRESSED   0x00000004   Data   RW         8599    .data               Net_Dbg_CM3_L.lib(net_ip6.o)
    0x20008714   COMPRESSED   0x000000a4   Data   RW         2120    .data.os            rtx_kernel.o
    0x200087b8        -       0x000004a0   Zero   RW          186    .bss                http_server.o
    0x20008c58        -       0x000000ec   Zero   RW          304    .bss                http_server_cgi.o
    0x20008d44        -       0x000002e7   Zero   RW          414    .bss                lcd.o
    0x2000902b   COMPRESSED   0x00000001   PAD
    0x2000902c        -       0x00000048   Zero   RW          541    .bss                adc.o
    0x20009074        -       0x00000088   Zero   RW          585    .bss                rtc.o
    0x200090fc        -       0x0000000c   Zero   RW         3721    .bss                phy_lan8742a.o
    0x20009108        -       0x000024cc   Zero   RW         3799    .bss                emac_stm32f4xx.o
    0x2000b5d4        -       0x0000002c   Zero   RW         3956    .bss                spi_stm32f4xx.o
    0x2000b600        -       0x00003bb0   Zero   RW         7511    .bss                net_config.o
    0x2000f1b0        -       0x000000a0   Zero   RW         7801    .bss                Net_Dbg_CM3_L.lib(net_eth.o)
    0x2000f250        -       0x00000018   Zero   RW         7861    .bss                Net_Dbg_CM3_L.lib(net_arp.o)
    0x2000f268        -       0x0000001c   Zero   RW         7983    .bss                Net_Dbg_CM3_L.lib(net_udp.o)
    0x2000f284        -       0x00000098   Zero   RW         8210    .bss                Net_Dbg_CM3_L.lib(net_http_server.o)
    0x2000f31c        -       0x0000002c   Zero   RW         8322    .bss                Net_Dbg_CM3_L.lib(net_sntp_client_core.o)
    0x2000f348        -       0x0000002c   Zero   RW         8345    .bss                Net_Dbg_CM3_L.lib(net_ping_core.o)
    0x2000f374        -       0x00000038   Zero   RW         8380    .bss                Net_Dbg_CM3_L.lib(net_sys.o)
    0x2000f3ac        -       0x00000024   Zero   RW         8381    .bss                Net_Dbg_CM3_L.lib(net_sys.o)
    0x2000f3d0        -       0x0000005c   Zero   RW         8438    .bss                Net_Dbg_CM3_L.lib(net_addr.o)
    0x2000f42c        -       0x00000014   Zero   RW         8653    .bss                Net_Dbg_CM3_L.lib(net_mem.o)
    0x2000f440        -       0x0000002c   Zero   RW         8760    .bss                mc_w.l(localtime.o)
    0x2000f46c   COMPRESSED   0x00000004   PAD
    0x2000f470        -       0x00000400   Zero   RW         7429    STACK               startup_stm32f429xx.o


==============================================================================

Image component sizes


      Code (inc. data)   RO Data    RW Data    ZI Data      Debug   Object Name

       288         26          0          0         72       2126   adc.o
      3452        322        148          0       9420      56114   emac_stm32f4xx.o
      1568         90         24          0       1188      22123   eventrecorder.o
       346         82         36         60       1184      22737   http_server.o
      2688        478        218         16        236       6869   http_server_cgi.o
       148          8          1          0          0        680   irq_armv7m.o
      1280        150       2400         28        743       9794   lcd.o
       322         32          0          4          0     791636   main.o
       346         48        877        254      15280      42594   net_config.o
       334          0          0          0          0        695   net_debug.o
       142         24          0          1          0       2488   os_systick.o
       580         40         36          0         12       9374   phy_lan8742a.o
       970        190          0         28        136       9297   rtc.o
        36          6          0          0          0       1085   rtx_config.o
       156          6          0          0          0      18505   rtx_delay.o
      2024        396          0          0          0      67971   rtx_evr.o
      1138         64         11        164          0      28159   rtx_kernel.o
       246          0        272      34124          0      10343   rtx_lib.o
       478          0          0          0          0       4171   rtx_memory.o
       532          0          0          0          0       4039   rtx_mempool.o
      2346         44          0          0          0      24626   rtx_msgqueue.o
      1130         28          0          0          0      11329   rtx_mutex.o
      1488         38          0          0          0      16011   rtx_semaphore.o
       792         40          0          0          0       9961   rtx_system.o
      3872        170          0          0          0      39874   rtx_thread.o
      1008         64          0          0          0      13763   rtx_timer.o
      4392        210        128          0         44      54563   spi_stm32f4xx.o
        36          8        428          0       1024        872   startup_stm32f429xx.o
        62          8          0          9          0       8503   stm32f4xx_hal.o
      1424         56          0          0          0       6004   stm32f4xx_hal_adc.o
       304         28          0          0          0      34728   stm32f4xx_hal_cortex.o
        40          0          0          0          0       1347   stm32f4xx_hal_dma.o
       940        100          0          0          0       3879   stm32f4xx_hal_gpio.o
        28         10          0          0          0       1171   stm32f4xx_hal_pwr.o
      1788         74          0          0          0       5269   stm32f4xx_hal_rcc.o
       772         26          0          0          0       1688   stm32f4xx_hal_rcc_ex.o
      1744         36          0          0          0       9542   stm32f4xx_hal_rtc.o
        20          0          0          0          0       1810   stm32f4xx_hal_rtc_ex.o
       660         76          0          0          0       5439   stm32f4xx_hal_tim.o
        56         10          0          0          0       4242   stm32f4xx_it.o
       208         28         24          4          0       2123   system_stm32f4xx_1.o
       136          8      28016          0          0       2156   web.o

    ----------------------------------------------------------------------
     40364       3024      32676      34700      29340    1369700   Object Totals
         0          0         48          0          0          0   (incl. Generated)
        44          0          9          8          1          0   (incl. Padding)

    ----------------------------------------------------------------------

      Code (inc. data)   RO Data    RW Data    ZI Data      Debug   Library Member Name

      1458         18         22          0         92       1624   net_addr.o
      2938        152          0          0         24       1628   net_arp.o
       120          6        144          0          0         84   net_base64.o
       622         10         16          0          0       1340   net_common.o
      3816        150          0          0        160       1756   net_eth.o
      6946       1282        250         12        152       2940   net_http_server.o
       266         66         24          0          0        368   net_http_server_auth.o
         0          0        539          0          0          0   net_http_server_err.o
       640         48          0          1          0        236   net_icmp.o
       812         60          0          0          0        332   net_icmp6.o
      1220         92          4          8          0       1032   net_ip4.o
       706         34          0          4          0        544   net_ip4_frag.o
       876         80         32          4          0        720   net_ip6.o
       388         36         56          4          0        336   net_loopback.o
       592         64          0          0         20        564   net_mem.o
       576         58          8          1          0        268   net_nbns_client.o
      3058        106          0          0          0       1404   net_ndp.o
       220         40         18          0         44        300   net_ping_core.o
       904         78          0          0         44        664   net_sntp_client_core.o
       834         84          0          0         92       1012   net_sys.o
      6606        292          0          4          0       2808   net_tcp.o
      1436         88          0          2         28        852   net_udp.o
         0          0          4          0          0          0   net_version.o
        86          0          0          0          0          0   __dczerorl2.o
         0          0          0          0          0          0   entry.o
         0          0          0          0          0          0   entry10a.o
         0          0          0          0          0          0   entry11a.o
         4          0          0          0          0          0   entry12b.o
         8          4          0          0          0          0   entry2.o
         4          0          0          0          0          0   entry5.o
         0          0          0          0          0          0   entry7b.o
         0          0          0          0          0          0   entry8b.o
         8          4          0          0          0          0   entry9a.o
        30          0          0          0          0          0   handlers.o
        36          8          0          0          0         68   init.o
         0          0          0          0          0          0   iusefp.o
        30          0          0          0          0         68   llshl.o
        36          0          0          0          0         68   llsshr.o
        32          0          0          0          0         68   llushr.o
       148         10         12          0         44         76   localtime.o
        26          0          0          0          0         80   memcmp.o
        36          0          0          0          0         68   memcpya.o
        36          0          0          0          0        108   memseta.o
      2236         86          0          0          0        532   printfa.o
        28          0          0          0          0         76   strcmp.o
        18          0          0          0          0         68   strcpy.o
        14          0          0          0          0         68   strlen.o
        30          0          0          0          0         80   strncmp.o
        44          0          0          0          0         80   uidiv.o
        98          0          0          0          0         92   uldiv.o
        48          0          0          0          0         68   cdrcmple.o
       334          0          0          0          0        148   dadd.o
       222          0          0          0          0        100   ddiv.o
       186          0          0          0          0        176   depilogue.o
        48          0          0          0          0         68   dfixul.o
       228          0          0          0          0         96   dmul.o
        38          0          0          0          0         68   f2d.o
       110          0          0          0          0        168   fepilogue.o
        10          0          0          0          0         68   ffltui.o
       100          0          0          0          0         76   fmul.o

    ----------------------------------------------------------------------
     39400       2956       1132         44        704      23448   Library Totals
        54          0          3          4          4          0   (incl. Padding)

    ----------------------------------------------------------------------

      Code (inc. data)   RO Data    RW Data    ZI Data      Debug   Library Name

     35034       2844       1117         40        656      20812   Net_Dbg_CM3_L.lib
      2988        112         12          0         44       1600   mc_w.l
      1324          0          0          0          0       1036   mf_w.l

    ----------------------------------------------------------------------
     39400       2956       1132         44        704      23448   Library Totals

    ----------------------------------------------------------------------

==============================================================================


      Code (inc. data)   RO Data    RW Data    ZI Data      Debug   

     79764       5980      33808      34744      30044    1355992   Grand Totals
     79764       5980      33808        316      30044    1355992   ELF Image Totals (compressed)
     79764       5980      33808        316          0          0   ROM Totals

==============================================================================

    Total RO  Size (Code + RO Data)               113572 ( 110.91kB)
    Total RW  Size (RW Data + ZI Data)             64788 (  63.27kB)
    Total ROM Size (Code + RO Data + RW Data)     113888 ( 111.22kB)

==============================================================================

